******************************************************************************
                  TI ARM Linker PC v20.2.7                     
******************************************************************************
>> Linked Sat Mar 28 17:12:10 2026

OUTPUT FILE NAME:   <Lab7.out>
ENTRY POINT SYMBOL: "_c_int00_noargs"  address: 000031d9


MEMORY CONFIGURATION

         name            origin    length      used     unused   attr    fill
----------------------  --------  ---------  --------  --------  ----  --------
  FLASH                 00000000   00040000  00003555  0003caab  R  X
  SRAM                  20000000   00008000  000022fe  00005d02  RW X


SEGMENT ALLOCATION MAP

run origin  load origin   length   init length attrs members
----------  ----------- ---------- ----------- ----- -------
00000000    00000000    00003558   00003558    r-x
  00000000    00000000    0000026c   0000026c    r-- .intvecs
  0000026c    0000026c    00003198   00003198    r-x .text
  00003404    00003404    00000109   00000109    r-- .const
  00003510    00003510    00000048   00000048    r-- .cinit
20000000    20000000    00002305   00000000    rw-
  20000000    20000000    0000026c   00000000    rw- .vtable
  20000270    20000270    00001000   00000000    rw- .stack
  20001270    20001270    00001000   00000000    rw- .sysmem
  20002270    20002270    00000071   00000000    rw- .bss
  200022e4    200022e4    00000021   00000000    rw- .data


SECTION ALLOCATION MAP

 output                                  attributes/
section   page    origin      length       input sections
--------  ----  ----------  ----------   ----------------
.intvecs   0    00000000    0000026c     
                  00000000    0000026c     tm4c123gh6pm_startup_ccs.obj (.intvecs)

.text      0    0000026c    00003198     
                  0000026c    00000a4e     rtsv7M4_T_le_v4SPD16_eabi.lib : _printfi.c.obj (.text:__TI_printfi)
                  00000cba    00000002                                   : _lock.c.obj (.text:_nop)
                  00000cbc    00000328     lcd.obj (.text)
                  00000fe4    00000270     rtsv7M4_T_le_v4SPD16_eabi.lib : _printfi.c.obj (.text:_pconv_a)
                  00001254    00000260     libcybotScan.lib : cyBot_Scan.obj (.text)
                  000014b4    00000258     lab6-interrupt_template.obj (.text)
                  0000170c    00000248     Timer.obj (.text)
                  00001954    000001ec     libcybotScan.lib : ping.obj (.text)
                  00001b40    000001d0     rtsv7M4_T_le_v4SPD16_eabi.lib : _printfi.c.obj (.text:_pconv_g)
                  00001d10    000001b6                                   : fd_add_t2.asm.obj (.text)
                  00001ec6    00000002                                   : div0.asm.obj (.text)
                  00001ec8    000001ac     uart-interrupt.obj (.text)
                  00002074    00000158     libcybotScan.lib : servo.obj (.text)
                  000021cc    0000013c     rtsv7M4_T_le_v4SPD16_eabi.lib : _printfi.c.obj (.text:_pconv_e)
                  00002308    00000136                                   : fd_div_t2.asm.obj (.text)
                  0000243e    00000002     --HOLE-- [fill = 0]
                  00002440    00000124                                   : _printfi.c.obj (.text:fcvt)
                  00002564    00000118     libcybotScan.lib : ir.obj (.text)
                  0000267c    00000110     rtsv7M4_T_le_v4SPD16_eabi.lib : s_scalbn.c.obj (.text:scalbn)
                  0000278c    00000100                                   : memory.c.obj (.text:aligned_alloc)
                  0000288c    000000fc                                   : fd_mul_t2.asm.obj (.text)
                  00002988    000000b1                                   : _printfi.c.obj (.text:_ltostr)
                  00002a39    00000001     --HOLE-- [fill = 0]
                  00002a3a    0000009c                                   : memcpy_t2.asm.obj (.text)
                  00002ad6    00000096                                   : ull_div_t2.asm.obj (.text)
                  00002b6c    00000086                                   : fd_cmp_t2.asm.obj (.text:__aeabi_cdcmple)
                  00002bf2    00000086                                   : fd_cmp_t2.asm.obj (.text:__aeabi_cdrcmple)
                  00002c78    0000007a                                   : memset_t2.asm.obj (.text)
                  00002cf2    00000002     --HOLE-- [fill = 0]
                  00002cf4    00000070                                   : memory.c.obj (.text:split)
                  00002d64    0000006e                                   : _printfi.c.obj (.text:_mcpy)
                  00002dd2    00000068                                   : copy_decompress_lzss.c.obj (.text:decompress:lzss:__TI_decompress_lzss)
                  00002e3a    00000002     --HOLE-- [fill = 0]
                  00002e3c    00000064                                   : s_frexp.c.obj (.text:frexp)
                  00002ea0    00000056                                   : _printfi.c.obj (.text:_pconv_f)
                  00002ef6    00000054                                   : _ltoa.c.obj (.text:__TI_ltoa)
                  00002f4a    00000052                                   : _printfi.c.obj (.text:_ecpy)
                  00002f9c    0000004c                                   : atoi.c.obj (.text:atoi)
                  00002fe8    00000048                                   : fd_toi_t2.asm.obj (.text)
                  00003030    00000044                                   : autoinit.c.obj (.text:__TI_auto_init_nobinit_nopinit:__TI_auto_init_nobinit_nopinit)
                  00003074    00000040                                   : sprintf.c.obj (.text:sprintf)
                  000030b4    00000040                                   : vsnprintf.c.obj (.text:vsnprintf)
                  000030f4    0000003e                                   : _printfi.c.obj (.text:_fcpy)
                  00003132    00000002     --HOLE-- [fill = 0]
                  00003134    00000038                                   : memory.c.obj (.text:calloc)
                  0000316c    00000038                                   : fs_tod_t2.asm.obj (.text)
                  000031a4    00000034     driverlib.lib : interrupt.obj (.text:IntRegister)
                  000031d8    00000034     rtsv7M4_T_le_v4SPD16_eabi.lib : boot_cortex_m.c.obj (.text:_c_int00_noargs:_c_int00_noargs)
                  0000320c    00000030                                   : vsnprintf.c.obj (.text:_outs)
                  0000323c    0000002e                                   : i_tofd_t2.asm.obj (.text)
                  0000326a    00000002     --HOLE-- [fill = 0]
                  0000326c    00000028                                   : memory.c.obj (.text:free_list_insert)
                  00003294    0000001c                                   : copy_zero_init.c.obj (.text:decompress:ZI:__TI_zero_init_nomemset:__TI_zero_init_nomemset)
                  000032b0    0000001c                                   : memory.c.obj (.text:free_list_remove)
                  000032cc    0000001c                                   : memccpy.c.obj (.text:memccpy)
                  000032e8    0000001a                                   : s_copysign.c.obj (.text:copysign)
                  00003302    00000018                                   : vsnprintf.c.obj (.text:_outc)
                  0000331a    00000018                                   : sprintf.c.obj (.text:_outs)
                  00003332    00000018                                   : strcmp.c.obj (.text:strcmp)
                  0000334a    00000016                                   : strchr.c.obj (.text:strchr)
                  00003360    00000014                                   : strcpy.c.obj (.text:strcpy)
                  00003374    00000014                                   : strlen.c.obj (.text:strlen)
                  00003388    00000012                                   : wcslen.c.obj (.text:wcslen)
                  0000339a    00000010     driverlib.lib : interrupt.obj (.text:IntMasterEnable)
                  000033aa    00000010     lcd.obj (.text:lcd_clear)
                  000033ba    0000000e     rtsv7M4_T_le_v4SPD16_eabi.lib : copy_decompress_none.c.obj (.text:decompress:none:__TI_decompress_none)
                  000033c8    0000000c     driverlib.lib : cpu.obj (.text:CPUcpsie)
                  000033d4    0000000c     tm4c123gh6pm_startup_ccs.obj (.text)
                  000033e0    0000000a     rtsv7M4_T_le_v4SPD16_eabi.lib : sprintf.c.obj (.text:_outc)
                  000033ea    00000002     --HOLE-- [fill = 0]
                  000033ec    00000008                                   : errno.c.obj (.text:__aeabi_errno_addr)
                  000033f4    00000008                                   : memory.c.obj (.text:malloc)
                  000033fc    00000004                                   : pre_init.c.obj (.text:_system_pre_init)
                  00003400    00000004                                   : exit.c.obj (.text:abort:abort)

.const     0    00003404    00000109     
                  00003404    00000101     rtsv7M4_T_le_v4SPD16_eabi.lib : ctype.c.obj (.const:.string:_ctypes_)
                  00003505    00000004     lcd.obj (.const:.string:lineAddress$1)
                  00003509    00000004     lcd.obj (.const:.string:lineAddresses$2)

.cinit     0    00003510    00000048     
                  00003510    00000014     (.cinit..data.load) [load image, compression = lzss]
                  00003524    0000000c     (__TI_handler_table)
                  00003530    00000008     (.cinit..bss.load) [load image, compression = zero_init]
                  00003538    00000008     (.cinit..vtable.load) [load image, compression = zero_init]
                  00003540    00000018     (__TI_cinit_table)

.init_array 
*          0    00000000    00000000     UNINITIALIZED

.vtable    0    20000000    0000026c     UNINITIALIZED
                  20000000    0000026c     driverlib.lib : interrupt.obj (.vtable)

.stack     0    20000270    00001000     UNINITIALIZED
                  20000270    00000004     rtsv7M4_T_le_v4SPD16_eabi.lib : boot_cortex_m.c.obj (.stack)
                  20000274    00000ffc     --HOLE--

.sysmem    0    20001270    00001000     UNINITIALIZED
                  20001270    00000010     rtsv7M4_T_le_v4SPD16_eabi.lib : memory.c.obj (.sysmem)
                  20001280    00000ff0     --HOLE--

.bss       0    20002270    00000071     UNINITIALIZED
                  20002270    00000054     lcd.obj (.bss:lastbuffer$3)
                  200022c4    00000004     (.common:_timeout_ticks)
                  200022c8    00000004     (.common:fallingEdge)
                  200022cc    00000004     (.common:isr_int_value)
                  200022d0    00000004     (.common:left_calibration_value)
                  200022d4    00000004     (.common:pulseLength)
                  200022d8    00000004     (.common:right_calibration_value)
                  200022dc    00000004     (.common:risingEdge)
                  200022e0    00000001     (.common:isRisingEdge)

.data      0    200022e4    00000021     UNINITIALIZED
                  200022e4    00000008     rtsv7M4_T_le_v4SPD16_eabi.lib : _lock.c.obj (.data:$O1$$)
                  200022ec    00000008                                   : memory.c.obj (.data:$O1$$)
                  200022f4    00000008     uart-interrupt.obj (.data)
                  200022fc    00000004     libcybotScan.lib : cyBot_Scan.obj (.data)
                  20002300    00000004     rtsv7M4_T_le_v4SPD16_eabi.lib : errno.c.obj (.data)
                  20002304    00000001     Timer.obj (.data)

__llvm_prf_cnts 
*          0    20000000    00000000     UNINITIALIZED

MODULE SUMMARY

       Module                         code    ro data   rw data
       ------                         ----    -------   -------
    .\
       lcd.obj                        824     8         84     
       tm4c123gh6pm_startup_ccs.obj   12      620       0      
       lab6-interrupt_template.obj    600     0         8      
       Timer.obj                      584     0         5      
       uart-interrupt.obj             428     0         8      
    +--+------------------------------+-------+---------+---------+
       Total:                         2448    628       105    
                                                               
    ../libcybotScan.lib
       cyBot_Scan.obj                 608     0         4      
       ping.obj                       492     0         13     
       servo.obj                      344     0         0      
       ir.obj                         280     0         4      
    +--+------------------------------+-------+---------+---------+
       Total:                         1724    0         21     
                                                               
    C:/ti/TivaWare_C_Series-2.2.0.295/driverlib/ccs/Debug/driverlib.lib
       interrupt.obj                  68      0         620    
       cpu.obj                        12      0         0      
    +--+------------------------------+-------+---------+---------+
       Total:                         80      0         620    
                                                               
    C:\ti\ccs1271\ccs\tools\compiler\ti-cgt-arm_20.2.7.LTS\lib\rtsv7M4_T_le_v4SPD16_eabi.lib
       _printfi.c.obj                 4851    0         0      
       memory.c.obj                   500     0         8      
       fd_add_t2.asm.obj              438     0         0      
       fd_div_t2.asm.obj              310     0         0      
       s_scalbn.c.obj                 272     0         0      
       fd_cmp_t2.asm.obj              268     0         0      
       ctype.c.obj                    0       257       0      
       fd_mul_t2.asm.obj              252     0         0      
       memcpy_t2.asm.obj              156     0         0      
       ull_div_t2.asm.obj             150     0         0      
       vsnprintf.c.obj                136     0         0      
       memset_t2.asm.obj              122     0         0      
       copy_decompress_lzss.c.obj     104     0         0      
       s_frexp.c.obj                  100     0         0      
       sprintf.c.obj                  98      0         0      
       _ltoa.c.obj                    84      0         0      
       atoi.c.obj                     76      0         0      
       fd_toi_t2.asm.obj              72      0         0      
       autoinit.c.obj                 68      0         0      
       fs_tod_t2.asm.obj              56      0         0      
       boot_cortex_m.c.obj            52      0         0      
       i_tofd_t2.asm.obj              46      0         0      
       copy_zero_init.c.obj           28      0         0      
       memccpy.c.obj                  28      0         0      
       s_copysign.c.obj               26      0         0      
       strcmp.c.obj                   24      0         0      
       strchr.c.obj                   22      0         0      
       strcpy.c.obj                   20      0         0      
       strlen.c.obj                   20      0         0      
       wcslen.c.obj                   18      0         0      
       copy_decompress_none.c.obj     14      0         0      
       errno.c.obj                    8       0         4      
       _lock.c.obj                    2       0         8      
       exit.c.obj                     4       0         0      
       pre_init.c.obj                 4       0         0      
       div0.asm.obj                   2       0         0      
    +--+------------------------------+-------+---------+---------+
       Total:                         8431    257       20     
                                                               
       Heap:                          0       0         4096   
       Stack:                         0       0         4096   
       Linker Generated:              0       72        0      
    +--+------------------------------+-------+---------+---------+
       Grand Total:                   12683   957       8958   


LINKER GENERATED COPY TABLES

__TI_cinit_table @ 00003540 records: 3, size/record: 8, table size: 24
	.data: load addr=00003510, load size=00000014 bytes, run addr=200022e4, run size=00000021 bytes, compression=lzss
	.bss: load addr=00003530, load size=00000008 bytes, run addr=20002270, run size=00000071 bytes, compression=zero_init
	.vtable: load addr=00003538, load size=00000008 bytes, run addr=20000000, run size=0000026c bytes, compression=zero_init


LINKER GENERATED HANDLER TABLE

__TI_handler_table @ 00003524 records: 3, size/record: 4, table size: 12
	index: 0, handler: __TI_zero_init
	index: 1, handler: __TI_decompress_lzss
	index: 2, handler: __TI_decompress_none


GLOBAL SYMBOLS: SORTED ALPHABETICALLY BY Name 

address   name                          
-------   ----                          
000025fd  ADC0SS0_Handler               
00003401  C$$EXIT                       
000033c9  CPUcpsie                      
0000339b  IntMasterEnable               
000031a5  IntRegister                   
000033d5  ResetISR                      
00001a45  TIMER3B_Handler               
00001fc7  UART1_Handler                 
20001270  __STACK_END                   
00001000  __STACK_SIZE                  
20000470  __STACK_TOP                   
00001000  __SYSMEM_SIZE                 
00003540  __TI_CINIT_Base               
00003558  __TI_CINIT_Limit              
00003524  __TI_Handler_Table_Base       
00003530  __TI_Handler_Table_Limit      
00003031  __TI_auto_init_nobinit_nopinit
00002dd3  __TI_decompress_lzss          
000033bb  __TI_decompress_none          
00002ef7  __TI_ltoa                     
ffffffff  __TI_pprof_out_hndl           
0000026d  __TI_printfi                  
ffffffff  __TI_prof_data_size           
ffffffff  __TI_prof_data_start          
00000000  __TI_static_base__            
00003295  __TI_zero_init_nomemset       
00002b6d  __aeabi_cdcmpeq               
00002b6d  __aeabi_cdcmple               
00002bf3  __aeabi_cdrcmple              
00002fe9  __aeabi_d2iz                  
00001d1b  __aeabi_dadd                  
00002309  __aeabi_ddiv                  
0000288d  __aeabi_dmul                  
00001d11  __aeabi_dsub                  
000033ed  __aeabi_errno_addr            
0000316d  __aeabi_f2d                   
0000323d  __aeabi_i2d                   
00001ec7  __aeabi_idiv0                 
00001ec7  __aeabi_ldiv0                 
00002c79  __aeabi_memclr                
00002c79  __aeabi_memclr4               
00002c79  __aeabi_memclr8               
00002a3b  __aeabi_memcpy                
00002a3b  __aeabi_memcpy4               
00002a3b  __aeabi_memcpy8               
00002c7b  __aeabi_memset                
00002c7b  __aeabi_memset4               
00002c7b  __aeabi_memset8               
00002ad7  __aeabi_uldivmod              
ffffffff  __binit__                     
ffffffff  __c_args__                    
UNDEFED   __mpu_init                    
20000270  __stack                       
20000000  __start___llvm_prf_cnts       
20000000  __stop___llvm_prf_cnts        
000031d9  _c_int00_noargs               
00003404  _ctypes_                      
200022e4  _lock                         
00000cbb  _nop                          
20002304  _running                      
20001270  _sys_memory                   
UNDEFED   _system_post_cinit            
000033fd  _system_pre_init              
200022c4  _timeout_ticks                
200022e8  _unlock                       
00003401  abort                         
0000278d  aligned_alloc                 
00002f9d  atoi                          
000014b5  avgIR                         
ffffffff  binit                         
00003135  calloc                        
200022f4  command_byte                  
200022f8  command_flag                  
000032e9  copysign                      
000032e9  copysignl                     
0000132d  cyBOT_SERVO_cal               
000012bb  cyBOT_Scan                    
00001263  cyBOT_init_Scan               
200022fc  cyBOT_scan_features           
00001255  cyBOT_scan_version            
00001517  detectObject                  
20002300  errno                         
200022c8  fallingEdge                   
00002e3d  frexp                         
00002e3d  frexpl                        
20000000  g_pfnRAMVectors               
00000000  g_pfnVectors                  
00002613  ir_enableInterrupt            
000025f5  ir_getDistance                
000025cd  ir_getValue                   
00002565  ir_init                       
200022e0  isRisingEdge                  
200022cc  isr_int_value                 
000033ab  lcd_clear                     
00000e91  lcd_gotoLine                  
00000cf9  lcd_init                      
00000ef7  lcd_printf                    
00000db9  lcd_putc                      
00000df1  lcd_puts                      
00000cbd  lcd_reverseNibble             
00000e0f  lcd_sendCommand               
00000e4d  lcd_sendNibble                
00000eb9  lcd_setCursorPos              
0000267d  ldexp                         
0000267d  ldexpl                        
200022d0  left_calibration_value        
0000165f  main                          
000033f5  malloc                        
0000278d  memalign                      
000032cd  memccpy                       
00002a3b  memcpy                        
00002c81  memset                        
00001a97  ping_getDistance              
00001955  ping_init                     
000019db  ping_trigger                  
200022d4  pulseLength                   
200022d8  right_calibration_value       
200022dc  risingEdge                    
0000267d  scalbn                        
0000267d  scalbnl                       
00002075  servo_init                    
00002105  servo_move                    
00002165  servo_setPWM                  
000020f9  servo_stop                    
00003075  sprintf                       
0000334b  strchr                        
00003333  strcmp                        
00003361  strcpy                        
00003375  strlen                        
0000182b  timer_getMicros               
000017d3  timer_getMillis               
0000170d  timer_init                    
000017af  timer_pause                   
000017c1  timer_resume                  
00001785  timer_stop                    
00001885  timer_waitMicros              
000018b7  timer_waitMillis              
00001ec9  uart_interrupt_init           
00001f8d  uart_sendChar                 
00001fa9  uart_sendStr                  
000030b5  vsnprintf                     
00003389  wcslen                        


GLOBAL SYMBOLS: SORTED BY Symbol Address 

address   name                          
-------   ----                          
00000000  __TI_static_base__            
00000000  g_pfnVectors                  
0000026d  __TI_printfi                  
00000cbb  _nop                          
00000cbd  lcd_reverseNibble             
00000cf9  lcd_init                      
00000db9  lcd_putc                      
00000df1  lcd_puts                      
00000e0f  lcd_sendCommand               
00000e4d  lcd_sendNibble                
00000e91  lcd_gotoLine                  
00000eb9  lcd_setCursorPos              
00000ef7  lcd_printf                    
00001000  __STACK_SIZE                  
00001000  __SYSMEM_SIZE                 
00001255  cyBOT_scan_version            
00001263  cyBOT_init_Scan               
000012bb  cyBOT_Scan                    
0000132d  cyBOT_SERVO_cal               
000014b5  avgIR                         
00001517  detectObject                  
0000165f  main                          
0000170d  timer_init                    
00001785  timer_stop                    
000017af  timer_pause                   
000017c1  timer_resume                  
000017d3  timer_getMillis               
0000182b  timer_getMicros               
00001885  timer_waitMicros              
000018b7  timer_waitMillis              
00001955  ping_init                     
000019db  ping_trigger                  
00001a45  TIMER3B_Handler               
00001a97  ping_getDistance              
00001d11  __aeabi_dsub                  
00001d1b  __aeabi_dadd                  
00001ec7  __aeabi_idiv0                 
00001ec7  __aeabi_ldiv0                 
00001ec9  uart_interrupt_init           
00001f8d  uart_sendChar                 
00001fa9  uart_sendStr                  
00001fc7  UART1_Handler                 
00002075  servo_init                    
000020f9  servo_stop                    
00002105  servo_move                    
00002165  servo_setPWM                  
00002309  __aeabi_ddiv                  
00002565  ir_init                       
000025cd  ir_getValue                   
000025f5  ir_getDistance                
000025fd  ADC0SS0_Handler               
00002613  ir_enableInterrupt            
0000267d  ldexp                         
0000267d  ldexpl                        
0000267d  scalbn                        
0000267d  scalbnl                       
0000278d  aligned_alloc                 
0000278d  memalign                      
0000288d  __aeabi_dmul                  
00002a3b  __aeabi_memcpy                
00002a3b  __aeabi_memcpy4               
00002a3b  __aeabi_memcpy8               
00002a3b  memcpy                        
00002ad7  __aeabi_uldivmod              
00002b6d  __aeabi_cdcmpeq               
00002b6d  __aeabi_cdcmple               
00002bf3  __aeabi_cdrcmple              
00002c79  __aeabi_memclr                
00002c79  __aeabi_memclr4               
00002c79  __aeabi_memclr8               
00002c7b  __aeabi_memset                
00002c7b  __aeabi_memset4               
00002c7b  __aeabi_memset8               
00002c81  memset                        
00002dd3  __TI_decompress_lzss          
00002e3d  frexp                         
00002e3d  frexpl                        
00002ef7  __TI_ltoa                     
00002f9d  atoi                          
00002fe9  __aeabi_d2iz                  
00003031  __TI_auto_init_nobinit_nopinit
00003075  sprintf                       
000030b5  vsnprintf                     
00003135  calloc                        
0000316d  __aeabi_f2d                   
000031a5  IntRegister                   
000031d9  _c_int00_noargs               
0000323d  __aeabi_i2d                   
00003295  __TI_zero_init_nomemset       
000032cd  memccpy                       
000032e9  copysign                      
000032e9  copysignl                     
00003333  strcmp                        
0000334b  strchr                        
00003361  strcpy                        
00003375  strlen                        
00003389  wcslen                        
0000339b  IntMasterEnable               
000033ab  lcd_clear                     
000033bb  __TI_decompress_none          
000033c9  CPUcpsie                      
000033d5  ResetISR                      
000033ed  __aeabi_errno_addr            
000033f5  malloc                        
000033fd  _system_pre_init              
00003401  C$$EXIT                       
00003401  abort                         
00003404  _ctypes_                      
00003524  __TI_Handler_Table_Base       
00003530  __TI_Handler_Table_Limit      
00003540  __TI_CINIT_Base               
00003558  __TI_CINIT_Limit              
20000000  __start___llvm_prf_cnts       
20000000  __stop___llvm_prf_cnts        
20000000  g_pfnRAMVectors               
20000270  __stack                       
20000470  __STACK_TOP                   
20001270  __STACK_END                   
20001270  _sys_memory                   
200022c4  _timeout_ticks                
200022c8  fallingEdge                   
200022cc  isr_int_value                 
200022d0  left_calibration_value        
200022d4  pulseLength                   
200022d8  right_calibration_value       
200022dc  risingEdge                    
200022e0  isRisingEdge                  
200022e4  _lock                         
200022e8  _unlock                       
200022f4  command_byte                  
200022f8  command_flag                  
200022fc  cyBOT_scan_features           
20002300  errno                         
20002304  _running                      
ffffffff  __TI_pprof_out_hndl           
ffffffff  __TI_prof_data_size           
ffffffff  __TI_prof_data_start          
ffffffff  __binit__                     
ffffffff  __c_args__                    
ffffffff  binit                         
UNDEFED   __mpu_init                    
UNDEFED   _system_post_cinit            

[142 symbols]
