******************************************************************************
                  TI ARM Linker PC v20.2.7                     
******************************************************************************
>> Linked Mon Mar 30 02:54:57 2026

OUTPUT FILE NAME:   <Lab7.out>
ENTRY POINT SYMBOL: "_c_int00_noargs"  address: 000059c9


MEMORY CONFIGURATION

         name            origin    length      used     unused   attr    fill
----------------------  --------  ---------  --------  --------  ----  --------
  FLASH                 00000000   00040000  00005f7b  0003a085  R  X
  SRAM                  20000000   00008000  00002336  00005cca  RW X


SEGMENT ALLOCATION MAP

run origin  load origin   length   init length attrs members
----------  ----------- ---------- ----------- ----- -------
00000000    00000000    00005f80   00005f80    r-x
  00000000    00000000    0000026c   0000026c    r-- .intvecs
  0000026c    0000026c    000059c4   000059c4    r-x .text
  00005c30    00005c30    000002f3   000002f3    r-- .const
  00005f28    00005f28    00000058   00000058    r-- .cinit
20000000    20000000    0000233d   00000000    rw-
  20000000    20000000    0000026c   00000000    rw- .vtable
  20000270    20000270    00001000   00000000    rw- .stack
  20001270    20001270    00001000   00000000    rw- .sysmem
  20002270    20002270    00000089   00000000    rw- .bss
  200022fc    200022fc    00000041   00000000    rw- .data


SECTION ALLOCATION MAP

 output                                  attributes/
section   page    origin      length       input sections
--------  ----  ----------  ----------   ----------------
.intvecs   0    00000000    0000026c     
                  00000000    0000026c     tm4c123gh6pm_startup_ccs.obj (.intvecs)

.text      0    0000026c    000059c4     
                  0000026c    00000c20     open_interface.obj (.text)
                  00000e8c    00000a4e     rtsv7M4_T_le_v4SPD16_eabi.lib : _printfi.c.obj (.text:__TI_printfi)
                  000018da    00000002                                   : _lock.c.obj (.text:_nop)
                  000018dc    00000934     lab6-interrupt_template.obj (.text)
                  00002210    00000738     rtsv7M4_T_le_v4SPD16_eabi.lib : k_rem_pio2.c.obj (.text:__kernel_rem_pio2)
                  00002948    00000508                                   : s_tan.c.obj (.text:tan)
                  00002e50    00000344     movement.obj (.text)
                  00003194    00000328     lcd.obj (.text)
                  000034bc    0000031c     rtsv7M4_T_le_v4SPD16_eabi.lib : k_tan.c.obj (.text:__kernel_tan)
                  000037d8    00000270                                   : _printfi.c.obj (.text:_pconv_a)
                  00003a48    00000260     libcybotScan.lib : cyBot_Scan.obj (.text)
                  00003ca8    00000248     Timer.obj (.text)
                  00003ef0    000001ec     libcybotScan.lib : ping.obj (.text)
                  000040dc    000001d0     rtsv7M4_T_le_v4SPD16_eabi.lib : _printfi.c.obj (.text:_pconv_g)
                  000042ac    000001b6                                   : fd_add_t2.asm.obj (.text)
                  00004462    00000002                                   : div0.asm.obj (.text)
                  00004464    000001ac     uart-interrupt.obj (.text)
                  00004610    00000158     libcybotScan.lib : servo.obj (.text)
                  00004768    0000013c     rtsv7M4_T_le_v4SPD16_eabi.lib : _printfi.c.obj (.text:_pconv_e)
                  000048a4    00000136                                   : fd_div_t2.asm.obj (.text)
                  000049da    00000002     --HOLE-- [fill = 0]
                  000049dc    00000124                                   : _printfi.c.obj (.text:fcvt)
                  00004b00    00000118     libcybotScan.lib : ir.obj (.text)
                  00004c18    00000110     rtsv7M4_T_le_v4SPD16_eabi.lib : s_scalbn.c.obj (.text:scalbn)
                  00004d28    00000100                                   : memory.c.obj (.text:aligned_alloc)
                  00004e28    000000fc                                   : fd_mul_t2.asm.obj (.text)
                  00004f24    000000f8                                   : s_floor.c.obj (.text:floor)
                  0000501c    000000e4                                   : memory.c.obj (.text:free)
                  00005100    000000b1                                   : _printfi.c.obj (.text:_ltostr)
                  000051b1    00000001     --HOLE-- [fill = 0]
                  000051b2    0000009c                                   : memcpy_t2.asm.obj (.text)
                  0000524e    00000096                                   : ull_div_t2.asm.obj (.text)
                  000052e4    00000086                                   : fd_cmp_t2.asm.obj (.text:__aeabi_cdcmple)
                  0000536a    00000086                                   : fd_cmp_t2.asm.obj (.text:__aeabi_cdrcmple)
                  000053f0    0000007a                                   : memset_t2.asm.obj (.text)
                  0000546a    00000002     --HOLE-- [fill = 0]
                  0000546c    00000070                                   : memory.c.obj (.text:split)
                  000054dc    0000006e                                   : _printfi.c.obj (.text:_mcpy)
                  0000554a    0000006e                                   : fd_tos_t2.asm.obj (.text)
                  000055b8    00000068                                   : copy_decompress_lzss.c.obj (.text:decompress:lzss:__TI_decompress_lzss)
                  00005620    00000064                                   : s_frexp.c.obj (.text:frexp)
                  00005684    00000056                                   : _printfi.c.obj (.text:_pconv_f)
                  000056da    00000054                                   : _ltoa.c.obj (.text:__TI_ltoa)
                  0000572e    00000052                                   : _printfi.c.obj (.text:_ecpy)
                  00005780    0000004c                                   : atoi.c.obj (.text:atoi)
                  000057cc    0000004c                                   : snprintf.c.obj (.text:snprintf)
                  00005818    00000048                                   : fd_toi_t2.asm.obj (.text)
                  00005860    00000044                                   : autoinit.c.obj (.text:__TI_auto_init_nobinit_nopinit:__TI_auto_init_nobinit_nopinit)
                  000058a4    00000040                                   : vsnprintf.c.obj (.text:vsnprintf)
                  000058e4    0000003e                                   : _printfi.c.obj (.text:_fcpy)
                  00005922    00000002     --HOLE-- [fill = 0]
                  00005924    00000038                                   : memory.c.obj (.text:calloc)
                  0000595c    00000038                                   : fs_tod_t2.asm.obj (.text)
                  00005994    00000034     driverlib.lib : interrupt.obj (.text:IntRegister)
                  000059c8    00000034     rtsv7M4_T_le_v4SPD16_eabi.lib : boot_cortex_m.c.obj (.text:_c_int00_noargs:_c_int00_noargs)
                  000059fc    00000030                                   : snprintf.c.obj (.text:_outs)
                  00005a2c    00000030                                   : vsnprintf.c.obj (.text:_outs)
                  00005a5c    0000002e                                   : i_tofd_t2.asm.obj (.text)
                  00005a8a    00000002     --HOLE-- [fill = 0]
                  00005a8c    00000028                                   : memory.c.obj (.text:free_list_insert)
                  00005ab4    0000001c                                   : copy_zero_init.c.obj (.text:decompress:ZI:__TI_zero_init_nomemset:__TI_zero_init_nomemset)
                  00005ad0    0000001c                                   : memory.c.obj (.text:free_list_remove)
                  00005aec    0000001c                                   : memccpy.c.obj (.text:memccpy)
                  00005b08    0000001a                                   : s_copysign.c.obj (.text:copysign)
                  00005b22    00000018                                   : snprintf.c.obj (.text:_outc)
                  00005b3a    00000018                                   : vsnprintf.c.obj (.text:_outc)
                  00005b52    00000018     open_interface.obj (.text:oi_parseInt)
                  00005b6a    00000018     rtsv7M4_T_le_v4SPD16_eabi.lib : strcmp.c.obj (.text:strcmp)
                  00005b82    00000016                                   : strchr.c.obj (.text:strchr)
                  00005b98    00000014                                   : strcpy.c.obj (.text:strcpy)
                  00005bac    00000014                                   : strlen.c.obj (.text:strlen)
                  00005bc0    00000012                                   : wcslen.c.obj (.text:wcslen)
                  00005bd2    00000010     driverlib.lib : interrupt.obj (.text:IntMasterEnable)
                  00005be2    00000010     lcd.obj (.text:lcd_clear)
                  00005bf2    0000000e     rtsv7M4_T_le_v4SPD16_eabi.lib : copy_decompress_none.c.obj (.text:decompress:none:__TI_decompress_none)
                  00005c00    0000000c     driverlib.lib : cpu.obj (.text:CPUcpsie)
                  00005c0c    0000000c     tm4c123gh6pm_startup_ccs.obj (.text)
                  00005c18    00000008     rtsv7M4_T_le_v4SPD16_eabi.lib : errno.c.obj (.text:__aeabi_errno_addr)
                  00005c20    00000008                                   : memory.c.obj (.text:malloc)
                  00005c28    00000004                                   : pre_init.c.obj (.text:_system_pre_init)
                  00005c2c    00000004                                   : exit.c.obj (.text:abort:abort)

.const     0    00005c30    000002f3     
                  00005c30    00000158     rtsv7M4_T_le_v4SPD16_eabi.lib : k_rem_pio2.c.obj (.const:$O1$$)
                  00005d88    00000101                                   : ctype.c.obj (.const:.string:_ctypes_)
                  00005e89    00000004     lcd.obj (.const:.string:lineAddress$1)
                  00005e8d    00000003     --HOLE-- [fill = 0]
                  00005e90    00000080     rtsv7M4_T_le_v4SPD16_eabi.lib : k_tan.c.obj (.const:xxx)
                  00005f10    0000000f     open_interface.obj (.const:.string:$P$T0$3)
                  00005f1f    00000004     lcd.obj (.const:.string:lineAddresses$2)

.cinit     0    00005f28    00000058     
                  00005f28    0000001e     (.cinit..data.load) [load image, compression = lzss]
                  00005f46    00000002     --HOLE-- [fill = 0]
                  00005f48    0000000c     (__TI_handler_table)
                  00005f54    00000004     --HOLE-- [fill = 0]
                  00005f58    00000008     (.cinit..bss.load) [load image, compression = zero_init]
                  00005f60    00000008     (.cinit..vtable.load) [load image, compression = zero_init]
                  00005f68    00000018     (__TI_cinit_table)

.init_array 
*          0    00000000    00000000     UNINITIALIZED

.vtable    0    20000000    0000026c     UNINITIALIZED
                  20000000    0000026c     driverlib.lib : interrupt.obj (.vtable)

.stack     0    20000270    00001000     UNINITIALIZED
                  20000270    00000004     rtsv7M4_T_le_v4SPD16_eabi.lib : boot_cortex_m.c.obj (.stack)
                  20000274    00000ffc     --HOLE--

.sysmem    0    20001270    00001000     UNINITIALIZED
                  20001270    00000010     rtsv7M4_T_le_v4SPD16_eabi.lib : memory.c.obj (.sysmem)
                  20001280    00000ff0     --HOLE--

.bss       0    20002270    00000089     UNINITIALIZED
                  20002270    00000054     lcd.obj (.bss:lastbuffer$3)
                  200022c4    00000018     open_interface.obj (.bss:firmware$2)
                  200022dc    00000004     (.common:_timeout_ticks)
                  200022e0    00000004     (.common:fallingEdge)
                  200022e4    00000004     (.common:isr_int_value)
                  200022e8    00000004     (.common:left_calibration_value)
                  200022ec    00000004     (.common:pulseLength)
                  200022f0    00000004     (.common:right_calibration_value)
                  200022f4    00000004     (.common:risingEdge)
                  200022f8    00000001     (.common:isRisingEdge)

.data      0    200022fc    00000041     UNINITIALIZED
                  200022fc    00000020     open_interface.obj (.data)
                  2000231c    00000008     rtsv7M4_T_le_v4SPD16_eabi.lib : _lock.c.obj (.data:$O1$$)
                  20002324    00000008                                   : memory.c.obj (.data:$O1$$)
                  2000232c    00000008     uart-interrupt.obj (.data)
                  20002334    00000004     libcybotScan.lib : cyBot_Scan.obj (.data)
                  20002338    00000004     rtsv7M4_T_le_v4SPD16_eabi.lib : errno.c.obj (.data)
                  2000233c    00000001     Timer.obj (.data)

__llvm_prf_cnts 
*          0    20000000    00000000     UNINITIALIZED

MODULE SUMMARY

       Module                         code    ro data   rw data
       ------                         ----    -------   -------
    .\
       open_interface.obj             3128    15        56     
       lab6-interrupt_template.obj    2356    0         8      
       lcd.obj                        824     8         84     
       movement.obj                   836     0         0      
       tm4c123gh6pm_startup_ccs.obj   12      620       0      
       Timer.obj                      584     0         5      
       uart-interrupt.obj             428     0         8      
    +--+------------------------------+-------+---------+---------+
       Total:                         8168    643       161    
                                                               
    ../libcybotScan.lib
       cyBot_Scan.obj                 608     0         4      
       ping.obj                       492     0         13     
       servo.obj                      344     0         0      
       ir.obj                         280     0         4      
    +--+------------------------------+-------+---------+---------+
       Total:                         1724    0         21     
                                                               
    C:/ti/TivaWare_C_Series-2.2.0.295/driverlib/ccs/Debug/driverlib.lib
       interrupt.obj                  68      0         620    
       cpu.obj                        12      0         0      
    +--+------------------------------+-------+---------+---------+
       Total:                         80      0         620    
                                                               
    C:\ti\ccs1271\ccs\tools\compiler\ti-cgt-arm_20.2.7.LTS\lib\rtsv7M4_T_le_v4SPD16_eabi.lib
       _printfi.c.obj                 4851    0         0      
       k_rem_pio2.c.obj               1848    344       0      
       s_tan.c.obj                    1288    0         0      
       k_tan.c.obj                    796     128       0      
       memory.c.obj                   728     0         8      
       fd_add_t2.asm.obj              438     0         0      
       fd_div_t2.asm.obj              310     0         0      
       s_scalbn.c.obj                 272     0         0      
       fd_cmp_t2.asm.obj              268     0         0      
       ctype.c.obj                    0       257       0      
       fd_mul_t2.asm.obj              252     0         0      
       s_floor.c.obj                  248     0         0      
       memcpy_t2.asm.obj              156     0         0      
       ull_div_t2.asm.obj             150     0         0      
       snprintf.c.obj                 148     0         0      
       vsnprintf.c.obj                136     0         0      
       memset_t2.asm.obj              122     0         0      
       fd_tos_t2.asm.obj              110     0         0      
       copy_decompress_lzss.c.obj     104     0         0      
       s_frexp.c.obj                  100     0         0      
       _ltoa.c.obj                    84      0         0      
       atoi.c.obj                     76      0         0      
       fd_toi_t2.asm.obj              72      0         0      
       autoinit.c.obj                 68      0         0      
       fs_tod_t2.asm.obj              56      0         0      
       boot_cortex_m.c.obj            52      0         0      
       i_tofd_t2.asm.obj              46      0         0      
       copy_zero_init.c.obj           28      0         0      
       memccpy.c.obj                  28      0         0      
       s_copysign.c.obj               26      0         0      
       strcmp.c.obj                   24      0         0      
       strchr.c.obj                   22      0         0      
       strcpy.c.obj                   20      0         0      
       strlen.c.obj                   20      0         0      
       wcslen.c.obj                   18      0         0      
       copy_decompress_none.c.obj     14      0         0      
       errno.c.obj                    8       0         4      
       _lock.c.obj                    2       0         8      
       exit.c.obj                     4       0         0      
       pre_init.c.obj                 4       0         0      
       div0.asm.obj                   2       0         0      
    +--+------------------------------+-------+---------+---------+
       Total:                         12999   729       20     
                                                               
       Heap:                          0       0         4096   
       Stack:                         0       0         4096   
       Linker Generated:              0       82        0      
    +--+------------------------------+-------+---------+---------+
       Grand Total:                   22971   1454      9014   


LINKER GENERATED COPY TABLES

__TI_cinit_table @ 00005f68 records: 3, size/record: 8, table size: 24
	.data: load addr=00005f28, load size=0000001e bytes, run addr=200022fc, run size=00000041 bytes, compression=lzss
	.bss: load addr=00005f58, load size=00000008 bytes, run addr=20002270, run size=00000089 bytes, compression=zero_init
	.vtable: load addr=00005f60, load size=00000008 bytes, run addr=20000000, run size=0000026c bytes, compression=zero_init


LINKER GENERATED HANDLER TABLE

__TI_handler_table @ 00005f48 records: 3, size/record: 4, table size: 12
	index: 0, handler: __TI_zero_init
	index: 1, handler: __TI_decompress_lzss
	index: 2, handler: __TI_decompress_none


GLOBAL SYMBOLS: SORTED ALPHABETICALLY BY Name 

address   name                          
-------   ----                          
00004b99  ADC0SS0_Handler               
00005c2d  C$$EXIT                       
00005c01  CPUcpsie                      
00000bc3  GPIOF_Handler                 
00005bd3  IntMasterEnable               
00005995  IntRegister                   
00005c0d  ResetISR                      
00003fe1  TIMER3B_Handler               
00004563  UART1_Handler                 
20001270  __STACK_END                   
00001000  __STACK_SIZE                  
20000470  __STACK_TOP                   
00001000  __SYSMEM_SIZE                 
00005f68  __TI_CINIT_Base               
00005f80  __TI_CINIT_Limit              
00005f48  __TI_Handler_Table_Base       
00005f54  __TI_Handler_Table_Limit      
00005861  __TI_auto_init_nobinit_nopinit
000055b9  __TI_decompress_lzss          
00005bf3  __TI_decompress_none          
000056db  __TI_ltoa                     
ffffffff  __TI_pprof_out_hndl           
00000e8d  __TI_printfi                  
ffffffff  __TI_prof_data_size           
ffffffff  __TI_prof_data_start          
00000000  __TI_static_base__            
00005ab5  __TI_zero_init_nomemset       
000052e5  __aeabi_cdcmpeq               
000052e5  __aeabi_cdcmple               
0000536b  __aeabi_cdrcmple              
0000554b  __aeabi_d2f                   
00005819  __aeabi_d2iz                  
000042b7  __aeabi_dadd                  
000048a5  __aeabi_ddiv                  
00004e29  __aeabi_dmul                  
000042ad  __aeabi_dsub                  
00005c19  __aeabi_errno_addr            
0000595d  __aeabi_f2d                   
00005a5d  __aeabi_i2d                   
00004463  __aeabi_idiv0                 
00004463  __aeabi_ldiv0                 
000053f1  __aeabi_memclr                
000053f1  __aeabi_memclr4               
000053f1  __aeabi_memclr8               
000051b3  __aeabi_memcpy                
000051b3  __aeabi_memcpy4               
000051b3  __aeabi_memcpy8               
000053f3  __aeabi_memset                
000053f3  __aeabi_memset4               
000053f3  __aeabi_memset8               
0000524f  __aeabi_uldivmod              
ffffffff  __binit__                     
ffffffff  __c_args__                    
00002211  __kernel_rem_pio2             
000034bd  __kernel_tan                  
UNDEFED   __mpu_init                    
20000270  __stack                       
20000000  __start___llvm_prf_cnts       
20000000  __stop___llvm_prf_cnts        
000059c9  _c_int00_noargs               
00005d88  _ctypes_                      
2000231c  _lock                         
000018db  _nop                          
2000233c  _running                      
20001270  _sys_memory                   
UNDEFED   _system_post_cinit            
00005c29  _system_pre_init              
200022dc  _timeout_ticks                
20002320  _unlock                       
00005c2d  abort                         
00004d29  aligned_alloc                 
00005781  atoi                          
000018dd  avgIR                         
ffffffff  binit                         
00003015  bumpSense                     
00005925  calloc                        
2000232c  command_byte                  
20002330  command_flag                  
00005b09  copysign                      
00005b09  copysignl                     
00003b21  cyBOT_SERVO_cal               
00003aaf  cyBOT_Scan                    
00003a57  cyBOT_init_Scan               
20002334  cyBOT_scan_features           
00003a49  cyBOT_scan_version            
00001a41  detectObject                  
20002338  errno                         
200022e0  fallingEdge                   
00004f25  floor                         
00004f25  floorl                        
0000501d  free                          
00005621  frexp                         
00005621  frexpl                        
20000000  g_pfnRAMVectors               
00000000  g_pfnVectors                  
0000193f  getReliableDist               
0000097f  go_charge                     
00004baf  ir_enableInterrupt            
00004b91  ir_getDistance                
00004b69  ir_getValue                   
00004b01  ir_init                       
200022f8  isRisingEdge                  
200022e4  isr_int_value                 
00005be3  lcd_clear                     
00003369  lcd_gotoLine                  
000031d1  lcd_init                      
000033cf  lcd_printf                    
00003291  lcd_putc                      
000032c9  lcd_puts                      
00003195  lcd_reverseNibble             
000032e7  lcd_sendCommand               
00003325  lcd_sendNibble                
00003391  lcd_setCursorPos              
00004c19  ldexp                         
00004c19  ldexpl                        
200022e8  left_calibration_value        
00001fb9  main                          
00005c21  malloc                        
00004d29  memalign                      
00005aed  memccpy                       
000051b3  memcpy                        
000053f9  memset                        
200022fc  motor_cal_factor_L            
20002300  motor_cal_factor_R            
00002ec3  move_backward                 
00002e51  move_forward                  
0000026d  oi_alloc                      
00000aa9  oi_checkFirmware              
000002c7  oi_close                      
00000279  oi_free                       
00000ded  oi_getMotorCalibrationLeft    
00000e01  oi_getMotorCalibrationRight   
000002b1  oi_init                       
00000289  oi_init_noupdate              
00000915  oi_loadSong                   
00005b53  oi_parseInt                   
0000032b  oi_parsePacket                
0000096b  oi_play_song                  
0000084b  oi_setLeds                    
00000db1  oi_setMotorCalibration        
0000088f  oi_setWheels                  
00000b51  oi_shutoff_init               
0000098d  oi_uartInit                   
00000a31  oi_uartReceive                
00000a77  oi_uartSendBuff               
00000a15  oi_uartSendChar               
00000a59  oi_uartSendStr                
000002d9  oi_update                     
00004033  ping_getDistance              
00003ef1  ping_init                     
00003f77  ping_trigger                  
200022ec  pulseLength                   
200022f0  right_calibration_value       
200022f4  risingEdge                    
00004c19  scalbn                        
00004c19  scalbnl                       
00004611  servo_init                    
000046a1  servo_move                    
00004701  servo_setPWM                  
00004695  servo_stop                    
000057cd  snprintf                      
00005b83  strchr                        
00005b6b  strcmp                        
00005b99  strcpy                        
00005bad  strlen                        
00002949  tan                           
00002949  tanl                          
00003dc7  timer_getMicros               
00003d6f  timer_getMillis               
00003ca9  timer_init                    
00003d4b  timer_pause                   
00003d5d  timer_resume                  
00003d21  timer_stop                    
00003e21  timer_waitMicros              
00003e53  timer_waitMillis              
00002f39  turn_Clockwise                
00002faf  turn_CntrClockwise            
00004465  uart_interrupt_init           
00004529  uart_sendChar                 
00004545  uart_sendStr                  
000058a5  vsnprintf                     
00005bc1  wcslen                        


GLOBAL SYMBOLS: SORTED BY Symbol Address 

address   name                          
-------   ----                          
00000000  __TI_static_base__            
00000000  g_pfnVectors                  
0000026d  oi_alloc                      
00000279  oi_free                       
00000289  oi_init_noupdate              
000002b1  oi_init                       
000002c7  oi_close                      
000002d9  oi_update                     
0000032b  oi_parsePacket                
0000084b  oi_setLeds                    
0000088f  oi_setWheels                  
00000915  oi_loadSong                   
0000096b  oi_play_song                  
0000097f  go_charge                     
0000098d  oi_uartInit                   
00000a15  oi_uartSendChar               
00000a31  oi_uartReceive                
00000a59  oi_uartSendStr                
00000a77  oi_uartSendBuff               
00000aa9  oi_checkFirmware              
00000b51  oi_shutoff_init               
00000bc3  GPIOF_Handler                 
00000db1  oi_setMotorCalibration        
00000ded  oi_getMotorCalibrationLeft    
00000e01  oi_getMotorCalibrationRight   
00000e8d  __TI_printfi                  
00001000  __STACK_SIZE                  
00001000  __SYSMEM_SIZE                 
000018db  _nop                          
000018dd  avgIR                         
0000193f  getReliableDist               
00001a41  detectObject                  
00001fb9  main                          
00002211  __kernel_rem_pio2             
00002949  tan                           
00002949  tanl                          
00002e51  move_forward                  
00002ec3  move_backward                 
00002f39  turn_Clockwise                
00002faf  turn_CntrClockwise            
00003015  bumpSense                     
00003195  lcd_reverseNibble             
000031d1  lcd_init                      
00003291  lcd_putc                      
000032c9  lcd_puts                      
000032e7  lcd_sendCommand               
00003325  lcd_sendNibble                
00003369  lcd_gotoLine                  
00003391  lcd_setCursorPos              
000033cf  lcd_printf                    
000034bd  __kernel_tan                  
00003a49  cyBOT_scan_version            
00003a57  cyBOT_init_Scan               
00003aaf  cyBOT_Scan                    
00003b21  cyBOT_SERVO_cal               
00003ca9  timer_init                    
00003d21  timer_stop                    
00003d4b  timer_pause                   
00003d5d  timer_resume                  
00003d6f  timer_getMillis               
00003dc7  timer_getMicros               
00003e21  timer_waitMicros              
00003e53  timer_waitMillis              
00003ef1  ping_init                     
00003f77  ping_trigger                  
00003fe1  TIMER3B_Handler               
00004033  ping_getDistance              
000042ad  __aeabi_dsub                  
000042b7  __aeabi_dadd                  
00004463  __aeabi_idiv0                 
00004463  __aeabi_ldiv0                 
00004465  uart_interrupt_init           
00004529  uart_sendChar                 
00004545  uart_sendStr                  
00004563  UART1_Handler                 
00004611  servo_init                    
00004695  servo_stop                    
000046a1  servo_move                    
00004701  servo_setPWM                  
000048a5  __aeabi_ddiv                  
00004b01  ir_init                       
00004b69  ir_getValue                   
00004b91  ir_getDistance                
00004b99  ADC0SS0_Handler               
00004baf  ir_enableInterrupt            
00004c19  ldexp                         
00004c19  ldexpl                        
00004c19  scalbn                        
00004c19  scalbnl                       
00004d29  aligned_alloc                 
00004d29  memalign                      
00004e29  __aeabi_dmul                  
00004f25  floor                         
00004f25  floorl                        
0000501d  free                          
000051b3  __aeabi_memcpy                
000051b3  __aeabi_memcpy4               
000051b3  __aeabi_memcpy8               
000051b3  memcpy                        
0000524f  __aeabi_uldivmod              
000052e5  __aeabi_cdcmpeq               
000052e5  __aeabi_cdcmple               
0000536b  __aeabi_cdrcmple              
000053f1  __aeabi_memclr                
000053f1  __aeabi_memclr4               
000053f1  __aeabi_memclr8               
000053f3  __aeabi_memset                
000053f3  __aeabi_memset4               
000053f3  __aeabi_memset8               
000053f9  memset                        
0000554b  __aeabi_d2f                   
000055b9  __TI_decompress_lzss          
00005621  frexp                         
00005621  frexpl                        
000056db  __TI_ltoa                     
00005781  atoi                          
000057cd  snprintf                      
00005819  __aeabi_d2iz                  
00005861  __TI_auto_init_nobinit_nopinit
000058a5  vsnprintf                     
00005925  calloc                        
0000595d  __aeabi_f2d                   
00005995  IntRegister                   
000059c9  _c_int00_noargs               
00005a5d  __aeabi_i2d                   
00005ab5  __TI_zero_init_nomemset       
00005aed  memccpy                       
00005b09  copysign                      
00005b09  copysignl                     
00005b53  oi_parseInt                   
00005b6b  strcmp                        
00005b83  strchr                        
00005b99  strcpy                        
00005bad  strlen                        
00005bc1  wcslen                        
00005bd3  IntMasterEnable               
00005be3  lcd_clear                     
00005bf3  __TI_decompress_none          
00005c01  CPUcpsie                      
00005c0d  ResetISR                      
00005c19  __aeabi_errno_addr            
00005c21  malloc                        
00005c29  _system_pre_init              
00005c2d  C$$EXIT                       
00005c2d  abort                         
00005d88  _ctypes_                      
00005f48  __TI_Handler_Table_Base       
00005f54  __TI_Handler_Table_Limit      
00005f68  __TI_CINIT_Base               
00005f80  __TI_CINIT_Limit              
20000000  __start___llvm_prf_cnts       
20000000  __stop___llvm_prf_cnts        
20000000  g_pfnRAMVectors               
20000270  __stack                       
20000470  __STACK_TOP                   
20001270  __STACK_END                   
20001270  _sys_memory                   
200022dc  _timeout_ticks                
200022e0  fallingEdge                   
200022e4  isr_int_value                 
200022e8  left_calibration_value        
200022ec  pulseLength                   
200022f0  right_calibration_value       
200022f4  risingEdge                    
200022f8  isRisingEdge                  
200022fc  motor_cal_factor_L            
20002300  motor_cal_factor_R            
2000231c  _lock                         
20002320  _unlock                       
2000232c  command_byte                  
20002330  command_flag                  
20002334  cyBOT_scan_features           
20002338  errno                         
2000233c  _running                      
ffffffff  __TI_pprof_out_hndl           
ffffffff  __TI_prof_data_size           
ffffffff  __TI_prof_data_start          
ffffffff  __binit__                     
ffffffff  __c_args__                    
ffffffff  binit                         
UNDEFED   __mpu_init                    
UNDEFED   _system_post_cinit            

[182 symbols]
