<?xml version="1.0" encoding="ISO-8859-1" ?>
<link_info>
   <banner>TI ARM Linker PC v20.2.7.LTS</banner>
   <copyright>Copyright (c) 1996-2018 Texas Instruments Incorporated</copyright>
   <link_time>0x69cd6c11</link_time>
   <link_errors>0x0</link_errors>
   <output_file>lab8.out</output_file>
   <entry_point>
      <name>_c_int00_noargs</name>
      <address>0x5861</address>
   </entry_point>
   <input_file_list>
      <input_file id="fl-2">
         <path>.\</path>
         <kind>object</kind>
         <file>Timer.obj</file>
         <name>Timer.obj</name>
      </input_file>
      <input_file id="fl-3">
         <path>.\</path>
         <kind>object</kind>
         <file>lab6-interrupt_template.obj</file>
         <name>lab6-interrupt_template.obj</name>
      </input_file>
      <input_file id="fl-4">
         <path>.\</path>
         <kind>object</kind>
         <file>lcd.obj</file>
         <name>lcd.obj</name>
      </input_file>
      <input_file id="fl-5">
         <path>.\</path>
         <kind>object</kind>
         <file>movement.obj</file>
         <name>movement.obj</name>
      </input_file>
      <input_file id="fl-6">
         <path>.\</path>
         <kind>object</kind>
         <file>open_interface.obj</file>
         <name>open_interface.obj</name>
      </input_file>
      <input_file id="fl-7">
         <path>.\</path>
         <kind>object</kind>
         <file>tm4c123gh6pm_startup_ccs.obj</file>
         <name>tm4c123gh6pm_startup_ccs.obj</name>
      </input_file>
      <input_file id="fl-8">
         <path>.\</path>
         <kind>object</kind>
         <file>uart-interrupt.obj</file>
         <name>uart-interrupt.obj</name>
      </input_file>
      <input_file id="fl-e">
         <kind>object</kind>
         <file>&lt;internal&gt;</file>
         <name>&lt;internal&gt;</name>
      </input_file>
      <input_file id="fl-f">
         <path>..\</path>
         <kind>archive</kind>
         <file>libcybotScan.lib</file>
         <name>cyBot_Scan.obj</name>
      </input_file>
      <input_file id="fl-10">
         <path>..\</path>
         <kind>archive</kind>
         <file>libcybotScan.lib</file>
         <name>ir.obj</name>
      </input_file>
      <input_file id="fl-11">
         <path>..\</path>
         <kind>archive</kind>
         <file>libcybotScan.lib</file>
         <name>ping.obj</name>
      </input_file>
      <input_file id="fl-12">
         <path>..\</path>
         <kind>archive</kind>
         <file>libcybotScan.lib</file>
         <name>servo.obj</name>
      </input_file>
      <input_file id="fl-c8">
         <path>C:\ti\ccs1271\ccs\tools\compiler\ti-cgt-arm_20.2.7.LTS\lib\</path>
         <kind>archive</kind>
         <file>rtsv7M4_T_le_v4SPD16_eabi.lib</file>
         <name>s_tan.c.obj</name>
      </input_file>
      <input_file id="fl-c9">
         <path>C:\ti\ccs1271\ccs\tools\compiler\ti-cgt-arm_20.2.7.LTS\lib\</path>
         <kind>archive</kind>
         <file>rtsv7M4_T_le_v4SPD16_eabi.lib</file>
         <name>snprintf.c.obj</name>
      </input_file>
      <input_file id="fl-ca">
         <path>C:\ti\ccs1271\ccs\tools\compiler\ti-cgt-arm_20.2.7.LTS\lib\</path>
         <kind>archive</kind>
         <file>rtsv7M4_T_le_v4SPD16_eabi.lib</file>
         <name>vsnprintf.c.obj</name>
      </input_file>
      <input_file id="fl-cb">
         <path>C:\ti\ccs1271\ccs\tools\compiler\ti-cgt-arm_20.2.7.LTS\lib\</path>
         <kind>archive</kind>
         <file>rtsv7M4_T_le_v4SPD16_eabi.lib</file>
         <name>fd_add_t2.asm.obj</name>
      </input_file>
      <input_file id="fl-cc">
         <path>C:\ti\ccs1271\ccs\tools\compiler\ti-cgt-arm_20.2.7.LTS\lib\</path>
         <kind>archive</kind>
         <file>rtsv7M4_T_le_v4SPD16_eabi.lib</file>
         <name>fd_cmp_t2.asm.obj</name>
      </input_file>
      <input_file id="fl-cd">
         <path>C:\ti\ccs1271\ccs\tools\compiler\ti-cgt-arm_20.2.7.LTS\lib\</path>
         <kind>archive</kind>
         <file>rtsv7M4_T_le_v4SPD16_eabi.lib</file>
         <name>fd_div_t2.asm.obj</name>
      </input_file>
      <input_file id="fl-ce">
         <path>C:\ti\ccs1271\ccs\tools\compiler\ti-cgt-arm_20.2.7.LTS\lib\</path>
         <kind>archive</kind>
         <file>rtsv7M4_T_le_v4SPD16_eabi.lib</file>
         <name>fd_mul_t2.asm.obj</name>
      </input_file>
      <input_file id="fl-cf">
         <path>C:\ti\ccs1271\ccs\tools\compiler\ti-cgt-arm_20.2.7.LTS\lib\</path>
         <kind>archive</kind>
         <file>rtsv7M4_T_le_v4SPD16_eabi.lib</file>
         <name>fd_toi_t2.asm.obj</name>
      </input_file>
      <input_file id="fl-d0">
         <path>C:\ti\ccs1271\ccs\tools\compiler\ti-cgt-arm_20.2.7.LTS\lib\</path>
         <kind>archive</kind>
         <file>rtsv7M4_T_le_v4SPD16_eabi.lib</file>
         <name>fd_tos_t2.asm.obj</name>
      </input_file>
      <input_file id="fl-d1">
         <path>C:\ti\ccs1271\ccs\tools\compiler\ti-cgt-arm_20.2.7.LTS\lib\</path>
         <kind>archive</kind>
         <file>rtsv7M4_T_le_v4SPD16_eabi.lib</file>
         <name>fs_tod_t2.asm.obj</name>
      </input_file>
      <input_file id="fl-d2">
         <path>C:\ti\ccs1271\ccs\tools\compiler\ti-cgt-arm_20.2.7.LTS\lib\</path>
         <kind>archive</kind>
         <file>rtsv7M4_T_le_v4SPD16_eabi.lib</file>
         <name>i_tofd_t2.asm.obj</name>
      </input_file>
      <input_file id="fl-d3">
         <path>C:\ti\ccs1271\ccs\tools\compiler\ti-cgt-arm_20.2.7.LTS\lib\</path>
         <kind>archive</kind>
         <file>rtsv7M4_T_le_v4SPD16_eabi.lib</file>
         <name>memcpy_t2.asm.obj</name>
      </input_file>
      <input_file id="fl-d4">
         <path>C:\ti\ccs1271\ccs\tools\compiler\ti-cgt-arm_20.2.7.LTS\lib\</path>
         <kind>archive</kind>
         <file>rtsv7M4_T_le_v4SPD16_eabi.lib</file>
         <name>copy_zero_init.c.obj</name>
      </input_file>
      <input_file id="fl-d5">
         <path>C:\ti\ccs1271\ccs\tools\compiler\ti-cgt-arm_20.2.7.LTS\lib\</path>
         <kind>archive</kind>
         <file>rtsv7M4_T_le_v4SPD16_eabi.lib</file>
         <name>copy_decompress_none.c.obj</name>
      </input_file>
      <input_file id="fl-d6">
         <path>C:\ti\ccs1271\ccs\tools\compiler\ti-cgt-arm_20.2.7.LTS\lib\</path>
         <kind>archive</kind>
         <file>rtsv7M4_T_le_v4SPD16_eabi.lib</file>
         <name>copy_decompress_lzss.c.obj</name>
      </input_file>
      <input_file id="fl-d7">
         <path>C:\ti\ccs1271\ccs\tools\compiler\ti-cgt-arm_20.2.7.LTS\lib\</path>
         <kind>archive</kind>
         <file>rtsv7M4_T_le_v4SPD16_eabi.lib</file>
         <name>memory.c.obj</name>
      </input_file>
      <input_file id="fl-d8">
         <path>C:\ti\ccs1271\ccs\tools\compiler\ti-cgt-arm_20.2.7.LTS\lib\</path>
         <kind>archive</kind>
         <file>rtsv7M4_T_le_v4SPD16_eabi.lib</file>
         <name>strcmp.c.obj</name>
      </input_file>
      <input_file id="fl-d9">
         <path>C:\ti\ccs1271\ccs\tools\compiler\ti-cgt-arm_20.2.7.LTS\lib\</path>
         <kind>archive</kind>
         <file>rtsv7M4_T_le_v4SPD16_eabi.lib</file>
         <name>strcpy.c.obj</name>
      </input_file>
      <input_file id="fl-da">
         <path>C:\ti\ccs1271\ccs\tools\compiler\ti-cgt-arm_20.2.7.LTS\lib\</path>
         <kind>archive</kind>
         <file>rtsv7M4_T_le_v4SPD16_eabi.lib</file>
         <name>k_rem_pio2.c.obj</name>
      </input_file>
      <input_file id="fl-db">
         <path>C:\ti\ccs1271\ccs\tools\compiler\ti-cgt-arm_20.2.7.LTS\lib\</path>
         <kind>archive</kind>
         <file>rtsv7M4_T_le_v4SPD16_eabi.lib</file>
         <name>boot_cortex_m.c.obj</name>
      </input_file>
      <input_file id="fl-dc">
         <path>C:\ti\ccs1271\ccs\tools\compiler\ti-cgt-arm_20.2.7.LTS\lib\</path>
         <kind>archive</kind>
         <file>rtsv7M4_T_le_v4SPD16_eabi.lib</file>
         <name>errno.c.obj</name>
      </input_file>
      <input_file id="fl-dd">
         <path>C:\ti\ccs1271\ccs\tools\compiler\ti-cgt-arm_20.2.7.LTS\lib\</path>
         <kind>archive</kind>
         <file>rtsv7M4_T_le_v4SPD16_eabi.lib</file>
         <name>k_tan.c.obj</name>
      </input_file>
      <input_file id="fl-de">
         <path>C:\ti\ccs1271\ccs\tools\compiler\ti-cgt-arm_20.2.7.LTS\lib\</path>
         <kind>archive</kind>
         <file>rtsv7M4_T_le_v4SPD16_eabi.lib</file>
         <name>s_floor.c.obj</name>
      </input_file>
      <input_file id="fl-df">
         <path>C:\ti\ccs1271\ccs\tools\compiler\ti-cgt-arm_20.2.7.LTS\lib\</path>
         <kind>archive</kind>
         <file>rtsv7M4_T_le_v4SPD16_eabi.lib</file>
         <name>s_scalbn.c.obj</name>
      </input_file>
      <input_file id="fl-e0">
         <path>C:\ti\ccs1271\ccs\tools\compiler\ti-cgt-arm_20.2.7.LTS\lib\</path>
         <kind>archive</kind>
         <file>rtsv7M4_T_le_v4SPD16_eabi.lib</file>
         <name>_printfi.c.obj</name>
      </input_file>
      <input_file id="fl-e1">
         <path>C:\ti\ccs1271\ccs\tools\compiler\ti-cgt-arm_20.2.7.LTS\lib\</path>
         <kind>archive</kind>
         <file>rtsv7M4_T_le_v4SPD16_eabi.lib</file>
         <name>memset_t2.asm.obj</name>
      </input_file>
      <input_file id="fl-e2">
         <path>C:\ti\ccs1271\ccs\tools\compiler\ti-cgt-arm_20.2.7.LTS\lib\</path>
         <kind>archive</kind>
         <file>rtsv7M4_T_le_v4SPD16_eabi.lib</file>
         <name>ull_div_t2.asm.obj</name>
      </input_file>
      <input_file id="fl-e3">
         <path>C:\ti\ccs1271\ccs\tools\compiler\ti-cgt-arm_20.2.7.LTS\lib\</path>
         <kind>archive</kind>
         <file>rtsv7M4_T_le_v4SPD16_eabi.lib</file>
         <name>autoinit.c.obj</name>
      </input_file>
      <input_file id="fl-e4">
         <path>C:\ti\ccs1271\ccs\tools\compiler\ti-cgt-arm_20.2.7.LTS\lib\</path>
         <kind>archive</kind>
         <file>rtsv7M4_T_le_v4SPD16_eabi.lib</file>
         <name>pre_init.c.obj</name>
      </input_file>
      <input_file id="fl-e5">
         <path>C:\ti\ccs1271\ccs\tools\compiler\ti-cgt-arm_20.2.7.LTS\lib\</path>
         <kind>archive</kind>
         <file>rtsv7M4_T_le_v4SPD16_eabi.lib</file>
         <name>cpy_tbl.c.obj</name>
      </input_file>
      <input_file id="fl-e6">
         <path>C:\ti\ccs1271\ccs\tools\compiler\ti-cgt-arm_20.2.7.LTS\lib\</path>
         <kind>archive</kind>
         <file>rtsv7M4_T_le_v4SPD16_eabi.lib</file>
         <name>exit.c.obj</name>
      </input_file>
      <input_file id="fl-e7">
         <path>C:\ti\ccs1271\ccs\tools\compiler\ti-cgt-arm_20.2.7.LTS\lib\</path>
         <kind>archive</kind>
         <file>rtsv7M4_T_le_v4SPD16_eabi.lib</file>
         <name>_lock.c.obj</name>
      </input_file>
      <input_file id="fl-e8">
         <path>C:\ti\ccs1271\ccs\tools\compiler\ti-cgt-arm_20.2.7.LTS\lib\</path>
         <kind>archive</kind>
         <file>rtsv7M4_T_le_v4SPD16_eabi.lib</file>
         <name>_ltoa.c.obj</name>
      </input_file>
      <input_file id="fl-e9">
         <path>C:\ti\ccs1271\ccs\tools\compiler\ti-cgt-arm_20.2.7.LTS\lib\</path>
         <kind>archive</kind>
         <file>rtsv7M4_T_le_v4SPD16_eabi.lib</file>
         <name>args_main.c.obj</name>
      </input_file>
      <input_file id="fl-ea">
         <path>C:\ti\ccs1271\ccs\tools\compiler\ti-cgt-arm_20.2.7.LTS\lib\</path>
         <kind>archive</kind>
         <file>rtsv7M4_T_le_v4SPD16_eabi.lib</file>
         <name>atoi.c.obj</name>
      </input_file>
      <input_file id="fl-eb">
         <path>C:\ti\ccs1271\ccs\tools\compiler\ti-cgt-arm_20.2.7.LTS\lib\</path>
         <kind>archive</kind>
         <file>rtsv7M4_T_le_v4SPD16_eabi.lib</file>
         <name>ctype.c.obj</name>
      </input_file>
      <input_file id="fl-ec">
         <path>C:\ti\ccs1271\ccs\tools\compiler\ti-cgt-arm_20.2.7.LTS\lib\</path>
         <kind>archive</kind>
         <file>rtsv7M4_T_le_v4SPD16_eabi.lib</file>
         <name>memccpy.c.obj</name>
      </input_file>
      <input_file id="fl-ed">
         <path>C:\ti\ccs1271\ccs\tools\compiler\ti-cgt-arm_20.2.7.LTS\lib\</path>
         <kind>archive</kind>
         <file>rtsv7M4_T_le_v4SPD16_eabi.lib</file>
         <name>strchr.c.obj</name>
      </input_file>
      <input_file id="fl-ee">
         <path>C:\ti\ccs1271\ccs\tools\compiler\ti-cgt-arm_20.2.7.LTS\lib\</path>
         <kind>archive</kind>
         <file>rtsv7M4_T_le_v4SPD16_eabi.lib</file>
         <name>strlen.c.obj</name>
      </input_file>
      <input_file id="fl-ef">
         <path>C:\ti\ccs1271\ccs\tools\compiler\ti-cgt-arm_20.2.7.LTS\lib\</path>
         <kind>archive</kind>
         <file>rtsv7M4_T_le_v4SPD16_eabi.lib</file>
         <name>wcslen.c.obj</name>
      </input_file>
      <input_file id="fl-f0">
         <path>C:\ti\ccs1271\ccs\tools\compiler\ti-cgt-arm_20.2.7.LTS\lib\</path>
         <kind>archive</kind>
         <file>rtsv7M4_T_le_v4SPD16_eabi.lib</file>
         <name>s_copysign.c.obj</name>
      </input_file>
      <input_file id="fl-f1">
         <path>C:\ti\ccs1271\ccs\tools\compiler\ti-cgt-arm_20.2.7.LTS\lib\</path>
         <kind>archive</kind>
         <file>rtsv7M4_T_le_v4SPD16_eabi.lib</file>
         <name>s_frexp.c.obj</name>
      </input_file>
      <input_file id="fl-f2">
         <path>C:\ti\ccs1271\ccs\tools\compiler\ti-cgt-arm_20.2.7.LTS\lib\</path>
         <kind>archive</kind>
         <file>rtsv7M4_T_le_v4SPD16_eabi.lib</file>
         <name>div0.asm.obj</name>
      </input_file>
      <input_file id="fl-f3">
         <path>C:\ti\TivaWare_C_Series-2.2.0.295\driverlib\ccs\Debug\</path>
         <kind>archive</kind>
         <file>driverlib.lib</file>
         <name>interrupt.obj</name>
      </input_file>
      <input_file id="fl-f4">
         <path>C:\ti\TivaWare_C_Series-2.2.0.295\driverlib\ccs\Debug\</path>
         <kind>archive</kind>
         <file>driverlib.lib</file>
         <name>cpu.obj</name>
      </input_file>
   </input_file_list>
   <object_component_list>
      <object_component id="oc-12">
         <name>.intvecs</name>
         <load_address>0x0</load_address>
         <run_address>0x0</run_address>
         <size>0x26c</size>
         <input_file_ref idref="fl-7"/>
      </object_component>
      <object_component id="oc-10d">
         <name>.text</name>
         <load_address>0x26c</load_address>
         <run_address>0x26c</run_address>
         <size>0xc20</size>
         <input_file_ref idref="fl-6"/>
      </object_component>
      <object_component id="oc-19f">
         <name>.text:__TI_printfi</name>
         <load_address>0xe8c</load_address>
         <run_address>0xe8c</run_address>
         <size>0xa4e</size>
         <input_file_ref idref="fl-e0"/>
      </object_component>
      <object_component id="oc-340">
         <name>.text:_nop</name>
         <load_address>0x18da</load_address>
         <run_address>0x18da</run_address>
         <size>0x2</size>
         <input_file_ref idref="fl-e7"/>
      </object_component>
      <object_component id="oc-a2">
         <name>.text</name>
         <load_address>0x18dc</load_address>
         <run_address>0x18dc</run_address>
         <size>0x870</size>
         <input_file_ref idref="fl-3"/>
      </object_component>
      <object_component id="oc-1d3">
         <name>.text:__kernel_rem_pio2</name>
         <load_address>0x214c</load_address>
         <run_address>0x214c</run_address>
         <size>0x738</size>
         <input_file_ref idref="fl-da"/>
      </object_component>
      <object_component id="oc-f1">
         <name>.text:tan</name>
         <load_address>0x2884</load_address>
         <run_address>0x2884</run_address>
         <size>0x508</size>
         <input_file_ref idref="fl-c8"/>
      </object_component>
      <object_component id="oc-101">
         <name>.text</name>
         <load_address>0x2d8c</load_address>
         <run_address>0x2d8c</run_address>
         <size>0x328</size>
         <input_file_ref idref="fl-4"/>
      </object_component>
      <object_component id="oc-1d9">
         <name>.text:__kernel_tan</name>
         <load_address>0x30b4</load_address>
         <run_address>0x30b4</run_address>
         <size>0x31c</size>
         <input_file_ref idref="fl-dd"/>
      </object_component>
      <object_component id="oc-11e">
         <name>.text</name>
         <load_address>0x33d0</load_address>
         <run_address>0x33d0</run_address>
         <size>0x2a4</size>
         <input_file_ref idref="fl-5"/>
      </object_component>
      <object_component id="oc-2b9">
         <name>.text:_pconv_a</name>
         <load_address>0x3674</load_address>
         <run_address>0x3674</run_address>
         <size>0x270</size>
         <input_file_ref idref="fl-e0"/>
      </object_component>
      <object_component id="oc-d7">
         <name>.text</name>
         <load_address>0x38e4</load_address>
         <run_address>0x38e4</run_address>
         <size>0x260</size>
         <input_file_ref idref="fl-f"/>
      </object_component>
      <object_component id="oc-107">
         <name>.text</name>
         <load_address>0x3b44</load_address>
         <run_address>0x3b44</run_address>
         <size>0x248</size>
         <input_file_ref idref="fl-2"/>
      </object_component>
      <object_component id="oc-176">
         <name>.text</name>
         <load_address>0x3d8c</load_address>
         <run_address>0x3d8c</run_address>
         <size>0x1ec</size>
         <input_file_ref idref="fl-11"/>
      </object_component>
      <object_component id="oc-2a7">
         <name>.text:_pconv_g</name>
         <load_address>0x3f78</load_address>
         <run_address>0x3f78</run_address>
         <size>0x1d0</size>
         <input_file_ref idref="fl-e0"/>
      </object_component>
      <object_component id="oc-1c9">
         <name>.text</name>
         <load_address>0x4148</load_address>
         <run_address>0x4148</run_address>
         <size>0x1b6</size>
         <input_file_ref idref="fl-cb"/>
      </object_component>
      <object_component id="oc-407">
         <name>.text</name>
         <load_address>0x42fe</load_address>
         <run_address>0x42fe</run_address>
         <size>0x2</size>
         <input_file_ref idref="fl-f2"/>
      </object_component>
      <object_component id="oc-dd">
         <name>.text</name>
         <load_address>0x4300</load_address>
         <run_address>0x4300</run_address>
         <size>0x1a8</size>
         <input_file_ref idref="fl-8"/>
      </object_component>
      <object_component id="oc-170">
         <name>.text</name>
         <load_address>0x44a8</load_address>
         <run_address>0x44a8</run_address>
         <size>0x158</size>
         <input_file_ref idref="fl-12"/>
      </object_component>
      <object_component id="oc-2b3">
         <name>.text:_pconv_e</name>
         <load_address>0x4600</load_address>
         <run_address>0x4600</run_address>
         <size>0x13c</size>
         <input_file_ref idref="fl-e0"/>
      </object_component>
      <object_component id="oc-221">
         <name>.text</name>
         <load_address>0x473c</load_address>
         <run_address>0x473c</run_address>
         <size>0x136</size>
         <input_file_ref idref="fl-cd"/>
      </object_component>
      <object_component id="oc-392">
         <name>.text:fcvt</name>
         <load_address>0x4874</load_address>
         <run_address>0x4874</run_address>
         <size>0x124</size>
         <input_file_ref idref="fl-e0"/>
      </object_component>
      <object_component id="oc-17c">
         <name>.text</name>
         <load_address>0x4998</load_address>
         <run_address>0x4998</run_address>
         <size>0x118</size>
         <input_file_ref idref="fl-10"/>
      </object_component>
      <object_component id="oc-2de">
         <name>.text:scalbn</name>
         <load_address>0x4ab0</load_address>
         <run_address>0x4ab0</run_address>
         <size>0x110</size>
         <input_file_ref idref="fl-df"/>
      </object_component>
      <object_component id="oc-335">
         <name>.text:aligned_alloc</name>
         <load_address>0x4bc0</load_address>
         <run_address>0x4bc0</run_address>
         <size>0x100</size>
         <input_file_ref idref="fl-d7"/>
      </object_component>
      <object_component id="oc-f7">
         <name>.text</name>
         <load_address>0x4cc0</load_address>
         <run_address>0x4cc0</run_address>
         <size>0xfc</size>
         <input_file_ref idref="fl-ce"/>
      </object_component>
      <object_component id="oc-2e4">
         <name>.text:floor</name>
         <load_address>0x4dbc</load_address>
         <run_address>0x4dbc</run_address>
         <size>0xf8</size>
         <input_file_ref idref="fl-de"/>
      </object_component>
      <object_component id="oc-211">
         <name>.text:free</name>
         <load_address>0x4eb4</load_address>
         <run_address>0x4eb4</run_address>
         <size>0xe4</size>
         <input_file_ref idref="fl-d7"/>
      </object_component>
      <object_component id="oc-2a1">
         <name>.text:_ltostr</name>
         <load_address>0x4f98</load_address>
         <run_address>0x4f98</run_address>
         <size>0xb1</size>
         <input_file_ref idref="fl-e0"/>
      </object_component>
      <object_component id="oc-3e">
         <name>.text</name>
         <load_address>0x504a</load_address>
         <run_address>0x504a</run_address>
         <size>0x9c</size>
         <input_file_ref idref="fl-d3"/>
      </object_component>
      <object_component id="oc-379">
         <name>.text</name>
         <load_address>0x50e6</load_address>
         <run_address>0x50e6</run_address>
         <size>0x96</size>
         <input_file_ref idref="fl-e2"/>
      </object_component>
      <object_component id="oc-1ce">
         <name>.text:__aeabi_cdcmple</name>
         <load_address>0x517c</load_address>
         <run_address>0x517c</run_address>
         <size>0x86</size>
         <input_file_ref idref="fl-cc"/>
      </object_component>
      <object_component id="oc-124">
         <name>.text:__aeabi_cdrcmple</name>
         <load_address>0x5202</load_address>
         <run_address>0x5202</run_address>
         <size>0x86</size>
         <input_file_ref idref="fl-cc"/>
      </object_component>
      <object_component id="oc-96">
         <name>.text</name>
         <load_address>0x5288</load_address>
         <run_address>0x5288</run_address>
         <size>0x7a</size>
         <input_file_ref idref="fl-e1"/>
      </object_component>
      <object_component id="oc-3ea">
         <name>.text:split</name>
         <load_address>0x5304</load_address>
         <run_address>0x5304</run_address>
         <size>0x70</size>
         <input_file_ref idref="fl-d7"/>
      </object_component>
      <object_component id="oc-38b">
         <name>.text:_mcpy</name>
         <load_address>0x5374</load_address>
         <run_address>0x5374</run_address>
         <size>0x6e</size>
         <input_file_ref idref="fl-e0"/>
      </object_component>
      <object_component id="oc-fc">
         <name>.text</name>
         <load_address>0x53e2</load_address>
         <run_address>0x53e2</run_address>
         <size>0x6e</size>
         <input_file_ref idref="fl-d0"/>
      </object_component>
      <object_component id="oc-15">
         <name>.text:decompress:lzss:__TI_decompress_lzss</name>
         <load_address>0x5450</load_address>
         <run_address>0x5450</run_address>
         <size>0x68</size>
         <input_file_ref idref="fl-d6"/>
      </object_component>
      <object_component id="oc-3a0">
         <name>.text:frexp</name>
         <load_address>0x54b8</load_address>
         <run_address>0x54b8</run_address>
         <size>0x64</size>
         <input_file_ref idref="fl-f1"/>
      </object_component>
      <object_component id="oc-2ad">
         <name>.text:_pconv_f</name>
         <load_address>0x551c</load_address>
         <run_address>0x551c</run_address>
         <size>0x56</size>
         <input_file_ref idref="fl-e0"/>
      </object_component>
      <object_component id="oc-37f">
         <name>.text:__TI_ltoa</name>
         <load_address>0x5572</load_address>
         <run_address>0x5572</run_address>
         <size>0x54</size>
         <input_file_ref idref="fl-e8"/>
      </object_component>
      <object_component id="oc-385">
         <name>.text:_ecpy</name>
         <load_address>0x55c6</load_address>
         <run_address>0x55c6</run_address>
         <size>0x52</size>
         <input_file_ref idref="fl-e0"/>
      </object_component>
      <object_component id="oc-29b">
         <name>.text:atoi</name>
         <load_address>0x5618</load_address>
         <run_address>0x5618</run_address>
         <size>0x4c</size>
         <input_file_ref idref="fl-ea"/>
      </object_component>
      <object_component id="oc-e8">
         <name>.text:snprintf</name>
         <load_address>0x5664</load_address>
         <run_address>0x5664</run_address>
         <size>0x4c</size>
         <input_file_ref idref="fl-c9"/>
      </object_component>
      <object_component id="oc-1c4">
         <name>.text</name>
         <load_address>0x56b0</load_address>
         <run_address>0x56b0</run_address>
         <size>0x48</size>
         <input_file_ref idref="fl-cf"/>
      </object_component>
      <object_component id="oc-13c">
         <name>.text:__TI_auto_init_nobinit_nopinit:__TI_auto_init_nobinit_nopinit</name>
         <load_address>0x56f8</load_address>
         <run_address>0x56f8</run_address>
         <size>0x44</size>
         <input_file_ref idref="fl-e3"/>
      </object_component>
      <object_component id="oc-1f5">
         <name>.text:vsnprintf</name>
         <load_address>0x573c</load_address>
         <run_address>0x573c</run_address>
         <size>0x40</size>
         <input_file_ref idref="fl-ca"/>
      </object_component>
      <object_component id="oc-398">
         <name>.text:_fcpy</name>
         <load_address>0x577c</load_address>
         <run_address>0x577c</run_address>
         <size>0x3e</size>
         <input_file_ref idref="fl-e0"/>
      </object_component>
      <object_component id="oc-113">
         <name>.text:calloc</name>
         <load_address>0x57bc</load_address>
         <run_address>0x57bc</run_address>
         <size>0x38</size>
         <input_file_ref idref="fl-d7"/>
      </object_component>
      <object_component id="oc-e3">
         <name>.text</name>
         <load_address>0x57f4</load_address>
         <run_address>0x57f4</run_address>
         <size>0x38</size>
         <input_file_ref idref="fl-d1"/>
      </object_component>
      <object_component id="oc-18b">
         <name>.text:IntRegister</name>
         <load_address>0x582c</load_address>
         <run_address>0x582c</run_address>
         <size>0x34</size>
         <input_file_ref idref="fl-f3"/>
      </object_component>
      <object_component id="oc-5c">
         <name>.text:_c_int00_noargs:_c_int00_noargs</name>
         <load_address>0x5860</load_address>
         <run_address>0x5860</run_address>
         <size>0x34</size>
         <input_file_ref idref="fl-db"/>
      </object_component>
      <object_component id="oc-1a5">
         <name>.text:_outs</name>
         <load_address>0x5894</load_address>
         <run_address>0x5894</run_address>
         <size>0x30</size>
         <input_file_ref idref="fl-c9"/>
      </object_component>
      <object_component id="oc-306">
         <name>.text:_outs</name>
         <load_address>0x58c4</load_address>
         <run_address>0x58c4</run_address>
         <size>0x30</size>
         <input_file_ref idref="fl-ca"/>
      </object_component>
      <object_component id="oc-119">
         <name>.text</name>
         <load_address>0x58f4</load_address>
         <run_address>0x58f4</run_address>
         <size>0x2e</size>
         <input_file_ref idref="fl-d2"/>
      </object_component>
      <object_component id="oc-327">
         <name>.text:free_list_insert</name>
         <load_address>0x5924</load_address>
         <run_address>0x5924</run_address>
         <size>0x28</size>
         <input_file_ref idref="fl-d7"/>
      </object_component>
      <object_component id="oc-4a">
         <name>.text:decompress:ZI:__TI_zero_init_nomemset:__TI_zero_init_nomemset</name>
         <load_address>0x594c</load_address>
         <run_address>0x594c</run_address>
         <size>0x1c</size>
         <input_file_ref idref="fl-d4"/>
      </object_component>
      <object_component id="oc-321">
         <name>.text:free_list_remove</name>
         <load_address>0x5968</load_address>
         <run_address>0x5968</run_address>
         <size>0x1c</size>
         <input_file_ref idref="fl-d7"/>
      </object_component>
      <object_component id="oc-2bf">
         <name>.text:memccpy</name>
         <load_address>0x5984</load_address>
         <run_address>0x5984</run_address>
         <size>0x1c</size>
         <input_file_ref idref="fl-ec"/>
      </object_component>
      <object_component id="oc-3c2">
         <name>.text:copysign</name>
         <load_address>0x59a0</load_address>
         <run_address>0x59a0</run_address>
         <size>0x1a</size>
         <input_file_ref idref="fl-f0"/>
      </object_component>
      <object_component id="oc-1ab">
         <name>.text:_outc</name>
         <load_address>0x59ba</load_address>
         <run_address>0x59ba</run_address>
         <size>0x18</size>
         <input_file_ref idref="fl-c9"/>
      </object_component>
      <object_component id="oc-30c">
         <name>.text:_outc</name>
         <load_address>0x59d2</load_address>
         <run_address>0x59d2</run_address>
         <size>0x18</size>
         <input_file_ref idref="fl-ca"/>
      </object_component>
      <object_component id="oc-217">
         <name>.text:oi_parseInt</name>
         <load_address>0x59ea</load_address>
         <run_address>0x59ea</run_address>
         <size>0x18</size>
         <input_file_ref idref="fl-6"/>
      </object_component>
      <object_component id="oc-1fb">
         <name>.text:strcmp</name>
         <load_address>0x5a02</load_address>
         <run_address>0x5a02</run_address>
         <size>0x18</size>
         <input_file_ref idref="fl-d8"/>
      </object_component>
      <object_component id="oc-3a6">
         <name>.text:strchr</name>
         <load_address>0x5a1a</load_address>
         <run_address>0x5a1a</run_address>
         <size>0x16</size>
         <input_file_ref idref="fl-ed"/>
      </object_component>
      <object_component id="oc-201">
         <name>.text:strcpy</name>
         <load_address>0x5a30</load_address>
         <run_address>0x5a30</run_address>
         <size>0x14</size>
         <input_file_ref idref="fl-d9"/>
      </object_component>
      <object_component id="oc-295">
         <name>.text:strlen</name>
         <load_address>0x5a44</load_address>
         <run_address>0x5a44</run_address>
         <size>0x14</size>
         <input_file_ref idref="fl-ee"/>
      </object_component>
      <object_component id="oc-2c5">
         <name>.text:wcslen</name>
         <load_address>0x5a58</load_address>
         <run_address>0x5a58</run_address>
         <size>0x12</size>
         <input_file_ref idref="fl-ef"/>
      </object_component>
      <object_component id="oc-191">
         <name>.text:IntMasterEnable</name>
         <load_address>0x5a6a</load_address>
         <run_address>0x5a6a</run_address>
         <size>0x10</size>
         <input_file_ref idref="fl-f3"/>
      </object_component>
      <object_component id="oc-1ee">
         <name>.text:lcd_clear</name>
         <load_address>0x5a7a</load_address>
         <run_address>0x5a7a</run_address>
         <size>0x10</size>
         <input_file_ref idref="fl-4"/>
      </object_component>
      <object_component id="oc-1b">
         <name>.text:decompress:none:__TI_decompress_none</name>
         <load_address>0x5a8a</load_address>
         <run_address>0x5a8a</run_address>
         <size>0xe</size>
         <input_file_ref idref="fl-d5"/>
      </object_component>
      <object_component id="oc-28c">
         <name>.text:CPUcpsie</name>
         <load_address>0x5a98</load_address>
         <run_address>0x5a98</run_address>
         <size>0xc</size>
         <input_file_ref idref="fl-f4"/>
      </object_component>
      <object_component id="oc-2a">
         <name>.text</name>
         <load_address>0x5aa4</load_address>
         <run_address>0x5aa4</run_address>
         <size>0xc</size>
         <input_file_ref idref="fl-7"/>
      </object_component>
      <object_component id="oc-1df">
         <name>.text:__aeabi_errno_addr</name>
         <load_address>0x5ab0</load_address>
         <run_address>0x5ab0</run_address>
         <size>0x8</size>
         <input_file_ref idref="fl-dc"/>
      </object_component>
      <object_component id="oc-22c">
         <name>.text:malloc</name>
         <load_address>0x5ab8</load_address>
         <run_address>0x5ab8</run_address>
         <size>0x8</size>
         <input_file_ref idref="fl-d7"/>
      </object_component>
      <object_component id="oc-9c">
         <name>.text:_system_pre_init</name>
         <load_address>0x5ac0</load_address>
         <run_address>0x5ac0</run_address>
         <size>0x4</size>
         <input_file_ref idref="fl-e4"/>
      </object_component>
      <object_component id="oc-130">
         <name>.text:abort:abort</name>
         <load_address>0x5ac4</load_address>
         <run_address>0x5ac4</run_address>
         <size>0x4</size>
         <input_file_ref idref="fl-e6"/>
      </object_component>
      <object_component id="oc-2ea">
         <name>.const:$O1$$</name>
         <load_address>0x5ac8</load_address>
         <run_address>0x5ac8</run_address>
         <size>0x158</size>
         <input_file_ref idref="fl-da"/>
      </object_component>
      <object_component id="oc-374">
         <name>.const:.string:_ctypes_</name>
         <load_address>0x5c20</load_address>
         <run_address>0x5c20</run_address>
         <size>0x101</size>
         <input_file_ref idref="fl-eb"/>
      </object_component>
      <object_component id="oc-207">
         <name>.const:.string:lineAddress$1</name>
         <load_address>0x5d21</load_address>
         <run_address>0x5d21</run_address>
         <size>0x4</size>
         <input_file_ref idref="fl-4"/>
      </object_component>
      <object_component id="oc-2f5">
         <name>.const:xxx</name>
         <load_address>0x5d28</load_address>
         <run_address>0x5d28</run_address>
         <size>0x80</size>
         <input_file_ref idref="fl-dd"/>
      </object_component>
      <object_component id="oc-226">
         <name>.const:.string:$P$T0$3</name>
         <load_address>0x5da8</load_address>
         <run_address>0x5da8</run_address>
         <size>0xf</size>
         <input_file_ref idref="fl-6"/>
      </object_component>
      <object_component id="oc-208">
         <name>.const:.string:lineAddresses$2</name>
         <load_address>0x5db7</load_address>
         <run_address>0x5db7</run_address>
         <size>0x4</size>
         <input_file_ref idref="fl-4"/>
      </object_component>
      <object_component id="oc-462">
         <name>.cinit..data.load</name>
         <load_address>0x5dc0</load_address>
         <run_address>0x5dc0</run_address>
         <size>0x1f</size>
      </object_component>
      <object_component id="oc-45f">
         <name>__TI_handler_table</name>
         <load_address>0x5de0</load_address>
         <run_address>0x5de0</run_address>
         <size>0xc</size>
      </object_component>
      <object_component id="oc-463">
         <name>.cinit..bss.load</name>
         <load_address>0x5df0</load_address>
         <run_address>0x5df0</run_address>
         <size>0x8</size>
      </object_component>
      <object_component id="oc-461">
         <name>.cinit..vtable.load</name>
         <load_address>0x5df8</load_address>
         <run_address>0x5df8</run_address>
         <size>0x8</size>
      </object_component>
      <object_component id="oc-460">
         <name>__TI_cinit_table</name>
         <load_address>0x5e00</load_address>
         <run_address>0x5e00</run_address>
         <size>0x18</size>
      </object_component>
      <object_component id="oc-282">
         <name>.vtable</name>
         <uninitialized>true</uninitialized>
         <run_address>0x20000000</run_address>
         <size>0x26c</size>
         <input_file_ref idref="fl-f3"/>
      </object_component>
      <object_component id="oc-20c">
         <name>.data</name>
         <load_address>0x2000233c</load_address>
         <run_address>0x2000233c</run_address>
         <size>0x1</size>
         <input_file_ref idref="fl-2"/>
      </object_component>
      <object_component id="oc-21e">
         <name>.data</name>
         <load_address>0x200022fc</load_address>
         <run_address>0x200022fc</run_address>
         <size>0x20</size>
         <input_file_ref idref="fl-6"/>
      </object_component>
      <object_component id="oc-ee">
         <name>.data</name>
         <load_address>0x2000232c</load_address>
         <run_address>0x2000232c</run_address>
         <size>0x8</size>
         <input_file_ref idref="fl-8"/>
      </object_component>
      <object_component id="oc-182">
         <name>.data</name>
         <load_address>0x20002334</load_address>
         <run_address>0x20002334</run_address>
         <size>0x4</size>
         <input_file_ref idref="fl-f"/>
      </object_component>
      <object_component id="oc-3e5">
         <name>.data:$O1$$</name>
         <load_address>0x20002324</load_address>
         <run_address>0x20002324</run_address>
         <size>0x8</size>
         <input_file_ref idref="fl-d7"/>
      </object_component>
      <object_component id="oc-2fa">
         <name>.data</name>
         <load_address>0x20002338</load_address>
         <run_address>0x20002338</run_address>
         <size>0x4</size>
         <input_file_ref idref="fl-dc"/>
      </object_component>
      <object_component id="oc-258">
         <name>.data:$O1$$</name>
         <load_address>0x2000231c</load_address>
         <run_address>0x2000231c</run_address>
         <size>0x8</size>
         <input_file_ref idref="fl-e7"/>
      </object_component>
      <object_component id="oc-209">
         <name>.bss:lastbuffer$3</name>
         <uninitialized>true</uninitialized>
         <run_address>0x20002270</run_address>
         <size>0x54</size>
         <input_file_ref idref="fl-4"/>
      </object_component>
      <object_component id="oc-229">
         <name>.bss:firmware$2</name>
         <uninitialized>true</uninitialized>
         <run_address>0x200022c4</run_address>
         <size>0x18</size>
         <input_file_ref idref="fl-6"/>
      </object_component>
      <object_component id="oc-20f">
         <name>.common:_timeout_ticks</name>
         <uninitialized>true</uninitialized>
         <run_address>0x200022dc</run_address>
         <size>0x4</size>
      </object_component>
      <object_component id="oc-129">
         <name>.common:right_calibration_value</name>
         <uninitialized>true</uninitialized>
         <run_address>0x200022f0</run_address>
         <size>0x4</size>
      </object_component>
      <object_component id="oc-12e">
         <name>.common:left_calibration_value</name>
         <uninitialized>true</uninitialized>
         <run_address>0x200022e8</run_address>
         <size>0x4</size>
      </object_component>
      <object_component id="oc-27c">
         <name>.common:isr_int_value</name>
         <uninitialized>true</uninitialized>
         <run_address>0x200022e4</run_address>
         <size>0x4</size>
      </object_component>
      <object_component id="oc-278">
         <name>.common:risingEdge</name>
         <uninitialized>true</uninitialized>
         <run_address>0x200022f4</run_address>
         <size>0x4</size>
      </object_component>
      <object_component id="oc-279">
         <name>.common:fallingEdge</name>
         <uninitialized>true</uninitialized>
         <run_address>0x200022e0</run_address>
         <size>0x4</size>
      </object_component>
      <object_component id="oc-27a">
         <name>.common:pulseLength</name>
         <uninitialized>true</uninitialized>
         <run_address>0x200022ec</run_address>
         <size>0x4</size>
      </object_component>
      <object_component id="oc-275">
         <name>.common:isRisingEdge</name>
         <uninitialized>true</uninitialized>
         <run_address>0x200022f8</run_address>
         <size>0x1</size>
      </object_component>
      <object_component id="oc-24">
         <name>.sysmem</name>
         <uninitialized>true</uninitialized>
         <run_address>0x20001270</run_address>
         <size>0x10</size>
         <input_file_ref idref="fl-d7"/>
      </object_component>
      <object_component id="oc-466">
         <name>.sysmem</name>
         <uninitialized>true</uninitialized>
         <run_address>0x20001270</run_address>
         <size>0x0</size>
      </object_component>
      <object_component id="oc-27">
         <name>.stack</name>
         <uninitialized>true</uninitialized>
         <run_address>0x20000270</run_address>
         <size>0x4</size>
         <input_file_ref idref="fl-db"/>
      </object_component>
      <object_component id="oc-465">
         <name>.stack</name>
         <uninitialized>true</uninitialized>
         <run_address>0x20000270</run_address>
         <size>0x0</size>
      </object_component>
      <object_component id="oc-c5">
         <name>.debug_info</name>
         <load_address>0x0</load_address>
         <run_address>0x0</run_address>
         <size>0x2b6</size>
         <input_file_ref idref="fl-2"/>
      </object_component>
      <object_component id="oc-20d">
         <name>.debug_info</name>
         <load_address>0x2b6</load_address>
         <run_address>0x2b6</run_address>
         <size>0xc4</size>
         <input_file_ref idref="fl-2"/>
      </object_component>
      <object_component id="oc-109">
         <name>.debug_info</name>
         <load_address>0x37a</load_address>
         <run_address>0x37a</run_address>
         <size>0x50c</size>
         <input_file_ref idref="fl-2"/>
      </object_component>
      <object_component id="oc-77">
         <name>.debug_info</name>
         <load_address>0x886</load_address>
         <run_address>0x886</run_address>
         <size>0x26b</size>
         <input_file_ref idref="fl-2"/>
      </object_component>
      <object_component id="oc-39">
         <name>.debug_info</name>
         <load_address>0xaf1</load_address>
         <run_address>0xaf1</run_address>
         <size>0x84</size>
         <input_file_ref idref="fl-2"/>
      </object_component>
      <object_component id="oc-c0">
         <name>.debug_info</name>
         <load_address>0xb75</load_address>
         <run_address>0xb75</run_address>
         <size>0x2a4</size>
         <input_file_ref idref="fl-2"/>
      </object_component>
      <object_component id="oc-7c">
         <name>.debug_info</name>
         <load_address>0xe19</load_address>
         <run_address>0xe19</run_address>
         <size>0xbb</size>
         <input_file_ref idref="fl-2"/>
      </object_component>
      <object_component id="oc-12a">
         <name>.debug_info</name>
         <load_address>0xed4</load_address>
         <run_address>0xed4</run_address>
         <size>0x64f</size>
         <input_file_ref idref="fl-3"/>
      </object_component>
      <object_component id="oc-a3">
         <name>.debug_info</name>
         <load_address>0x1523</load_address>
         <run_address>0x1523</run_address>
         <size>0xbfb</size>
         <input_file_ref idref="fl-3"/>
      </object_component>
      <object_component id="oc-239">
         <name>.debug_info</name>
         <load_address>0x211e</load_address>
         <run_address>0x211e</run_address>
         <size>0x5aa</size>
         <input_file_ref idref="fl-3"/>
      </object_component>
      <object_component id="oc-23e">
         <name>.debug_info</name>
         <load_address>0x26c8</load_address>
         <run_address>0x26c8</run_address>
         <size>0x9d</size>
         <input_file_ref idref="fl-3"/>
      </object_component>
      <object_component id="oc-243">
         <name>.debug_info</name>
         <load_address>0x2765</load_address>
         <run_address>0x2765</run_address>
         <size>0x9a</size>
         <input_file_ref idref="fl-3"/>
      </object_component>
      <object_component id="oc-24d">
         <name>.debug_info</name>
         <load_address>0x27ff</load_address>
         <run_address>0x27ff</run_address>
         <size>0xcc</size>
         <input_file_ref idref="fl-3"/>
      </object_component>
      <object_component id="oc-1bd">
         <name>.debug_info</name>
         <load_address>0x28cb</load_address>
         <run_address>0x28cb</run_address>
         <size>0x2c</size>
         <input_file_ref idref="fl-3"/>
      </object_component>
      <object_component id="oc-248">
         <name>.debug_info</name>
         <load_address>0x28f7</load_address>
         <run_address>0x28f7</run_address>
         <size>0x35</size>
         <input_file_ref idref="fl-3"/>
      </object_component>
      <object_component id="oc-20b">
         <name>.debug_info</name>
         <load_address>0x292c</load_address>
         <run_address>0x292c</run_address>
         <size>0x384</size>
         <input_file_ref idref="fl-4"/>
      </object_component>
      <object_component id="oc-1f0">
         <name>.debug_info</name>
         <load_address>0x2cb0</load_address>
         <run_address>0x2cb0</run_address>
         <size>0x119</size>
         <input_file_ref idref="fl-4"/>
      </object_component>
      <object_component id="oc-103">
         <name>.debug_info</name>
         <load_address>0x2dc9</load_address>
         <run_address>0x2dc9</run_address>
         <size>0x8a5</size>
         <input_file_ref idref="fl-4"/>
      </object_component>
      <object_component id="oc-235">
         <name>.debug_info</name>
         <load_address>0x366e</load_address>
         <run_address>0x366e</run_address>
         <size>0x349</size>
         <input_file_ref idref="fl-5"/>
      </object_component>
      <object_component id="oc-120">
         <name>.debug_info</name>
         <load_address>0x39b7</load_address>
         <run_address>0x39b7</run_address>
         <size>0x7ed</size>
         <input_file_ref idref="fl-5"/>
      </object_component>
      <object_component id="oc-22b">
         <name>.debug_info</name>
         <load_address>0x41a4</load_address>
         <run_address>0x41a4</run_address>
         <size>0x401</size>
         <input_file_ref idref="fl-6"/>
      </object_component>
      <object_component id="oc-21f">
         <name>.debug_info</name>
         <load_address>0x45a5</load_address>
         <run_address>0x45a5</run_address>
         <size>0x116</size>
         <input_file_ref idref="fl-6"/>
      </object_component>
      <object_component id="oc-227">
         <name>.debug_info</name>
         <load_address>0x46bb</load_address>
         <run_address>0x46bb</run_address>
         <size>0xcb</size>
         <input_file_ref idref="fl-6"/>
      </object_component>
      <object_component id="oc-218">
         <name>.debug_info</name>
         <load_address>0x4786</load_address>
         <run_address>0x4786</run_address>
         <size>0x143</size>
         <input_file_ref idref="fl-6"/>
      </object_component>
      <object_component id="oc-10e">
         <name>.debug_info</name>
         <load_address>0x48c9</load_address>
         <run_address>0x48c9</run_address>
         <size>0x198d</size>
         <input_file_ref idref="fl-6"/>
      </object_component>
      <object_component id="oc-198">
         <name>.debug_info</name>
         <load_address>0x6256</load_address>
         <run_address>0x6256</run_address>
         <size>0x8b</size>
         <input_file_ref idref="fl-6"/>
      </object_component>
      <object_component id="oc-32">
         <name>.debug_info</name>
         <load_address>0x62e1</load_address>
         <run_address>0x62e1</run_address>
         <size>0x2a0</size>
         <input_file_ref idref="fl-7"/>
      </object_component>
      <object_component id="oc-13">
         <name>.debug_info</name>
         <load_address>0x6581</load_address>
         <run_address>0x6581</run_address>
         <size>0xdf</size>
         <input_file_ref idref="fl-7"/>
      </object_component>
      <object_component id="oc-2c">
         <name>.debug_info</name>
         <load_address>0x6660</load_address>
         <run_address>0x6660</run_address>
         <size>0x25b</size>
         <input_file_ref idref="fl-7"/>
      </object_component>
      <object_component id="oc-19d">
         <name>.debug_info</name>
         <load_address>0x68bb</load_address>
         <run_address>0x68bb</run_address>
         <size>0x2cc</size>
         <input_file_ref idref="fl-8"/>
      </object_component>
      <object_component id="oc-ef">
         <name>.debug_info</name>
         <load_address>0x6b87</load_address>
         <run_address>0x6b87</run_address>
         <size>0xfe</size>
         <input_file_ref idref="fl-8"/>
      </object_component>
      <object_component id="oc-de">
         <name>.debug_info</name>
         <load_address>0x6c85</load_address>
         <run_address>0x6c85</run_address>
         <size>0x334</size>
         <input_file_ref idref="fl-8"/>
      </object_component>
      <object_component id="oc-12c">
         <name>.debug_info</name>
         <load_address>0x6fb9</load_address>
         <run_address>0x6fb9</run_address>
         <size>0x485</size>
         <input_file_ref idref="fl-f"/>
      </object_component>
      <object_component id="oc-183">
         <name>.debug_info</name>
         <load_address>0x743e</load_address>
         <run_address>0x743e</run_address>
         <size>0x114</size>
         <input_file_ref idref="fl-f"/>
      </object_component>
      <object_component id="oc-d9">
         <name>.debug_info</name>
         <load_address>0x7552</load_address>
         <run_address>0x7552</run_address>
         <size>0x4ce</size>
         <input_file_ref idref="fl-f"/>
      </object_component>
      <object_component id="oc-186">
         <name>.debug_info</name>
         <load_address>0x7a20</load_address>
         <run_address>0x7a20</run_address>
         <size>0x9d</size>
         <input_file_ref idref="fl-f"/>
      </object_component>
      <object_component id="oc-27d">
         <name>.debug_info</name>
         <load_address>0x7abd</load_address>
         <run_address>0x7abd</run_address>
         <size>0x2b7</size>
         <input_file_ref idref="fl-10"/>
      </object_component>
      <object_component id="oc-17e">
         <name>.debug_info</name>
         <load_address>0x7d74</load_address>
         <run_address>0x7d74</run_address>
         <size>0x266</size>
         <input_file_ref idref="fl-10"/>
      </object_component>
      <object_component id="oc-276">
         <name>.debug_info</name>
         <load_address>0x7fda</load_address>
         <run_address>0x7fda</run_address>
         <size>0x3ba</size>
         <input_file_ref idref="fl-11"/>
      </object_component>
      <object_component id="oc-178">
         <name>.debug_info</name>
         <load_address>0x8394</load_address>
         <run_address>0x8394</run_address>
         <size>0x270</size>
         <input_file_ref idref="fl-11"/>
      </object_component>
      <object_component id="oc-173">
         <name>.debug_info</name>
         <load_address>0x8604</load_address>
         <run_address>0x8604</run_address>
         <size>0x296</size>
         <input_file_ref idref="fl-12"/>
      </object_component>
      <object_component id="oc-1e6">
         <name>.debug_info</name>
         <load_address>0x889a</load_address>
         <run_address>0x889a</run_address>
         <size>0x36a</size>
         <input_file_ref idref="fl-c8"/>
      </object_component>
      <object_component id="oc-f4">
         <name>.debug_info</name>
         <load_address>0x8c04</load_address>
         <run_address>0x8c04</run_address>
         <size>0x5d4</size>
         <input_file_ref idref="fl-c8"/>
      </object_component>
      <object_component id="oc-301">
         <name>.debug_info</name>
         <load_address>0x91d8</load_address>
         <run_address>0x91d8</run_address>
         <size>0x46</size>
         <input_file_ref idref="fl-c8"/>
      </object_component>
      <object_component id="oc-1e7">
         <name>.debug_info</name>
         <load_address>0x921e</load_address>
         <run_address>0x921e</run_address>
         <size>0x39</size>
         <input_file_ref idref="fl-c8"/>
      </object_component>
      <object_component id="oc-1b2">
         <name>.debug_info</name>
         <load_address>0x9257</load_address>
         <run_address>0x9257</run_address>
         <size>0x33a</size>
         <input_file_ref idref="fl-c9"/>
      </object_component>
      <object_component id="oc-ea">
         <name>.debug_info</name>
         <load_address>0x9591</load_address>
         <run_address>0x9591</run_address>
         <size>0x1ee</size>
         <input_file_ref idref="fl-c9"/>
      </object_component>
      <object_component id="oc-1a6">
         <name>.debug_info</name>
         <load_address>0x977f</load_address>
         <run_address>0x977f</run_address>
         <size>0x1c3</size>
         <input_file_ref idref="fl-c9"/>
      </object_component>
      <object_component id="oc-1ae">
         <name>.debug_info</name>
         <load_address>0x9942</load_address>
         <run_address>0x9942</run_address>
         <size>0x176</size>
         <input_file_ref idref="fl-c9"/>
      </object_component>
      <object_component id="oc-1b3">
         <name>.debug_info</name>
         <load_address>0x9ab8</load_address>
         <run_address>0x9ab8</run_address>
         <size>0x2c</size>
         <input_file_ref idref="fl-c9"/>
      </object_component>
      <object_component id="oc-1b8">
         <name>.debug_info</name>
         <load_address>0x9ae4</load_address>
         <run_address>0x9ae4</run_address>
         <size>0x69</size>
         <input_file_ref idref="fl-c9"/>
      </object_component>
      <object_component id="oc-313">
         <name>.debug_info</name>
         <load_address>0x9b4d</load_address>
         <run_address>0x9b4d</run_address>
         <size>0x340</size>
         <input_file_ref idref="fl-ca"/>
      </object_component>
      <object_component id="oc-1f8">
         <name>.debug_info</name>
         <load_address>0x9e8d</load_address>
         <run_address>0x9e8d</run_address>
         <size>0x208</size>
         <input_file_ref idref="fl-ca"/>
      </object_component>
      <object_component id="oc-309">
         <name>.debug_info</name>
         <load_address>0xa095</load_address>
         <run_address>0xa095</run_address>
         <size>0x1c6</size>
         <input_file_ref idref="fl-ca"/>
      </object_component>
      <object_component id="oc-30d">
         <name>.debug_info</name>
         <load_address>0xa25b</load_address>
         <run_address>0xa25b</run_address>
         <size>0x179</size>
         <input_file_ref idref="fl-ca"/>
      </object_component>
      <object_component id="oc-314">
         <name>.debug_info</name>
         <load_address>0xa3d4</load_address>
         <run_address>0xa3d4</run_address>
         <size>0x69</size>
         <input_file_ref idref="fl-ca"/>
      </object_component>
      <object_component id="oc-1ca">
         <name>.debug_info</name>
         <load_address>0xa43d</load_address>
         <run_address>0xa43d</run_address>
         <size>0x14c</size>
         <input_file_ref idref="fl-cb"/>
      </object_component>
      <object_component id="oc-1d0">
         <name>.debug_info</name>
         <load_address>0xa589</load_address>
         <run_address>0xa589</run_address>
         <size>0x128</size>
         <input_file_ref idref="fl-cc"/>
      </object_component>
      <object_component id="oc-125">
         <name>.debug_info</name>
         <load_address>0xa6b1</load_address>
         <run_address>0xa6b1</run_address>
         <size>0x12a</size>
         <input_file_ref idref="fl-cc"/>
      </object_component>
      <object_component id="oc-224">
         <name>.debug_info</name>
         <load_address>0xa7db</load_address>
         <run_address>0xa7db</run_address>
         <size>0x13a</size>
         <input_file_ref idref="fl-cd"/>
      </object_component>
      <object_component id="oc-fa">
         <name>.debug_info</name>
         <load_address>0xa915</load_address>
         <run_address>0xa915</run_address>
         <size>0x13a</size>
         <input_file_ref idref="fl-ce"/>
      </object_component>
      <object_component id="oc-1c6">
         <name>.debug_info</name>
         <load_address>0xaa4f</load_address>
         <run_address>0xaa4f</run_address>
         <size>0x12e</size>
         <input_file_ref idref="fl-cf"/>
      </object_component>
      <object_component id="oc-ff">
         <name>.debug_info</name>
         <load_address>0xab7d</load_address>
         <run_address>0xab7d</run_address>
         <size>0x13e</size>
         <input_file_ref idref="fl-d0"/>
      </object_component>
      <object_component id="oc-e5">
         <name>.debug_info</name>
         <load_address>0xacbb</load_address>
         <run_address>0xacbb</run_address>
         <size>0x12c</size>
         <input_file_ref idref="fl-d1"/>
      </object_component>
      <object_component id="oc-11b">
         <name>.debug_info</name>
         <load_address>0xade7</load_address>
         <run_address>0xade7</run_address>
         <size>0x12c</size>
         <input_file_ref idref="fl-d2"/>
      </object_component>
      <object_component id="oc-40">
         <name>.debug_info</name>
         <load_address>0xaf13</load_address>
         <run_address>0xaf13</run_address>
         <size>0x119</size>
         <input_file_ref idref="fl-d3"/>
      </object_component>
      <object_component id="oc-95">
         <name>.debug_info</name>
         <load_address>0xb02c</load_address>
         <run_address>0xb02c</run_address>
         <size>0x2d4</size>
         <input_file_ref idref="fl-d4"/>
      </object_component>
      <object_component id="oc-4b">
         <name>.debug_info</name>
         <load_address>0xb300</load_address>
         <run_address>0xb300</run_address>
         <size>0x1d2</size>
         <input_file_ref idref="fl-d4"/>
      </object_component>
      <object_component id="oc-90">
         <name>.debug_info</name>
         <load_address>0xb4d2</load_address>
         <run_address>0xb4d2</run_address>
         <size>0x46</size>
         <input_file_ref idref="fl-d4"/>
      </object_component>
      <object_component id="oc-ce">
         <name>.debug_info</name>
         <load_address>0xb518</load_address>
         <run_address>0xb518</run_address>
         <size>0x2c</size>
         <input_file_ref idref="fl-d4"/>
      </object_component>
      <object_component id="oc-49">
         <name>.debug_info</name>
         <load_address>0xb544</load_address>
         <run_address>0xb544</run_address>
         <size>0x2a8</size>
         <input_file_ref idref="fl-d5"/>
      </object_component>
      <object_component id="oc-1f">
         <name>.debug_info</name>
         <load_address>0xb7ec</load_address>
         <run_address>0xb7ec</run_address>
         <size>0x1ea</size>
         <input_file_ref idref="fl-d5"/>
      </object_component>
      <object_component id="oc-44">
         <name>.debug_info</name>
         <load_address>0xb9d6</load_address>
         <run_address>0xb9d6</run_address>
         <size>0x46</size>
         <input_file_ref idref="fl-d5"/>
      </object_component>
      <object_component id="oc-88">
         <name>.debug_info</name>
         <load_address>0xba1c</load_address>
         <run_address>0xba1c</run_address>
         <size>0x2c</size>
         <input_file_ref idref="fl-d5"/>
      </object_component>
      <object_component id="oc-86">
         <name>.debug_info</name>
         <load_address>0xba48</load_address>
         <run_address>0xba48</run_address>
         <size>0x29e</size>
         <input_file_ref idref="fl-d6"/>
      </object_component>
      <object_component id="oc-16">
         <name>.debug_info</name>
         <load_address>0xbce6</load_address>
         <run_address>0xbce6</run_address>
         <size>0x250</size>
         <input_file_ref idref="fl-d6"/>
      </object_component>
      <object_component id="oc-34">
         <name>.debug_info</name>
         <load_address>0xbf36</load_address>
         <run_address>0xbf36</run_address>
         <size>0x60</size>
         <input_file_ref idref="fl-d6"/>
      </object_component>
      <object_component id="oc-c7">
         <name>.debug_info</name>
         <load_address>0xbf96</load_address>
         <run_address>0xbf96</run_address>
         <size>0x46</size>
         <input_file_ref idref="fl-d6"/>
      </object_component>
      <object_component id="oc-81">
         <name>.debug_info</name>
         <load_address>0xbfdc</load_address>
         <run_address>0xbfdc</run_address>
         <size>0x39</size>
         <input_file_ref idref="fl-d6"/>
      </object_component>
      <object_component id="oc-70">
         <name>.debug_info</name>
         <load_address>0xc015</load_address>
         <run_address>0xc015</run_address>
         <size>0x3b2</size>
         <input_file_ref idref="fl-d7"/>
      </object_component>
      <object_component id="oc-25">
         <name>.debug_info</name>
         <load_address>0xc3c7</load_address>
         <run_address>0xc3c7</run_address>
         <size>0x10c</size>
         <input_file_ref idref="fl-d7"/>
      </object_component>
      <object_component id="oc-3e6">
         <name>.debug_info</name>
         <load_address>0xc4d3</load_address>
         <run_address>0xc4d3</run_address>
         <size>0x13f</size>
         <input_file_ref idref="fl-d7"/>
      </object_component>
      <object_component id="oc-22d">
         <name>.debug_info</name>
         <load_address>0xc612</load_address>
         <run_address>0xc612</run_address>
         <size>0x168</size>
         <input_file_ref idref="fl-d7"/>
      </object_component>
      <object_component id="oc-322">
         <name>.debug_info</name>
         <load_address>0xc77a</load_address>
         <run_address>0xc77a</run_address>
         <size>0x18e</size>
         <input_file_ref idref="fl-d7"/>
      </object_component>
      <object_component id="oc-328">
         <name>.debug_info</name>
         <load_address>0xc908</load_address>
         <run_address>0xc908</run_address>
         <size>0x19f</size>
         <input_file_ref idref="fl-d7"/>
      </object_component>
      <object_component id="oc-212">
         <name>.debug_info</name>
         <load_address>0xcaa7</load_address>
         <run_address>0xcaa7</run_address>
         <size>0x203</size>
         <input_file_ref idref="fl-d7"/>
      </object_component>
      <object_component id="oc-3eb">
         <name>.debug_info</name>
         <load_address>0xccaa</load_address>
         <run_address>0xccaa</run_address>
         <size>0x1db</size>
         <input_file_ref idref="fl-d7"/>
      </object_component>
      <object_component id="oc-114">
         <name>.debug_info</name>
         <load_address>0xce85</load_address>
         <run_address>0xce85</run_address>
         <size>0x1a5</size>
         <input_file_ref idref="fl-d7"/>
      </object_component>
      <object_component id="oc-336">
         <name>.debug_info</name>
         <load_address>0xd02a</load_address>
         <run_address>0xd02a</run_address>
         <size>0x299</size>
         <input_file_ref idref="fl-d7"/>
      </object_component>
      <object_component id="oc-bb">
         <name>.debug_info</name>
         <load_address>0xd2c3</load_address>
         <run_address>0xd2c3</run_address>
         <size>0xb2</size>
         <input_file_ref idref="fl-d7"/>
      </object_component>
      <object_component id="oc-b6">
         <name>.debug_info</name>
         <load_address>0xd375</load_address>
         <run_address>0xd375</run_address>
         <size>0x2c</size>
         <input_file_ref idref="fl-d7"/>
      </object_component>
      <object_component id="oc-31a">
         <name>.debug_info</name>
         <load_address>0xd3a1</load_address>
         <run_address>0xd3a1</run_address>
         <size>0x28a</size>
         <input_file_ref idref="fl-d8"/>
      </object_component>
      <object_component id="oc-1ff">
         <name>.debug_info</name>
         <load_address>0xd62b</load_address>
         <run_address>0xd62b</run_address>
         <size>0x273</size>
         <input_file_ref idref="fl-d8"/>
      </object_component>
      <object_component id="oc-31c">
         <name>.debug_info</name>
         <load_address>0xd89e</load_address>
         <run_address>0xd89e</run_address>
         <size>0x2a4</size>
         <input_file_ref idref="fl-d9"/>
      </object_component>
      <object_component id="oc-204">
         <name>.debug_info</name>
         <load_address>0xdb42</load_address>
         <run_address>0xdb42</run_address>
         <size>0x24d</size>
         <input_file_ref idref="fl-d9"/>
      </object_component>
      <object_component id="oc-2ee">
         <name>.debug_info</name>
         <load_address>0xdd8f</load_address>
         <run_address>0xdd8f</run_address>
         <size>0x3aa</size>
         <input_file_ref idref="fl-da"/>
      </object_component>
      <object_component id="oc-2eb">
         <name>.debug_info</name>
         <load_address>0xe139</load_address>
         <run_address>0xe139</run_address>
         <size>0x13a</size>
         <input_file_ref idref="fl-da"/>
      </object_component>
      <object_component id="oc-1d4">
         <name>.debug_info</name>
         <load_address>0xe273</load_address>
         <run_address>0xe273</run_address>
         <size>0x72f</size>
         <input_file_ref idref="fl-da"/>
      </object_component>
      <object_component id="oc-3d0">
         <name>.debug_info</name>
         <load_address>0xe9a2</load_address>
         <run_address>0xe9a2</run_address>
         <size>0x39</size>
         <input_file_ref idref="fl-da"/>
      </object_component>
      <object_component id="oc-2f0">
         <name>.debug_info</name>
         <load_address>0xe9db</load_address>
         <run_address>0xe9db</run_address>
         <size>0x2c</size>
         <input_file_ref idref="fl-da"/>
      </object_component>
      <object_component id="oc-28">
         <name>.debug_info</name>
         <load_address>0xea07</load_address>
         <run_address>0xea07</run_address>
         <size>0x10b</size>
         <input_file_ref idref="fl-db"/>
      </object_component>
      <object_component id="oc-60">
         <name>.debug_info</name>
         <load_address>0xeb12</load_address>
         <run_address>0xeb12</run_address>
         <size>0x1a9</size>
         <input_file_ref idref="fl-db"/>
      </object_component>
      <object_component id="oc-2fe">
         <name>.debug_info</name>
         <load_address>0xecbb</load_address>
         <run_address>0xecbb</run_address>
         <size>0x289</size>
         <input_file_ref idref="fl-dc"/>
      </object_component>
      <object_component id="oc-2fb">
         <name>.debug_info</name>
         <load_address>0xef44</load_address>
         <run_address>0xef44</run_address>
         <size>0x10e</size>
         <input_file_ref idref="fl-dc"/>
      </object_component>
      <object_component id="oc-1e0">
         <name>.debug_info</name>
         <load_address>0xf052</load_address>
         <run_address>0xf052</run_address>
         <size>0x14e</size>
         <input_file_ref idref="fl-dc"/>
      </object_component>
      <object_component id="oc-2f9">
         <name>.debug_info</name>
         <load_address>0xf1a0</load_address>
         <run_address>0xf1a0</run_address>
         <size>0x29b</size>
         <input_file_ref idref="fl-dd"/>
      </object_component>
      <object_component id="oc-2f6">
         <name>.debug_info</name>
         <load_address>0xf43b</load_address>
         <run_address>0xf43b</run_address>
         <size>0xfa</size>
         <input_file_ref idref="fl-dd"/>
      </object_component>
      <object_component id="oc-1db">
         <name>.debug_info</name>
         <load_address>0xf535</load_address>
         <run_address>0xf535</run_address>
         <size>0x5d3</size>
         <input_file_ref idref="fl-dd"/>
      </object_component>
      <object_component id="oc-3cb">
         <name>.debug_info</name>
         <load_address>0xfb08</load_address>
         <run_address>0xfb08</run_address>
         <size>0x28a</size>
         <input_file_ref idref="fl-de"/>
      </object_component>
      <object_component id="oc-2e6">
         <name>.debug_info</name>
         <load_address>0xfd92</load_address>
         <run_address>0xfd92</run_address>
         <size>0x22a</size>
         <input_file_ref idref="fl-de"/>
      </object_component>
      <object_component id="oc-3c9">
         <name>.debug_info</name>
         <load_address>0xffbc</load_address>
         <run_address>0xffbc</run_address>
         <size>0x2f8</size>
         <input_file_ref idref="fl-df"/>
      </object_component>
      <object_component id="oc-2df">
         <name>.debug_info</name>
         <load_address>0x102b4</load_address>
         <run_address>0x102b4</run_address>
         <size>0x225</size>
         <input_file_ref idref="fl-df"/>
      </object_component>
      <object_component id="oc-2cc">
         <name>.debug_info</name>
         <load_address>0x104d9</load_address>
         <run_address>0x104d9</run_address>
         <size>0x590</size>
         <input_file_ref idref="fl-e0"/>
      </object_component>
      <object_component id="oc-2a2">
         <name>.debug_info</name>
         <load_address>0x10a69</load_address>
         <run_address>0x10a69</run_address>
         <size>0x21e</size>
         <input_file_ref idref="fl-e0"/>
      </object_component>
      <object_component id="oc-386">
         <name>.debug_info</name>
         <load_address>0x10c87</load_address>
         <run_address>0x10c87</run_address>
         <size>0x1b3</size>
         <input_file_ref idref="fl-e0"/>
      </object_component>
      <object_component id="oc-38d">
         <name>.debug_info</name>
         <load_address>0x10e3a</load_address>
         <run_address>0x10e3a</run_address>
         <size>0x21b</size>
         <input_file_ref idref="fl-e0"/>
      </object_component>
      <object_component id="oc-2a9">
         <name>.debug_info</name>
         <load_address>0x11055</load_address>
         <run_address>0x11055</run_address>
         <size>0x3c0</size>
         <input_file_ref idref="fl-e0"/>
      </object_component>
      <object_component id="oc-394">
         <name>.debug_info</name>
         <load_address>0x11415</load_address>
         <run_address>0x11415</run_address>
         <size>0x30a</size>
         <input_file_ref idref="fl-e0"/>
      </object_component>
      <object_component id="oc-399">
         <name>.debug_info</name>
         <load_address>0x1171f</load_address>
         <run_address>0x1171f</run_address>
         <size>0x215</size>
         <input_file_ref idref="fl-e0"/>
      </object_component>
      <object_component id="oc-2af">
         <name>.debug_info</name>
         <load_address>0x11934</load_address>
         <run_address>0x11934</run_address>
         <size>0x215</size>
         <input_file_ref idref="fl-e0"/>
      </object_component>
      <object_component id="oc-2b5">
         <name>.debug_info</name>
         <load_address>0x11b49</load_address>
         <run_address>0x11b49</run_address>
         <size>0x304</size>
         <input_file_ref idref="fl-e0"/>
      </object_component>
      <object_component id="oc-2bb">
         <name>.debug_info</name>
         <load_address>0x11e4d</load_address>
         <run_address>0x11e4d</run_address>
         <size>0x4b5</size>
         <input_file_ref idref="fl-e0"/>
      </object_component>
      <object_component id="oc-1a0">
         <name>.debug_info</name>
         <load_address>0x12302</load_address>
         <run_address>0x12302</run_address>
         <size>0x5f4</size>
         <input_file_ref idref="fl-e0"/>
      </object_component>
      <object_component id="oc-2cd">
         <name>.debug_info</name>
         <load_address>0x128f6</load_address>
         <run_address>0x128f6</run_address>
         <size>0x86</size>
         <input_file_ref idref="fl-e0"/>
      </object_component>
      <object_component id="oc-3b8">
         <name>.debug_info</name>
         <load_address>0x1297c</load_address>
         <run_address>0x1297c</run_address>
         <size>0x39</size>
         <input_file_ref idref="fl-e0"/>
      </object_component>
      <object_component id="oc-420">
         <name>.debug_info</name>
         <load_address>0x129b5</load_address>
         <run_address>0x129b5</run_address>
         <size>0xb6</size>
         <input_file_ref idref="fl-e0"/>
      </object_component>
      <object_component id="oc-3bd">
         <name>.debug_info</name>
         <load_address>0x12a6b</load_address>
         <run_address>0x12a6b</run_address>
         <size>0x46</size>
         <input_file_ref idref="fl-e0"/>
      </object_component>
      <object_component id="oc-2d2">
         <name>.debug_info</name>
         <load_address>0x12ab1</load_address>
         <run_address>0x12ab1</run_address>
         <size>0x46</size>
         <input_file_ref idref="fl-e0"/>
      </object_component>
      <object_component id="oc-99">
         <name>.debug_info</name>
         <load_address>0x12af7</load_address>
         <run_address>0x12af7</run_address>
         <size>0x147</size>
         <input_file_ref idref="fl-e1"/>
      </object_component>
      <object_component id="oc-37a">
         <name>.debug_info</name>
         <load_address>0x12c3e</load_address>
         <run_address>0x12c3e</run_address>
         <size>0x134</size>
         <input_file_ref idref="fl-e2"/>
      </object_component>
      <object_component id="oc-25f">
         <name>.debug_info</name>
         <load_address>0x12d72</load_address>
         <run_address>0x12d72</run_address>
         <size>0x4b3</size>
         <input_file_ref idref="fl-e3"/>
      </object_component>
      <object_component id="oc-13e">
         <name>.debug_info</name>
         <load_address>0x13225</load_address>
         <run_address>0x13225</run_address>
         <size>0x1a6</size>
         <input_file_ref idref="fl-e3"/>
      </object_component>
      <object_component id="oc-34e">
         <name>.debug_info</name>
         <load_address>0x133cb</load_address>
         <run_address>0x133cb</run_address>
         <size>0x39</size>
         <input_file_ref idref="fl-e3"/>
      </object_component>
      <object_component id="oc-3f4">
         <name>.debug_info</name>
         <load_address>0x13404</load_address>
         <run_address>0x13404</run_address>
         <size>0x39</size>
         <input_file_ref idref="fl-e3"/>
      </object_component>
      <object_component id="oc-353">
         <name>.debug_info</name>
         <load_address>0x1343d</load_address>
         <run_address>0x1343d</run_address>
         <size>0x39</size>
         <input_file_ref idref="fl-e3"/>
      </object_component>
      <object_component id="oc-358">
         <name>.debug_info</name>
         <load_address>0x13476</load_address>
         <run_address>0x13476</run_address>
         <size>0xcd</size>
         <input_file_ref idref="fl-e3"/>
      </object_component>
      <object_component id="oc-9d">
         <name>.debug_info</name>
         <load_address>0x13543</load_address>
         <run_address>0x13543</run_address>
         <size>0x153</size>
         <input_file_ref idref="fl-e4"/>
      </object_component>
      <object_component id="oc-132">
         <name>.debug_info</name>
         <load_address>0x13696</load_address>
         <run_address>0x13696</run_address>
         <size>0x122</size>
         <input_file_ref idref="fl-e6"/>
      </object_component>
      <object_component id="oc-348">
         <name>.debug_info</name>
         <load_address>0x137b8</load_address>
         <run_address>0x137b8</run_address>
         <size>0x2c9</size>
         <input_file_ref idref="fl-e7"/>
      </object_component>
      <object_component id="oc-259">
         <name>.debug_info</name>
         <load_address>0x13a81</load_address>
         <run_address>0x13a81</run_address>
         <size>0x11e</size>
         <input_file_ref idref="fl-e7"/>
      </object_component>
      <object_component id="oc-344">
         <name>.debug_info</name>
         <load_address>0x13b9f</load_address>
         <run_address>0x13b9f</run_address>
         <size>0x12e</size>
         <input_file_ref idref="fl-e7"/>
      </object_component>
      <object_component id="oc-40e">
         <name>.debug_info</name>
         <load_address>0x13ccd</load_address>
         <run_address>0x13ccd</run_address>
         <size>0x29c</size>
         <input_file_ref idref="fl-e8"/>
      </object_component>
      <object_component id="oc-382">
         <name>.debug_info</name>
         <load_address>0x13f69</load_address>
         <run_address>0x13f69</run_address>
         <size>0x1da</size>
         <input_file_ref idref="fl-e8"/>
      </object_component>
      <object_component id="oc-378">
         <name>.debug_info</name>
         <load_address>0x14143</load_address>
         <run_address>0x14143</run_address>
         <size>0x2b9</size>
         <input_file_ref idref="fl-ea"/>
      </object_component>
      <object_component id="oc-29d">
         <name>.debug_info</name>
         <load_address>0x143fc</load_address>
         <run_address>0x143fc</run_address>
         <size>0x17c</size>
         <input_file_ref idref="fl-ea"/>
      </object_component>
      <object_component id="oc-404">
         <name>.debug_info</name>
         <load_address>0x14578</load_address>
         <run_address>0x14578</run_address>
         <size>0xf9</size>
         <input_file_ref idref="fl-eb"/>
      </object_component>
      <object_component id="oc-375">
         <name>.debug_info</name>
         <load_address>0x14671</load_address>
         <run_address>0x14671</run_address>
         <size>0x105</size>
         <input_file_ref idref="fl-eb"/>
      </object_component>
      <object_component id="oc-3ae">
         <name>.debug_info</name>
         <load_address>0x14776</load_address>
         <run_address>0x14776</run_address>
         <size>0x2a7</size>
         <input_file_ref idref="fl-ec"/>
      </object_component>
      <object_component id="oc-2c1">
         <name>.debug_info</name>
         <load_address>0x14a1d</load_address>
         <run_address>0x14a1d</run_address>
         <size>0x1b8</size>
         <input_file_ref idref="fl-ec"/>
      </object_component>
      <object_component id="oc-416">
         <name>.debug_info</name>
         <load_address>0x14bd5</load_address>
         <run_address>0x14bd5</run_address>
         <size>0x29a</size>
         <input_file_ref idref="fl-ed"/>
      </object_component>
      <object_component id="oc-3a8">
         <name>.debug_info</name>
         <load_address>0x14e6f</load_address>
         <run_address>0x14e6f</run_address>
         <size>0x262</size>
         <input_file_ref idref="fl-ed"/>
      </object_component>
      <object_component id="oc-373">
         <name>.debug_info</name>
         <load_address>0x150d1</load_address>
         <run_address>0x150d1</run_address>
[...]
         <value>0x88f</value>
         <object_component_ref idref="oc-10d"/>
      </symbol>
      <symbol id="sm-234">
         <name>oi_shutoff_init</name>
         <value>0xb51</value>
         <object_component_ref idref="oc-10d"/>
      </symbol>
      <symbol id="sm-235">
         <name>motor_cal_factor_L</name>
         <value>0x200022fc</value>
         <object_component_ref idref="oc-21e"/>
      </symbol>
      <symbol id="sm-236">
         <name>motor_cal_factor_R</name>
         <value>0x20002300</value>
         <object_component_ref idref="oc-21e"/>
      </symbol>
      <symbol id="sm-237">
         <name>oi_parseInt</name>
         <value>0x59eb</value>
         <object_component_ref idref="oc-217"/>
      </symbol>
      <symbol id="sm-238">
         <name>oi_setMotorCalibration</name>
         <value>0xdb1</value>
         <object_component_ref idref="oc-10d"/>
      </symbol>
      <symbol id="sm-239">
         <name>oi_uartSendStr</name>
         <value>0xa59</value>
         <object_component_ref idref="oc-10d"/>
      </symbol>
      <symbol id="sm-23a">
         <name>oi_close</name>
         <value>0x2c7</value>
         <object_component_ref idref="oc-10d"/>
      </symbol>
      <symbol id="sm-23b">
         <name>oi_uartSendBuff</name>
         <value>0xa77</value>
         <object_component_ref idref="oc-10d"/>
      </symbol>
      <symbol id="sm-23c">
         <name>oi_checkFirmware</name>
         <value>0xaa9</value>
         <object_component_ref idref="oc-10d"/>
      </symbol>
      <symbol id="sm-23d">
         <name>oi_init_noupdate</name>
         <value>0x289</value>
         <object_component_ref idref="oc-10d"/>
      </symbol>
      <symbol id="sm-23e">
         <name>oi_uartSendChar</name>
         <value>0xa15</value>
         <object_component_ref idref="oc-10d"/>
      </symbol>
      <symbol id="sm-23f">
         <name>oi_alloc</name>
         <value>0x26d</value>
         <object_component_ref idref="oc-10d"/>
      </symbol>
      <symbol id="sm-240">
         <name>oi_getMotorCalibrationLeft</name>
         <value>0xded</value>
         <object_component_ref idref="oc-10d"/>
      </symbol>
      <symbol id="sm-241">
         <name>oi_loadSong</name>
         <value>0x915</value>
         <object_component_ref idref="oc-10d"/>
      </symbol>
      <symbol id="sm-242">
         <name>oi_play_song</name>
         <value>0x96b</value>
         <object_component_ref idref="oc-10d"/>
      </symbol>
      <symbol id="sm-243">
         <name>oi_parsePacket</name>
         <value>0x32b</value>
         <object_component_ref idref="oc-10d"/>
      </symbol>
      <symbol id="sm-244">
         <name>oi_setLeds</name>
         <value>0x84b</value>
         <object_component_ref idref="oc-10d"/>
      </symbol>
      <symbol id="sm-245">
         <name>oi_init</name>
         <value>0x2b1</value>
         <object_component_ref idref="oc-10d"/>
      </symbol>
      <symbol id="sm-246">
         <name>oi_update</name>
         <value>0x2d9</value>
         <object_component_ref idref="oc-10d"/>
      </symbol>
      <symbol id="sm-247">
         <name>oi_uartInit</name>
         <value>0x98d</value>
         <object_component_ref idref="oc-10d"/>
      </symbol>
      <symbol id="sm-263">
         <name>ResetISR</name>
         <value>0x5aa5</value>
         <object_component_ref idref="oc-2a"/>
      </symbol>
      <symbol id="sm-264">
         <name>g_pfnVectors</name>
         <value>0x0</value>
         <object_component_ref idref="oc-12"/>
      </symbol>
      <symbol id="sm-29a">
         <name>UART1_Handler</name>
         <value>0x43ff</value>
         <object_component_ref idref="oc-dd"/>
      </symbol>
      <symbol id="sm-29b">
         <name>command_byte</name>
         <value>0x2000232c</value>
         <object_component_ref idref="oc-ee"/>
      </symbol>
      <symbol id="sm-29c">
         <name>uart_sendChar</name>
         <value>0x43c5</value>
         <object_component_ref idref="oc-dd"/>
      </symbol>
      <symbol id="sm-29d">
         <name>uart_interrupt_init</name>
         <value>0x4301</value>
         <object_component_ref idref="oc-dd"/>
      </symbol>
      <symbol id="sm-29e">
         <name>command_flag</name>
         <value>0x20002330</value>
         <object_component_ref idref="oc-ee"/>
      </symbol>
      <symbol id="sm-29f">
         <name>uart_sendStr</name>
         <value>0x43e1</value>
         <object_component_ref idref="oc-dd"/>
      </symbol>
      <symbol id="sm-2db">
         <name>cyBOT_SERVO_cal</name>
         <value>0x39bd</value>
         <object_component_ref idref="oc-d7"/>
      </symbol>
      <symbol id="sm-2dc">
         <name>cyBOT_Scan</name>
         <value>0x394b</value>
         <object_component_ref idref="oc-d7"/>
      </symbol>
      <symbol id="sm-2dd">
         <name>cyBOT_scan_features</name>
         <value>0x20002334</value>
         <object_component_ref idref="oc-182"/>
      </symbol>
      <symbol id="sm-2de">
         <name>cyBOT_scan_version</name>
         <value>0x38e5</value>
         <object_component_ref idref="oc-d7"/>
      </symbol>
      <symbol id="sm-2df">
         <name>cyBOT_init_Scan</name>
         <value>0x38f3</value>
         <object_component_ref idref="oc-d7"/>
      </symbol>
      <symbol id="sm-306">
         <name>isr_int_value</name>
         <value>0x200022e4</value>
      </symbol>
      <symbol id="sm-307">
         <name>ir_enableInterrupt</name>
         <value>0x4a47</value>
         <object_component_ref idref="oc-17c"/>
      </symbol>
      <symbol id="sm-308">
         <name>ir_getDistance</name>
         <value>0x4a29</value>
         <object_component_ref idref="oc-17c"/>
      </symbol>
      <symbol id="sm-309">
         <name>ir_init</name>
         <value>0x4999</value>
         <object_component_ref idref="oc-17c"/>
      </symbol>
      <symbol id="sm-30a">
         <name>ADC0SS0_Handler</name>
         <value>0x4a31</value>
         <object_component_ref idref="oc-17c"/>
      </symbol>
      <symbol id="sm-30b">
         <name>ir_getValue</name>
         <value>0x4a01</value>
         <object_component_ref idref="oc-17c"/>
      </symbol>
      <symbol id="sm-33a">
         <name>risingEdge</name>
         <value>0x200022f4</value>
      </symbol>
      <symbol id="sm-33b">
         <name>fallingEdge</name>
         <value>0x200022e0</value>
      </symbol>
      <symbol id="sm-33c">
         <name>pulseLength</name>
         <value>0x200022ec</value>
      </symbol>
      <symbol id="sm-33d">
         <name>isRisingEdge</name>
         <value>0x200022f8</value>
      </symbol>
      <symbol id="sm-33e">
         <name>TIMER3B_Handler</name>
         <value>0x3e7d</value>
         <object_component_ref idref="oc-176"/>
      </symbol>
      <symbol id="sm-33f">
         <name>ping_init</name>
         <value>0x3d8d</value>
         <object_component_ref idref="oc-176"/>
      </symbol>
      <symbol id="sm-340">
         <name>ping_getDistance</name>
         <value>0x3ecf</value>
         <object_component_ref idref="oc-176"/>
      </symbol>
      <symbol id="sm-341">
         <name>ping_trigger</name>
         <value>0x3e13</value>
         <object_component_ref idref="oc-176"/>
      </symbol>
      <symbol id="sm-363">
         <name>servo_move</name>
         <value>0x4539</value>
         <object_component_ref idref="oc-170"/>
      </symbol>
      <symbol id="sm-364">
         <name>servo_init</name>
         <value>0x44a9</value>
         <object_component_ref idref="oc-170"/>
      </symbol>
      <symbol id="sm-365">
         <name>servo_stop</name>
         <value>0x452d</value>
         <object_component_ref idref="oc-170"/>
      </symbol>
      <symbol id="sm-366">
         <name>servo_setPWM</name>
         <value>0x4599</value>
         <object_component_ref idref="oc-170"/>
      </symbol>
      <symbol id="sm-3c1">
         <name>tanl</name>
         <value>0x2885</value>
         <object_component_ref idref="oc-f1"/>
      </symbol>
      <symbol id="sm-3c2">
         <name>tan</name>
         <value>0x2885</value>
         <object_component_ref idref="oc-f1"/>
      </symbol>
      <symbol id="sm-3f1">
         <name>snprintf</name>
         <value>0x5665</value>
         <object_component_ref idref="oc-e8"/>
      </symbol>
      <symbol id="sm-41b">
         <name>vsnprintf</name>
         <value>0x573d</value>
         <object_component_ref idref="oc-1f5"/>
      </symbol>
      <symbol id="sm-432">
         <name>__aeabi_dsub</name>
         <value>0x4149</value>
         <object_component_ref idref="oc-1c9"/>
      </symbol>
      <symbol id="sm-433">
         <name>__aeabi_dadd</name>
         <value>0x4153</value>
         <object_component_ref idref="oc-1c9"/>
      </symbol>
      <symbol id="sm-455">
         <name>__aeabi_cdcmpeq</name>
         <value>0x517d</value>
         <object_component_ref idref="oc-1ce"/>
      </symbol>
      <symbol id="sm-456">
         <name>__aeabi_cdcmple</name>
         <value>0x517d</value>
         <object_component_ref idref="oc-1ce"/>
      </symbol>
      <symbol id="sm-457">
         <name>__aeabi_cdrcmple</name>
         <value>0x5203</value>
         <object_component_ref idref="oc-124"/>
      </symbol>
      <symbol id="sm-46b">
         <name>__aeabi_ddiv</name>
         <value>0x473d</value>
         <object_component_ref idref="oc-221"/>
      </symbol>
      <symbol id="sm-476">
         <name>__aeabi_dmul</name>
         <value>0x4cc1</value>
         <object_component_ref idref="oc-f7"/>
      </symbol>
      <symbol id="sm-480">
         <name>__aeabi_d2iz</name>
         <value>0x56b1</value>
         <object_component_ref idref="oc-1c4"/>
      </symbol>
      <symbol id="sm-48c">
         <name>__aeabi_d2f</name>
         <value>0x53e3</value>
         <object_component_ref idref="oc-fc"/>
      </symbol>
      <symbol id="sm-497">
         <name>__aeabi_f2d</name>
         <value>0x57f5</value>
         <object_component_ref idref="oc-e3"/>
      </symbol>
      <symbol id="sm-4a1">
         <name>__aeabi_i2d</name>
         <value>0x58f5</value>
         <object_component_ref idref="oc-119"/>
      </symbol>
      <symbol id="sm-4bc">
         <name>memcpy</name>
         <value>0x504b</value>
         <object_component_ref idref="oc-3e"/>
      </symbol>
      <symbol id="sm-4bd">
         <name>__aeabi_memcpy</name>
         <value>0x504b</value>
         <object_component_ref idref="oc-3e"/>
      </symbol>
      <symbol id="sm-4be">
         <name>__aeabi_memcpy8</name>
         <value>0x504b</value>
         <object_component_ref idref="oc-3e"/>
      </symbol>
      <symbol id="sm-4bf">
         <name>__aeabi_memcpy4</name>
         <value>0x504b</value>
         <object_component_ref idref="oc-3e"/>
      </symbol>
      <symbol id="sm-4d8">
         <name>__TI_zero_init_nomemset</name>
         <value>0x594d</value>
         <object_component_ref idref="oc-4a"/>
      </symbol>
      <symbol id="sm-4ef">
         <name>__TI_decompress_none</name>
         <value>0x5a8b</value>
         <object_component_ref idref="oc-1b"/>
      </symbol>
      <symbol id="sm-512">
         <name>__TI_decompress_lzss</name>
         <value>0x5451</value>
         <object_component_ref idref="oc-15"/>
      </symbol>
      <symbol id="sm-5a7">
         <name>_sys_memory</name>
         <value>0x20001270</value>
         <object_component_ref idref="oc-24"/>
      </symbol>
      <symbol id="sm-5a8">
         <name>free</name>
         <value>0x4eb5</value>
         <object_component_ref idref="oc-211"/>
      </symbol>
      <symbol id="sm-5a9">
         <name>memalign</name>
         <value>0x4bc1</value>
         <object_component_ref idref="oc-335"/>
      </symbol>
      <symbol id="sm-5aa">
         <name>calloc</name>
         <value>0x57bd</value>
         <object_component_ref idref="oc-113"/>
      </symbol>
      <symbol id="sm-5ab">
         <name>malloc</name>
         <value>0x5ab9</value>
         <object_component_ref idref="oc-22c"/>
      </symbol>
      <symbol id="sm-5ac">
         <name>aligned_alloc</name>
         <value>0x4bc1</value>
         <object_component_ref idref="oc-335"/>
      </symbol>
      <symbol id="sm-5bb">
         <name>strcmp</name>
         <value>0x5a03</value>
         <object_component_ref idref="oc-1fb"/>
      </symbol>
      <symbol id="sm-5c9">
         <name>strcpy</name>
         <value>0x5a31</value>
         <object_component_ref idref="oc-201"/>
      </symbol>
      <symbol id="sm-639">
         <name>__kernel_rem_pio2</name>
         <value>0x214d</value>
         <object_component_ref idref="oc-1d3"/>
      </symbol>
      <symbol id="sm-64c">
         <name>__stack</name>
         <value>0x20000270</value>
         <object_component_ref idref="oc-27"/>
      </symbol>
      <symbol id="sm-64d">
         <name>_c_int00_noargs</name>
         <value>0x5861</value>
         <object_component_ref idref="oc-5c"/>
      </symbol>
      <symbol id="sm-663">
         <name>__aeabi_errno_addr</name>
         <value>0x5ab1</value>
         <object_component_ref idref="oc-1df"/>
      </symbol>
      <symbol id="sm-664">
         <name>errno</name>
         <value>0x20002338</value>
         <object_component_ref idref="oc-2fa"/>
      </symbol>
      <symbol id="sm-683">
         <name>__kernel_tan</name>
         <value>0x30b5</value>
         <object_component_ref idref="oc-1d9"/>
      </symbol>
      <symbol id="sm-6a0">
         <name>floorl</name>
         <value>0x4dbd</value>
         <object_component_ref idref="oc-2e4"/>
      </symbol>
      <symbol id="sm-6a1">
         <name>floor</name>
         <value>0x4dbd</value>
         <object_component_ref idref="oc-2e4"/>
      </symbol>
      <symbol id="sm-6be">
         <name>scalbn</name>
         <value>0x4ab1</value>
         <object_component_ref idref="oc-2de"/>
      </symbol>
      <symbol id="sm-6bf">
         <name>scalbnl</name>
         <value>0x4ab1</value>
         <object_component_ref idref="oc-2de"/>
      </symbol>
      <symbol id="sm-6c0">
         <name>ldexpl</name>
         <value>0x4ab1</value>
         <object_component_ref idref="oc-2de"/>
      </symbol>
      <symbol id="sm-6c1">
         <name>ldexp</name>
         <value>0x4ab1</value>
         <object_component_ref idref="oc-2de"/>
      </symbol>
      <symbol id="sm-826">
         <name>__TI_printfi</name>
         <value>0xe8d</value>
         <object_component_ref idref="oc-19f"/>
      </symbol>
      <symbol id="sm-835">
         <name>__aeabi_memset</name>
         <value>0x528b</value>
         <object_component_ref idref="oc-96"/>
      </symbol>
      <symbol id="sm-836">
         <name>memset</name>
         <value>0x5291</value>
         <object_component_ref idref="oc-96"/>
      </symbol>
      <symbol id="sm-837">
         <name>__aeabi_memset8</name>
         <value>0x528b</value>
         <object_component_ref idref="oc-96"/>
      </symbol>
      <symbol id="sm-838">
         <name>__aeabi_memset4</name>
         <value>0x528b</value>
         <object_component_ref idref="oc-96"/>
      </symbol>
      <symbol id="sm-839">
         <name>__aeabi_memclr8</name>
         <value>0x5289</value>
         <object_component_ref idref="oc-96"/>
      </symbol>
      <symbol id="sm-83a">
         <name>__aeabi_memclr4</name>
         <value>0x5289</value>
         <object_component_ref idref="oc-96"/>
      </symbol>
      <symbol id="sm-83b">
         <name>__aeabi_memclr</name>
         <value>0x5289</value>
         <object_component_ref idref="oc-96"/>
      </symbol>
      <symbol id="sm-848">
         <name>__aeabi_uldivmod</name>
         <value>0x50e7</value>
         <object_component_ref idref="oc-379"/>
      </symbol>
      <symbol id="sm-870">
         <name>__TI_auto_init_nobinit_nopinit</name>
         <value>0x56f9</value>
         <object_component_ref idref="oc-13c"/>
      </symbol>
      <symbol id="sm-87a">
         <name>_system_pre_init</name>
         <value>0x5ac1</value>
         <object_component_ref idref="oc-9c"/>
      </symbol>
      <symbol id="sm-886">
         <name>C$$EXIT</name>
         <value>0x5ac5</value>
         <object_component_ref idref="oc-130"/>
      </symbol>
      <symbol id="sm-887">
         <name>abort</name>
         <value>0x5ac5</value>
         <object_component_ref idref="oc-130"/>
      </symbol>
      <symbol id="sm-89c">
         <name>_nop</name>
         <value>0x18db</value>
         <object_component_ref idref="oc-340"/>
      </symbol>
      <symbol id="sm-89d">
         <name>_lock</name>
         <value>0x2000231c</value>
         <object_component_ref idref="oc-258"/>
      </symbol>
      <symbol id="sm-89e">
         <name>_unlock</name>
         <value>0x20002320</value>
         <object_component_ref idref="oc-258"/>
      </symbol>
      <symbol id="sm-8ad">
         <name>__TI_ltoa</name>
         <value>0x5573</value>
         <object_component_ref idref="oc-37f"/>
      </symbol>
      <symbol id="sm-8c4">
         <name>atoi</name>
         <value>0x5619</value>
         <object_component_ref idref="oc-29b"/>
      </symbol>
      <symbol id="sm-8cf">
         <name>_ctypes_</name>
         <value>0x5c20</value>
         <object_component_ref idref="oc-374"/>
      </symbol>
      <symbol id="sm-8df">
         <name>memccpy</name>
         <value>0x5985</value>
         <object_component_ref idref="oc-2bf"/>
      </symbol>
      <symbol id="sm-8ef">
         <name>strchr</name>
         <value>0x5a1b</value>
         <object_component_ref idref="oc-3a6"/>
      </symbol>
      <symbol id="sm-8fd">
         <name>strlen</name>
         <value>0x5a45</value>
         <object_component_ref idref="oc-295"/>
      </symbol>
      <symbol id="sm-916">
         <name>wcslen</name>
         <value>0x5a59</value>
         <object_component_ref idref="oc-2c5"/>
      </symbol>
      <symbol id="sm-920">
         <name>copysign</name>
         <value>0x59a1</value>
         <object_component_ref idref="oc-3c2"/>
      </symbol>
      <symbol id="sm-921">
         <name>copysignl</name>
         <value>0x59a1</value>
         <object_component_ref idref="oc-3c2"/>
      </symbol>
      <symbol id="sm-937">
         <name>frexpl</name>
         <value>0x54b9</value>
         <object_component_ref idref="oc-3a0"/>
      </symbol>
      <symbol id="sm-938">
         <name>frexp</name>
         <value>0x54b9</value>
         <object_component_ref idref="oc-3a0"/>
      </symbol>
      <symbol id="sm-942">
         <name>__aeabi_idiv0</name>
         <value>0x42ff</value>
         <object_component_ref idref="oc-407"/>
      </symbol>
      <symbol id="sm-943">
         <name>__aeabi_ldiv0</name>
         <value>0x42ff</value>
         <object_component_ref idref="oc-407"/>
      </symbol>
      <symbol id="sm-972">
         <name>IntRegister</name>
         <value>0x582d</value>
         <object_component_ref idref="oc-18b"/>
      </symbol>
      <symbol id="sm-973">
         <name>g_pfnRAMVectors</name>
         <value>0x20000000</value>
         <object_component_ref idref="oc-282"/>
      </symbol>
      <symbol id="sm-974">
         <name>IntMasterEnable</name>
         <value>0x5a6b</value>
         <object_component_ref idref="oc-191"/>
      </symbol>
      <symbol id="sm-97e">
         <name>CPUcpsie</name>
         <value>0x5a99</value>
         <object_component_ref idref="oc-28c"/>
      </symbol>
      <symbol id="sm-97f">
         <name>__TI_static_base__</name>
         <value>0x0</value>
      </symbol>
      <symbol id="sm-982">
         <name>__mpu_init</name>
         <value>0x0</value>
      </symbol>
      <symbol id="sm-983">
         <name>_system_post_cinit</name>
         <value>0x0</value>
      </symbol>
   </symbol_table>
   <title>Link successful</title>
</link_info>
