******************************************************************************
                  TI ARM Linker PC v20.2.7                     
******************************************************************************
>> Linked Wed Apr  1 14:03:45 2026

OUTPUT FILE NAME:   <lab8.out>
ENTRY POINT SYMBOL: "_c_int00_noargs"  address: 00005861


MEMORY CONFIGURATION

         name            origin    length      used     unused   attr    fill
----------------------  --------  ---------  --------  --------  ----  --------
  FLASH                 00000000   00040000  00005e13  0003a1ed  R  X
  SRAM                  20000000   00008000  00002336  00005cca  RW X


SEGMENT ALLOCATION MAP

run origin  load origin   length   init length attrs members
----------  ----------- ---------- ----------- ----- -------
00000000    00000000    00005e18   00005e18    r-x
  00000000    00000000    0000026c   0000026c    r-- .intvecs
  0000026c    0000026c    0000585c   0000585c    r-x .text
  00005ac8    00005ac8    000002f3   000002f3    r-- .const
  00005dc0    00005dc0    00000058   00000058    r-- .cinit
20000000    20000000    0000233d   00000000    rw-
  20000000    20000000    0000026c   00000000    rw- .vtable
  20000270    20000270    00001000   00000000    rw- .stack
  20001270    20001270    00001000   00000000    rw- .sysmem
  20002270    20002270    00000089   00000000    rw- .bss
  200022fc    200022fc    00000041   00000000    rw- .data


SECTION ALLOCATION MAP

 output                                  attributes/
section   page    origin      length       input sections
--------  ----  ----------  ----------   ----------------
.intvecs   0    00000000    0000026c     
                  00000000    0000026c     tm4c123gh6pm_startup_ccs.obj (.intvecs)

.text      0    0000026c    0000585c     
                  0000026c    00000c20     open_interface.obj (.text)
                  00000e8c    00000a4e     rtsv7M4_T_le_v4SPD16_eabi.lib : _printfi.c.obj (.text:__TI_printfi)
                  000018da    00000002                                   : _lock.c.obj (.text:_nop)
                  000018dc    00000870     lab6-interrupt_template.obj (.text)
                  0000214c    00000738     rtsv7M4_T_le_v4SPD16_eabi.lib : k_rem_pio2.c.obj (.text:__kernel_rem_pio2)
                  00002884    00000508                                   : s_tan.c.obj (.text:tan)
                  00002d8c    00000328     lcd.obj (.text)
                  000030b4    0000031c     rtsv7M4_T_le_v4SPD16_eabi.lib : k_tan.c.obj (.text:__kernel_tan)
                  000033d0    000002a4     movement.obj (.text)
                  00003674    00000270     rtsv7M4_T_le_v4SPD16_eabi.lib : _printfi.c.obj (.text:_pconv_a)
                  000038e4    00000260     libcybotScan.lib : cyBot_Scan.obj (.text)
                  00003b44    00000248     Timer.obj (.text)
                  00003d8c    000001ec     libcybotScan.lib : ping.obj (.text)
                  00003f78    000001d0     rtsv7M4_T_le_v4SPD16_eabi.lib : _printfi.c.obj (.text:_pconv_g)
                  00004148    000001b6                                   : fd_add_t2.asm.obj (.text)
                  000042fe    00000002                                   : div0.asm.obj (.text)
                  00004300    000001a8     uart-interrupt.obj (.text)
                  000044a8    00000158     libcybotScan.lib : servo.obj (.text)
                  00004600    0000013c     rtsv7M4_T_le_v4SPD16_eabi.lib : _printfi.c.obj (.text:_pconv_e)
                  0000473c    00000136                                   : fd_div_t2.asm.obj (.text)
                  00004872    00000002     --HOLE-- [fill = 0]
                  00004874    00000124                                   : _printfi.c.obj (.text:fcvt)
                  00004998    00000118     libcybotScan.lib : ir.obj (.text)
                  00004ab0    00000110     rtsv7M4_T_le_v4SPD16_eabi.lib : s_scalbn.c.obj (.text:scalbn)
                  00004bc0    00000100                                   : memory.c.obj (.text:aligned_alloc)
                  00004cc0    000000fc                                   : fd_mul_t2.asm.obj (.text)
                  00004dbc    000000f8                                   : s_floor.c.obj (.text:floor)
                  00004eb4    000000e4                                   : memory.c.obj (.text:free)
                  00004f98    000000b1                                   : _printfi.c.obj (.text:_ltostr)
                  00005049    00000001     --HOLE-- [fill = 0]
                  0000504a    0000009c                                   : memcpy_t2.asm.obj (.text)
                  000050e6    00000096                                   : ull_div_t2.asm.obj (.text)
                  0000517c    00000086                                   : fd_cmp_t2.asm.obj (.text:__aeabi_cdcmple)
                  00005202    00000086                                   : fd_cmp_t2.asm.obj (.text:__aeabi_cdrcmple)
                  00005288    0000007a                                   : memset_t2.asm.obj (.text)
                  00005302    00000002     --HOLE-- [fill = 0]
                  00005304    00000070                                   : memory.c.obj (.text:split)
                  00005374    0000006e                                   : _printfi.c.obj (.text:_mcpy)
                  000053e2    0000006e                                   : fd_tos_t2.asm.obj (.text)
                  00005450    00000068                                   : copy_decompress_lzss.c.obj (.text:decompress:lzss:__TI_decompress_lzss)
                  000054b8    00000064                                   : s_frexp.c.obj (.text:frexp)
                  0000551c    00000056                                   : _printfi.c.obj (.text:_pconv_f)
                  00005572    00000054                                   : _ltoa.c.obj (.text:__TI_ltoa)
                  000055c6    00000052                                   : _printfi.c.obj (.text:_ecpy)
                  00005618    0000004c                                   : atoi.c.obj (.text:atoi)
                  00005664    0000004c                                   : snprintf.c.obj (.text:snprintf)
                  000056b0    00000048                                   : fd_toi_t2.asm.obj (.text)
                  000056f8    00000044                                   : autoinit.c.obj (.text:__TI_auto_init_nobinit_nopinit:__TI_auto_init_nobinit_nopinit)
                  0000573c    00000040                                   : vsnprintf.c.obj (.text:vsnprintf)
                  0000577c    0000003e                                   : _printfi.c.obj (.text:_fcpy)
                  000057ba    00000002     --HOLE-- [fill = 0]
                  000057bc    00000038                                   : memory.c.obj (.text:calloc)
                  000057f4    00000038                                   : fs_tod_t2.asm.obj (.text)
                  0000582c    00000034     driverlib.lib : interrupt.obj (.text:IntRegister)
                  00005860    00000034     rtsv7M4_T_le_v4SPD16_eabi.lib : boot_cortex_m.c.obj (.text:_c_int00_noargs:_c_int00_noargs)
                  00005894    00000030                                   : snprintf.c.obj (.text:_outs)
                  000058c4    00000030                                   : vsnprintf.c.obj (.text:_outs)
                  000058f4    0000002e                                   : i_tofd_t2.asm.obj (.text)
                  00005922    00000002     --HOLE-- [fill = 0]
                  00005924    00000028                                   : memory.c.obj (.text:free_list_insert)
                  0000594c    0000001c                                   : copy_zero_init.c.obj (.text:decompress:ZI:__TI_zero_init_nomemset:__TI_zero_init_nomemset)
                  00005968    0000001c                                   : memory.c.obj (.text:free_list_remove)
                  00005984    0000001c                                   : memccpy.c.obj (.text:memccpy)
                  000059a0    0000001a                                   : s_copysign.c.obj (.text:copysign)
                  000059ba    00000018                                   : snprintf.c.obj (.text:_outc)
                  000059d2    00000018                                   : vsnprintf.c.obj (.text:_outc)
                  000059ea    00000018     open_interface.obj (.text:oi_parseInt)
                  00005a02    00000018     rtsv7M4_T_le_v4SPD16_eabi.lib : strcmp.c.obj (.text:strcmp)
                  00005a1a    00000016                                   : strchr.c.obj (.text:strchr)
                  00005a30    00000014                                   : strcpy.c.obj (.text:strcpy)
                  00005a44    00000014                                   : strlen.c.obj (.text:strlen)
                  00005a58    00000012                                   : wcslen.c.obj (.text:wcslen)
                  00005a6a    00000010     driverlib.lib : interrupt.obj (.text:IntMasterEnable)
                  00005a7a    00000010     lcd.obj (.text:lcd_clear)
                  00005a8a    0000000e     rtsv7M4_T_le_v4SPD16_eabi.lib : copy_decompress_none.c.obj (.text:decompress:none:__TI_decompress_none)
                  00005a98    0000000c     driverlib.lib : cpu.obj (.text:CPUcpsie)
                  00005aa4    0000000c     tm4c123gh6pm_startup_ccs.obj (.text)
                  00005ab0    00000008     rtsv7M4_T_le_v4SPD16_eabi.lib : errno.c.obj (.text:__aeabi_errno_addr)
                  00005ab8    00000008                                   : memory.c.obj (.text:malloc)
                  00005ac0    00000004                                   : pre_init.c.obj (.text:_system_pre_init)
                  00005ac4    00000004                                   : exit.c.obj (.text:abort:abort)

.const     0    00005ac8    000002f3     
                  00005ac8    00000158     rtsv7M4_T_le_v4SPD16_eabi.lib : k_rem_pio2.c.obj (.const:$O1$$)
                  00005c20    00000101                                   : ctype.c.obj (.const:.string:_ctypes_)
                  00005d21    00000004     lcd.obj (.const:.string:lineAddress$1)
                  00005d25    00000003     --HOLE-- [fill = 0]
                  00005d28    00000080     rtsv7M4_T_le_v4SPD16_eabi.lib : k_tan.c.obj (.const:xxx)
                  00005da8    0000000f     open_interface.obj (.const:.string:$P$T0$3)
                  00005db7    00000004     lcd.obj (.const:.string:lineAddresses$2)

.cinit     0    00005dc0    00000058     
                  00005dc0    0000001f     (.cinit..data.load) [load image, compression = lzss]
                  00005ddf    00000001     --HOLE-- [fill = 0]
                  00005de0    0000000c     (__TI_handler_table)
                  00005dec    00000004     --HOLE-- [fill = 0]
                  00005df0    00000008     (.cinit..bss.load) [load image, compression = zero_init]
                  00005df8    00000008     (.cinit..vtable.load) [load image, compression = zero_init]
                  00005e00    00000018     (__TI_cinit_table)

.init_array 
*          0    00000000    00000000     UNINITIALIZED

.vtable    0    20000000    0000026c     UNINITIALIZED
                  20000000    0000026c     driverlib.lib : interrupt.obj (.vtable)

.stack     0    20000270    00001000     UNINITIALIZED
                  20000270    00000004     rtsv7M4_T_le_v4SPD16_eabi.lib : boot_cortex_m.c.obj (.stack)
                  20000274    00000ffc     --HOLE--

.sysmem    0    20001270    00001000     UNINITIALIZED
                  20001270    00000010     rtsv7M4_T_le_v4SPD16_eabi.lib : memory.c.obj (.sysmem)
                  20001280    00000ff0     --HOLE--

.bss       0    20002270    00000089     UNINITIALIZED
                  20002270    00000054     lcd.obj (.bss:lastbuffer$3)
                  200022c4    00000018     open_interface.obj (.bss:firmware$2)
                  200022dc    00000004     (.common:_timeout_ticks)
                  200022e0    00000004     (.common:fallingEdge)
                  200022e4    00000004     (.common:isr_int_value)
                  200022e8    00000004     (.common:left_calibration_value)
                  200022ec    00000004     (.common:pulseLength)
                  200022f0    00000004     (.common:right_calibration_value)
                  200022f4    00000004     (.common:risingEdge)
                  200022f8    00000001     (.common:isRisingEdge)

.data      0    200022fc    00000041     UNINITIALIZED
                  200022fc    00000020     open_interface.obj (.data)
                  2000231c    00000008     rtsv7M4_T_le_v4SPD16_eabi.lib : _lock.c.obj (.data:$O1$$)
                  20002324    00000008                                   : memory.c.obj (.data:$O1$$)
                  2000232c    00000008     uart-interrupt.obj (.data)
                  20002334    00000004     libcybotScan.lib : cyBot_Scan.obj (.data)
                  20002338    00000004     rtsv7M4_T_le_v4SPD16_eabi.lib : errno.c.obj (.data)
                  2000233c    00000001     Timer.obj (.data)

__llvm_prf_cnts 
*          0    20000000    00000000     UNINITIALIZED

MODULE SUMMARY

       Module                         code    ro data   rw data
       ------                         ----    -------   -------
    .\
       open_interface.obj             3128    15        56     
       lab6-interrupt_template.obj    2160    0         8      
       lcd.obj                        824     8         84     
       movement.obj                   676     0         0      
       tm4c123gh6pm_startup_ccs.obj   12      620       0      
       Timer.obj                      584     0         5      
       uart-interrupt.obj             424     0         8      
    +--+------------------------------+-------+---------+---------+
       Total:                         7808    643       161    
                                                               
    ../libcybotScan.lib
       cyBot_Scan.obj                 608     0         4      
       ping.obj                       492     0         13     
       servo.obj                      344     0         0      
       ir.obj                         280     0         4      
    +--+------------------------------+-------+---------+---------+
       Total:                         1724    0         21     
                                                               
    C:/ti/TivaWare_C_Series-2.2.0.295/driverlib/ccs/Debug/driverlib.lib
       interrupt.obj                  68      0         620    
       cpu.obj                        12      0         0      
    +--+------------------------------+-------+---------+---------+
       Total:                         80      0         620    
                                                               
    C:\ti\ccs1271\ccs\tools\compiler\ti-cgt-arm_20.2.7.LTS\lib\rtsv7M4_T_le_v4SPD16_eabi.lib
       _printfi.c.obj                 4851    0         0      
       k_rem_pio2.c.obj               1848    344       0      
       s_tan.c.obj                    1288    0         0      
       k_tan.c.obj                    796     128       0      
       memory.c.obj                   728     0         8      
       fd_add_t2.asm.obj              438     0         0      
       fd_div_t2.asm.obj              310     0         0      
       s_scalbn.c.obj                 272     0         0      
       fd_cmp_t2.asm.obj              268     0         0      
       ctype.c.obj                    0       257       0      
       fd_mul_t2.asm.obj              252     0         0      
       s_floor.c.obj                  248     0         0      
       memcpy_t2.asm.obj              156     0         0      
       ull_div_t2.asm.obj             150     0         0      
       snprintf.c.obj                 148     0         0      
       vsnprintf.c.obj                136     0         0      
       memset_t2.asm.obj              122     0         0      
       fd_tos_t2.asm.obj              110     0         0      
       copy_decompress_lzss.c.obj     104     0         0      
       s_frexp.c.obj                  100     0         0      
       _ltoa.c.obj                    84      0         0      
       atoi.c.obj                     76      0         0      
       fd_toi_t2.asm.obj              72      0         0      
       autoinit.c.obj                 68      0         0      
       fs_tod_t2.asm.obj              56      0         0      
       boot_cortex_m.c.obj            52      0         0      
       i_tofd_t2.asm.obj              46      0         0      
       copy_zero_init.c.obj           28      0         0      
       memccpy.c.obj                  28      0         0      
       s_copysign.c.obj               26      0         0      
       strcmp.c.obj                   24      0         0      
       strchr.c.obj                   22      0         0      
       strcpy.c.obj                   20      0         0      
       strlen.c.obj                   20      0         0      
       wcslen.c.obj                   18      0         0      
       copy_decompress_none.c.obj     14      0         0      
       errno.c.obj                    8       0         4      
       _lock.c.obj                    2       0         8      
       exit.c.obj                     4       0         0      
       pre_init.c.obj                 4       0         0      
       div0.asm.obj                   2       0         0      
    +--+------------------------------+-------+---------+---------+
       Total:                         12999   729       20     
                                                               
       Heap:                          0       0         4096   
       Stack:                         0       0         4096   
       Linker Generated:              0       83        0      
    +--+------------------------------+-------+---------+---------+
       Grand Total:                   22611   1455      9014   


LINKER GENERATED COPY TABLES

__TI_cinit_table @ 00005e00 records: 3, size/record: 8, table size: 24
	.data: load addr=00005dc0, load size=0000001f bytes, run addr=200022fc, run size=00000041 bytes, compression=lzss
	.bss: load addr=00005df0, load size=00000008 bytes, run addr=20002270, run size=00000089 bytes, compression=zero_init
	.vtable: load addr=00005df8, load size=00000008 bytes, run addr=20000000, run size=0000026c bytes, compression=zero_init


LINKER GENERATED HANDLER TABLE

__TI_handler_table @ 00005de0 records: 3, size/record: 4, table size: 12
	index: 0, handler: __TI_zero_init
	index: 1, handler: __TI_decompress_lzss
	index: 2, handler: __TI_decompress_none


GLOBAL SYMBOLS: SORTED ALPHABETICALLY BY Name 

address   name                          
-------   ----                          
00004a31  ADC0SS0_Handler               
00005ac5  C$$EXIT                       
00005a99  CPUcpsie                      
00000bc3  GPIOF_Handler                 
00005a6b  IntMasterEnable               
0000582d  IntRegister                   
00005aa5  ResetISR                      
00003e7d  TIMER3B_Handler               
000043ff  UART1_Handler                 
20001270  __STACK_END                   
00001000  __STACK_SIZE                  
20000470  __STACK_TOP                   
00001000  __SYSMEM_SIZE                 
00005e00  __TI_CINIT_Base               
00005e18  __TI_CINIT_Limit              
00005de0  __TI_Handler_Table_Base       
00005dec  __TI_Handler_Table_Limit      
000056f9  __TI_auto_init_nobinit_nopinit
00005451  __TI_decompress_lzss          
00005a8b  __TI_decompress_none          
00005573  __TI_ltoa                     
ffffffff  __TI_pprof_out_hndl           
00000e8d  __TI_printfi                  
ffffffff  __TI_prof_data_size           
ffffffff  __TI_prof_data_start          
00000000  __TI_static_base__            
0000594d  __TI_zero_init_nomemset       
0000517d  __aeabi_cdcmpeq               
0000517d  __aeabi_cdcmple               
00005203  __aeabi_cdrcmple              
000053e3  __aeabi_d2f                   
000056b1  __aeabi_d2iz                  
00004153  __aeabi_dadd                  
0000473d  __aeabi_ddiv                  
00004cc1  __aeabi_dmul                  
00004149  __aeabi_dsub                  
00005ab1  __aeabi_errno_addr            
000057f5  __aeabi_f2d                   
000058f5  __aeabi_i2d                   
000042ff  __aeabi_idiv0                 
000042ff  __aeabi_ldiv0                 
00005289  __aeabi_memclr                
00005289  __aeabi_memclr4               
00005289  __aeabi_memclr8               
0000504b  __aeabi_memcpy                
0000504b  __aeabi_memcpy4               
0000504b  __aeabi_memcpy8               
0000528b  __aeabi_memset                
0000528b  __aeabi_memset4               
0000528b  __aeabi_memset8               
000050e7  __aeabi_uldivmod              
ffffffff  __binit__                     
ffffffff  __c_args__                    
0000214d  __kernel_rem_pio2             
000030b5  __kernel_tan                  
UNDEFED   __mpu_init                    
20000270  __stack                       
20000000  __start___llvm_prf_cnts       
20000000  __stop___llvm_prf_cnts        
00005861  _c_int00_noargs               
00005c20  _ctypes_                      
2000231c  _lock                         
000018db  _nop                          
2000233c  _running                      
20001270  _sys_memory                   
UNDEFED   _system_post_cinit            
00005ac1  _system_pre_init              
200022dc  _timeout_ticks                
20002320  _unlock                       
00005ac5  abort                         
00004bc1  aligned_alloc                 
00005619  atoi                          
000018dd  avgIR                         
ffffffff  binit                         
000057bd  calloc                        
2000232c  command_byte                  
20002330  command_flag                  
000059a1  copysign                      
000059a1  copysignl                     
000039bd  cyBOT_SERVO_cal               
0000394b  cyBOT_Scan                    
000038f3  cyBOT_init_Scan               
20002334  cyBOT_scan_features           
000038e5  cyBOT_scan_version            
00001979  detectObject                  
20002338  errno                         
200022e0  fallingEdge                   
00004dbd  floor                         
00004dbd  floorl                        
00004eb5  free                          
000054b9  frexp                         
000054b9  frexpl                        
20000000  g_pfnRAMVectors               
00000000  g_pfnVectors                  
0000193f  getReliableDist               
0000097f  go_charge                     
00004a47  ir_enableInterrupt            
00004a29  ir_getDistance                
00004a01  ir_getValue                   
00004999  ir_init                       
200022f8  isRisingEdge                  
200022e4  isr_int_value                 
00005a7b  lcd_clear                     
00002f61  lcd_gotoLine                  
00002dc9  lcd_init                      
00002fc7  lcd_printf                    
00002e89  lcd_putc                      
00002ec1  lcd_puts                      
00002d8d  lcd_reverseNibble             
00002edf  lcd_sendCommand               
00002f1d  lcd_sendNibble                
00002f89  lcd_setCursorPos              
00004ab1  ldexp                         
00004ab1  ldexpl                        
200022e8  left_calibration_value        
00001ef5  main                          
00005ab9  malloc                        
00004bc1  memalign                      
00005985  memccpy                       
0000504b  memcpy                        
00005291  memset                        
200022fc  motor_cal_factor_L            
20002300  motor_cal_factor_R            
000033d1  move_backward                 
00003523  move_forward                  
0000026d  oi_alloc                      
00000aa9  oi_checkFirmware              
000002c7  oi_close                      
00000279  oi_free                       
00000ded  oi_getMotorCalibrationLeft    
00000e01  oi_getMotorCalibrationRight   
000002b1  oi_init                       
00000289  oi_init_noupdate              
00000915  oi_loadSong                   
000059eb  oi_parseInt                   
0000032b  oi_parsePacket                
0000096b  oi_play_song                  
0000084b  oi_setLeds                    
00000db1  oi_setMotorCalibration        
0000088f  oi_setWheels                  
00000b51  oi_shutoff_init               
0000098d  oi_uartInit                   
00000a31  oi_uartReceive                
00000a77  oi_uartSendBuff               
00000a15  oi_uartSendChar               
00000a59  oi_uartSendStr                
000002d9  oi_update                     
00003ecf  ping_getDistance              
00003d8d  ping_init                     
00003e13  ping_trigger                  
200022ec  pulseLength                   
200022f0  right_calibration_value       
200022f4  risingEdge                    
00004ab1  scalbn                        
00004ab1  scalbnl                       
000044a9  servo_init                    
00004539  servo_move                    
00004599  servo_setPWM                  
0000452d  servo_stop                    
00005665  snprintf                      
00005a1b  strchr                        
00005a03  strcmp                        
00005a31  strcpy                        
00005a45  strlen                        
00002885  tan                           
00002885  tanl                          
00003c63  timer_getMicros               
00003c0b  timer_getMillis               
00003b45  timer_init                    
00003be7  timer_pause                   
00003bf9  timer_resume                  
00003bbd  timer_stop                    
00003cbd  timer_waitMicros              
00003cef  timer_waitMillis              
00003447  turn_Clockwise                
000034bd  turn_CntrClockwise            
00004301  uart_interrupt_init           
000043c5  uart_sendChar                 
000043e1  uart_sendStr                  
0000573d  vsnprintf                     
00005a59  wcslen                        


GLOBAL SYMBOLS: SORTED BY Symbol Address 

address   name                          
-------   ----                          
00000000  __TI_static_base__            
00000000  g_pfnVectors                  
0000026d  oi_alloc                      
00000279  oi_free                       
00000289  oi_init_noupdate              
000002b1  oi_init                       
000002c7  oi_close                      
000002d9  oi_update                     
0000032b  oi_parsePacket                
0000084b  oi_setLeds                    
0000088f  oi_setWheels                  
00000915  oi_loadSong                   
0000096b  oi_play_song                  
0000097f  go_charge                     
0000098d  oi_uartInit                   
00000a15  oi_uartSendChar               
00000a31  oi_uartReceive                
00000a59  oi_uartSendStr                
00000a77  oi_uartSendBuff               
00000aa9  oi_checkFirmware              
00000b51  oi_shutoff_init               
00000bc3  GPIOF_Handler                 
00000db1  oi_setMotorCalibration        
00000ded  oi_getMotorCalibrationLeft    
00000e01  oi_getMotorCalibrationRight   
00000e8d  __TI_printfi                  
00001000  __STACK_SIZE                  
00001000  __SYSMEM_SIZE                 
000018db  _nop                          
000018dd  avgIR                         
0000193f  getReliableDist               
00001979  detectObject                  
00001ef5  main                          
0000214d  __kernel_rem_pio2             
00002885  tan                           
00002885  tanl                          
00002d8d  lcd_reverseNibble             
00002dc9  lcd_init                      
00002e89  lcd_putc                      
00002ec1  lcd_puts                      
00002edf  lcd_sendCommand               
00002f1d  lcd_sendNibble                
00002f61  lcd_gotoLine                  
00002f89  lcd_setCursorPos              
00002fc7  lcd_printf                    
000030b5  __kernel_tan                  
000033d1  move_backward                 
00003447  turn_Clockwise                
000034bd  turn_CntrClockwise            
00003523  move_forward                  
000038e5  cyBOT_scan_version            
000038f3  cyBOT_init_Scan               
0000394b  cyBOT_Scan                    
000039bd  cyBOT_SERVO_cal               
00003b45  timer_init                    
00003bbd  timer_stop                    
00003be7  timer_pause                   
00003bf9  timer_resume                  
00003c0b  timer_getMillis               
00003c63  timer_getMicros               
00003cbd  timer_waitMicros              
00003cef  timer_waitMillis              
00003d8d  ping_init                     
00003e13  ping_trigger                  
00003e7d  TIMER3B_Handler               
00003ecf  ping_getDistance              
00004149  __aeabi_dsub                  
00004153  __aeabi_dadd                  
000042ff  __aeabi_idiv0                 
000042ff  __aeabi_ldiv0                 
00004301  uart_interrupt_init           
000043c5  uart_sendChar                 
000043e1  uart_sendStr                  
000043ff  UART1_Handler                 
000044a9  servo_init                    
0000452d  servo_stop                    
00004539  servo_move                    
00004599  servo_setPWM                  
0000473d  __aeabi_ddiv                  
00004999  ir_init                       
00004a01  ir_getValue                   
00004a29  ir_getDistance                
00004a31  ADC0SS0_Handler               
00004a47  ir_enableInterrupt            
00004ab1  ldexp                         
00004ab1  ldexpl                        
00004ab1  scalbn                        
00004ab1  scalbnl                       
00004bc1  aligned_alloc                 
00004bc1  memalign                      
00004cc1  __aeabi_dmul                  
00004dbd  floor                         
00004dbd  floorl                        
00004eb5  free                          
0000504b  __aeabi_memcpy                
0000504b  __aeabi_memcpy4               
0000504b  __aeabi_memcpy8               
0000504b  memcpy                        
000050e7  __aeabi_uldivmod              
0000517d  __aeabi_cdcmpeq               
0000517d  __aeabi_cdcmple               
00005203  __aeabi_cdrcmple              
00005289  __aeabi_memclr                
00005289  __aeabi_memclr4               
00005289  __aeabi_memclr8               
0000528b  __aeabi_memset                
0000528b  __aeabi_memset4               
0000528b  __aeabi_memset8               
00005291  memset                        
000053e3  __aeabi_d2f                   
00005451  __TI_decompress_lzss          
000054b9  frexp                         
000054b9  frexpl                        
00005573  __TI_ltoa                     
00005619  atoi                          
00005665  snprintf                      
000056b1  __aeabi_d2iz                  
000056f9  __TI_auto_init_nobinit_nopinit
0000573d  vsnprintf                     
000057bd  calloc                        
000057f5  __aeabi_f2d                   
0000582d  IntRegister                   
00005861  _c_int00_noargs               
000058f5  __aeabi_i2d                   
0000594d  __TI_zero_init_nomemset       
00005985  memccpy                       
000059a1  copysign                      
000059a1  copysignl                     
000059eb  oi_parseInt                   
00005a03  strcmp                        
00005a1b  strchr                        
00005a31  strcpy                        
00005a45  strlen                        
00005a59  wcslen                        
00005a6b  IntMasterEnable               
00005a7b  lcd_clear                     
00005a8b  __TI_decompress_none          
00005a99  CPUcpsie                      
00005aa5  ResetISR                      
00005ab1  __aeabi_errno_addr            
00005ab9  malloc                        
00005ac1  _system_pre_init              
00005ac5  C$$EXIT                       
00005ac5  abort                         
00005c20  _ctypes_                      
00005de0  __TI_Handler_Table_Base       
00005dec  __TI_Handler_Table_Limit      
00005e00  __TI_CINIT_Base               
00005e18  __TI_CINIT_Limit              
20000000  __start___llvm_prf_cnts       
20000000  __stop___llvm_prf_cnts        
20000000  g_pfnRAMVectors               
20000270  __stack                       
20000470  __STACK_TOP                   
20001270  __STACK_END                   
20001270  _sys_memory                   
200022dc  _timeout_ticks                
200022e0  fallingEdge                   
200022e4  isr_int_value                 
200022e8  left_calibration_value        
200022ec  pulseLength                   
200022f0  right_calibration_value       
200022f4  risingEdge                    
200022f8  isRisingEdge                  
200022fc  motor_cal_factor_L            
20002300  motor_cal_factor_R            
2000231c  _lock                         
20002320  _unlock                       
2000232c  command_byte                  
20002330  command_flag                  
20002334  cyBOT_scan_features           
20002338  errno                         
2000233c  _running                      
ffffffff  __TI_pprof_out_hndl           
ffffffff  __TI_prof_data_size           
ffffffff  __TI_prof_data_start          
ffffffff  __binit__                     
ffffffff  __c_args__                    
ffffffff  binit                         
UNDEFED   __mpu_init                    
UNDEFED   _system_post_cinit            

[181 symbols]
