******************************************************************************
                  TI ARM Linker PC v20.2.7                     
******************************************************************************
>> Linked Wed Mar 11 11:22:31 2026

OUTPUT FILE NAME:   <lab6.out>
ENTRY POINT SYMBOL: "_c_int00_noargs"  address: 00002709


MEMORY CONFIGURATION

         name            origin    length      used     unused   attr    fill
----------------------  --------  ---------  --------  --------  ----  --------
  FLASH                 00000000   00040000  00002a0d  0003d5f3  R  X
  SRAM                  20000000   00008000  000012d1  00006d2f  RW X


SEGMENT ALLOCATION MAP

run origin  load origin   length   init length attrs members
----------  ----------- ---------- ----------- ----- -------
00000000    00000000    00002a10   00002a10    r-x
  00000000    00000000    0000026c   0000026c    r-- .intvecs
  0000026c    0000026c    00002658   00002658    r-x .text
  000028c4    000028c4    00000109   00000109    r-- .const
  000029d0    000029d0    00000040   00000040    r-- .cinit
20000000    20000000    000012d5   00000000    rw-
  20000000    20000000    0000026c   00000000    rw- .vtable
  20000270    20000270    00001000   00000000    rw- .stack
  20001270    20001270    00000058   00000000    rw- .bss
  200012c8    200012c8    0000000d   00000000    rw- .data


SECTION ALLOCATION MAP

 output                                  attributes/
section   page    origin      length       input sections
--------  ----  ----------  ----------   ----------------
.intvecs   0    00000000    0000026c     
                  00000000    0000026c     tm4c123gh6pm_startup_ccs.obj (.intvecs)

.text      0    0000026c    00002658     
                  0000026c    00000a4e     rtsv7M4_T_le_v4SPD16_eabi.lib : _printfi.c.obj (.text:__TI_printfi)
                  00000cba    00000002                                   : div0.asm.obj (.text)
                  00000cbc    00000328     lcd.obj (.text)
                  00000fe4    00000270     rtsv7M4_T_le_v4SPD16_eabi.lib : _printfi.c.obj (.text:_pconv_a)
                  00001254    00000248     Timer.obj (.text)
                  0000149c    000001d0     rtsv7M4_T_le_v4SPD16_eabi.lib : _printfi.c.obj (.text:_pconv_g)
                  0000166c    000001b6                                   : fd_add_t2.asm.obj (.text)
                  00001822    00000002     --HOLE-- [fill = 0]
                  00001824    000001a8     uart-interrupt.obj (.text)
                  000019cc    0000013c     rtsv7M4_T_le_v4SPD16_eabi.lib : _printfi.c.obj (.text:_pconv_e)
                  00001b08    00000136                                   : fd_div_t2.asm.obj (.text)
                  00001c3e    00000002     --HOLE-- [fill = 0]
                  00001c40    00000124                                   : _printfi.c.obj (.text:fcvt)
                  00001d64    00000110                                   : s_scalbn.c.obj (.text:scalbn)
                  00001e74    000000fc                                   : fd_mul_t2.asm.obj (.text)
                  00001f70    000000b1                                   : _printfi.c.obj (.text:_ltostr)
                  00002021    00000001     --HOLE-- [fill = 0]
                  00002022    0000009c                                   : memcpy_t2.asm.obj (.text)
                  000020be    00000096                                   : ull_div_t2.asm.obj (.text)
                  00002154    00000086                                   : fd_cmp_t2.asm.obj (.text:__aeabi_cdcmple)
                  000021da    00000086                                   : fd_cmp_t2.asm.obj (.text:__aeabi_cdrcmple)
                  00002260    0000007a                                   : memset_t2.asm.obj (.text)
                  000022da    0000006e                                   : _printfi.c.obj (.text:_mcpy)
                  00002348    0000006c     lab6-interrupt_template.obj (.text)
                  000023b4    00000068     rtsv7M4_T_le_v4SPD16_eabi.lib : copy_decompress_lzss.c.obj (.text:decompress:lzss:__TI_decompress_lzss)
                  0000241c    00000064                                   : s_frexp.c.obj (.text:frexp)
                  00002480    00000056                                   : _printfi.c.obj (.text:_pconv_f)
                  000024d6    00000054                                   : _ltoa.c.obj (.text:__TI_ltoa)
                  0000252a    00000052                                   : _printfi.c.obj (.text:_ecpy)
                  0000257c    0000004c                                   : atoi.c.obj (.text:atoi)
                  000025c8    00000048                                   : fd_toi_t2.asm.obj (.text)
                  00002610    00000044                                   : autoinit.c.obj (.text:__TI_auto_init_nobinit_nopinit:__TI_auto_init_nobinit_nopinit)
                  00002654    00000040                                   : vsnprintf.c.obj (.text:vsnprintf)
                  00002694    0000003e                                   : _printfi.c.obj (.text:_fcpy)
                  000026d2    00000002     --HOLE-- [fill = 0]
                  000026d4    00000034     driverlib.lib : interrupt.obj (.text:IntRegister)
                  00002708    00000034     rtsv7M4_T_le_v4SPD16_eabi.lib : boot_cortex_m.c.obj (.text:_c_int00_noargs:_c_int00_noargs)
                  0000273c    00000030                                   : vsnprintf.c.obj (.text:_outs)
                  0000276c    0000002e                                   : i_tofd_t2.asm.obj (.text)
                  0000279a    0000001c                                   : copy_zero_init.c.obj (.text:decompress:ZI:__TI_zero_init_nomemset:__TI_zero_init_nomemset)
                  000027b6    0000001c                                   : memccpy.c.obj (.text:memccpy)
                  000027d2    0000001a                                   : s_copysign.c.obj (.text:copysign)
                  000027ec    00000018                                   : vsnprintf.c.obj (.text:_outc)
                  00002804    00000018                                   : strcmp.c.obj (.text:strcmp)
                  0000281c    00000016                                   : strchr.c.obj (.text:strchr)
                  00002832    00000014                                   : strcpy.c.obj (.text:strcpy)
                  00002846    00000014                                   : strlen.c.obj (.text:strlen)
                  0000285a    00000012                                   : wcslen.c.obj (.text:wcslen)
                  0000286c    00000010     driverlib.lib : interrupt.obj (.text:IntMasterEnable)
                  0000287c    00000010     lcd.obj (.text:lcd_clear)
                  0000288c    0000000e     rtsv7M4_T_le_v4SPD16_eabi.lib : copy_decompress_none.c.obj (.text:decompress:none:__TI_decompress_none)
                  0000289a    0000000c     driverlib.lib : cpu.obj (.text:CPUcpsie)
                  000028a6    0000000c     tm4c123gh6pm_startup_ccs.obj (.text)
                  000028b2    00000002     --HOLE-- [fill = 0]
                  000028b4    00000008     rtsv7M4_T_le_v4SPD16_eabi.lib : errno.c.obj (.text:__aeabi_errno_addr)
                  000028bc    00000004                                   : pre_init.c.obj (.text:_system_pre_init)
                  000028c0    00000004                                   : exit.c.obj (.text:abort:abort)

.const     0    000028c4    00000109     
                  000028c4    00000101     rtsv7M4_T_le_v4SPD16_eabi.lib : ctype.c.obj (.const:.string:_ctypes_)
                  000029c5    00000004     lcd.obj (.const:.string:lineAddress$1)
                  000029c9    00000004     lcd.obj (.const:.string:lineAddresses$2)

.cinit     0    000029d0    00000040     
                  000029d0    0000000c     (__TI_handler_table)
                  000029dc    0000000b     (.cinit..data.load) [load image, compression = lzss]
                  000029e7    00000001     --HOLE-- [fill = 0]
                  000029e8    00000008     (.cinit..bss.load) [load image, compression = zero_init]
                  000029f0    00000008     (.cinit..vtable.load) [load image, compression = zero_init]
                  000029f8    00000018     (__TI_cinit_table)

.init_array 
*          0    00000000    00000000     UNINITIALIZED

.vtable    0    20000000    0000026c     UNINITIALIZED
                  20000000    0000026c     driverlib.lib : interrupt.obj (.vtable)

.bss       0    20001270    00000058     UNINITIALIZED
                  20001270    00000054     lcd.obj (.bss:lastbuffer$3)
                  200012c4    00000004     (.common:_timeout_ticks)

.data      0    200012c8    0000000d     UNINITIALIZED
                  200012c8    00000008     uart-interrupt.obj (.data)
                  200012d0    00000004     rtsv7M4_T_le_v4SPD16_eabi.lib : errno.c.obj (.data)
                  200012d4    00000001     Timer.obj (.data)

.stack     0    20000270    00001000     UNINITIALIZED
                  20000270    00000004     rtsv7M4_T_le_v4SPD16_eabi.lib : boot_cortex_m.c.obj (.stack)
                  20000274    00000ffc     --HOLE--

__llvm_prf_cnts 
*          0    20000000    00000000     UNINITIALIZED

MODULE SUMMARY

       Module                         code   ro data   rw data
       ------                         ----   -------   -------
    .\
       lcd.obj                        824    8         84     
       tm4c123gh6pm_startup_ccs.obj   12     620       0      
       Timer.obj                      584    0         5      
       uart-interrupt.obj             424    0         8      
       lab6-interrupt_template.obj    108    0         0      
    +--+------------------------------+------+---------+---------+
       Total:                         1952   628       97     
                                                              
    C:/ti/TivaWare_C_Series-2.2.0.295/driverlib/ccs/Debug/driverlib.lib
       interrupt.obj                  68     0         620    
       cpu.obj                        12     0         0      
    +--+------------------------------+------+---------+---------+
       Total:                         80     0         620    
                                                              
    C:\ti\ccs1271\ccs\tools\compiler\ti-cgt-arm_20.2.7.LTS\lib\rtsv7M4_T_le_v4SPD16_eabi.lib
       _printfi.c.obj                 4851   0         0      
       fd_add_t2.asm.obj              438    0         0      
       fd_div_t2.asm.obj              310    0         0      
       s_scalbn.c.obj                 272    0         0      
       fd_cmp_t2.asm.obj              268    0         0      
       ctype.c.obj                    0      257       0      
       fd_mul_t2.asm.obj              252    0         0      
       memcpy_t2.asm.obj              156    0         0      
       ull_div_t2.asm.obj             150    0         0      
       vsnprintf.c.obj                136    0         0      
       memset_t2.asm.obj              122    0         0      
       copy_decompress_lzss.c.obj     104    0         0      
       s_frexp.c.obj                  100    0         0      
       _ltoa.c.obj                    84     0         0      
       atoi.c.obj                     76     0         0      
       fd_toi_t2.asm.obj              72     0         0      
       autoinit.c.obj                 68     0         0      
       boot_cortex_m.c.obj            52     0         0      
       i_tofd_t2.asm.obj              46     0         0      
       copy_zero_init.c.obj           28     0         0      
       memccpy.c.obj                  28     0         0      
       s_copysign.c.obj               26     0         0      
       strcmp.c.obj                   24     0         0      
       strchr.c.obj                   22     0         0      
       strcpy.c.obj                   20     0         0      
       strlen.c.obj                   20     0         0      
       wcslen.c.obj                   18     0         0      
       copy_decompress_none.c.obj     14     0         0      
       errno.c.obj                    8      0         4      
       exit.c.obj                     4      0         0      
       pre_init.c.obj                 4      0         0      
       div0.asm.obj                   2      0         0      
    +--+------------------------------+------+---------+---------+
       Total:                         7775   257       4      
                                                              
       Stack:                         0      0         4096   
       Linker Generated:              0      63        0      
    +--+------------------------------+------+---------+---------+
       Grand Total:                   9807   948       4817   


LINKER GENERATED COPY TABLES

__TI_cinit_table @ 000029f8 records: 3, size/record: 8, table size: 24
	.data: load addr=000029dc, load size=0000000b bytes, run addr=200012c8, run size=0000000d bytes, compression=lzss
	.bss: load addr=000029e8, load size=00000008 bytes, run addr=20001270, run size=00000058 bytes, compression=zero_init
	.vtable: load addr=000029f0, load size=00000008 bytes, run addr=20000000, run size=0000026c bytes, compression=zero_init


LINKER GENERATED HANDLER TABLE

__TI_handler_table @ 000029d0 records: 3, size/record: 4, table size: 12
	index: 0, handler: __TI_zero_init
	index: 1, handler: __TI_decompress_lzss
	index: 2, handler: __TI_decompress_none


GLOBAL SYMBOLS: SORTED ALPHABETICALLY BY Name 

address   name                          
-------   ----                          
000028c1  C$$EXIT                       
0000289b  CPUcpsie                      
0000286d  IntMasterEnable               
000026d5  IntRegister                   
000028a7  ResetISR                      
00001923  UART1_Handler                 
20001270  __STACK_END                   
00001000  __STACK_SIZE                  
20000470  __STACK_TOP                   
000029f8  __TI_CINIT_Base               
00002a10  __TI_CINIT_Limit              
000029d0  __TI_Handler_Table_Base       
000029dc  __TI_Handler_Table_Limit      
00002611  __TI_auto_init_nobinit_nopinit
000023b5  __TI_decompress_lzss          
0000288d  __TI_decompress_none          
000024d7  __TI_ltoa                     
ffffffff  __TI_pprof_out_hndl           
0000026d  __TI_printfi                  
ffffffff  __TI_prof_data_size           
ffffffff  __TI_prof_data_start          
00000000  __TI_static_base__            
0000279b  __TI_zero_init_nomemset       
00002155  __aeabi_cdcmpeq               
00002155  __aeabi_cdcmple               
000021db  __aeabi_cdrcmple              
000025c9  __aeabi_d2iz                  
00001677  __aeabi_dadd                  
00001b09  __aeabi_ddiv                  
00001e75  __aeabi_dmul                  
0000166d  __aeabi_dsub                  
000028b5  __aeabi_errno_addr            
0000276d  __aeabi_i2d                   
00000cbb  __aeabi_idiv0                 
00000cbb  __aeabi_ldiv0                 
00002261  __aeabi_memclr                
00002261  __aeabi_memclr4               
00002261  __aeabi_memclr8               
00002023  __aeabi_memcpy                
00002023  __aeabi_memcpy4               
00002023  __aeabi_memcpy8               
00002263  __aeabi_memset                
00002263  __aeabi_memset4               
00002263  __aeabi_memset8               
000020bf  __aeabi_uldivmod              
ffffffff  __binit__                     
ffffffff  __c_args__                    
UNDEFED   __mpu_init                    
20000270  __stack                       
20000000  __start___llvm_prf_cnts       
20000000  __stop___llvm_prf_cnts        
00002709  _c_int00_noargs               
000028c4  _ctypes_                      
200012d4  _running                      
UNDEFED   _system_post_cinit            
000028bd  _system_pre_init              
200012c4  _timeout_ticks                
000028c1  abort                         
0000257d  atoi                          
ffffffff  binit                         
200012c8  command_byte                  
200012cc  command_flag                  
000027d3  copysign                      
000027d3  copysignl                     
200012d0  errno                         
0000241d  frexp                         
0000241d  frexpl                        
20000000  g_pfnRAMVectors               
00000000  g_pfnVectors                  
0000287d  lcd_clear                     
00000e91  lcd_gotoLine                  
00000cf9  lcd_init                      
00000ef7  lcd_printf                    
00000db9  lcd_putc                      
00000df1  lcd_puts                      
00000cbd  lcd_reverseNibble             
00000e0f  lcd_sendCommand               
00000e4d  lcd_sendNibble                
00000eb9  lcd_setCursorPos              
00001d65  ldexp                         
00001d65  ldexpl                        
00002349  main                          
000027b7  memccpy                       
00002023  memcpy                        
00002269  memset                        
00001d65  scalbn                        
00001d65  scalbnl                       
0000281d  strchr                        
00002805  strcmp                        
00002833  strcpy                        
00002847  strlen                        
00001373  timer_getMicros               
0000131b  timer_getMillis               
00001255  timer_init                    
000012f7  timer_pause                   
00001309  timer_resume                  
000012cd  timer_stop                    
000013cd  timer_waitMicros              
000013ff  timer_waitMillis              
00001825  uart_interrupt_init           
000018e9  uart_sendChar                 
00001905  uart_sendStr                  
00002655  vsnprintf                     
0000285b  wcslen                        


GLOBAL SYMBOLS: SORTED BY Symbol Address 

address   name                          
-------   ----                          
00000000  __TI_static_base__            
00000000  g_pfnVectors                  
0000026d  __TI_printfi                  
00000cbb  __aeabi_idiv0                 
00000cbb  __aeabi_ldiv0                 
00000cbd  lcd_reverseNibble             
00000cf9  lcd_init                      
00000db9  lcd_putc                      
00000df1  lcd_puts                      
00000e0f  lcd_sendCommand               
00000e4d  lcd_sendNibble                
00000e91  lcd_gotoLine                  
00000eb9  lcd_setCursorPos              
00000ef7  lcd_printf                    
00001000  __STACK_SIZE                  
00001255  timer_init                    
000012cd  timer_stop                    
000012f7  timer_pause                   
00001309  timer_resume                  
0000131b  timer_getMillis               
00001373  timer_getMicros               
000013cd  timer_waitMicros              
000013ff  timer_waitMillis              
0000166d  __aeabi_dsub                  
00001677  __aeabi_dadd                  
00001825  uart_interrupt_init           
000018e9  uart_sendChar                 
00001905  uart_sendStr                  
00001923  UART1_Handler                 
00001b09  __aeabi_ddiv                  
00001d65  ldexp                         
00001d65  ldexpl                        
00001d65  scalbn                        
00001d65  scalbnl                       
00001e75  __aeabi_dmul                  
00002023  __aeabi_memcpy                
00002023  __aeabi_memcpy4               
00002023  __aeabi_memcpy8               
00002023  memcpy                        
000020bf  __aeabi_uldivmod              
00002155  __aeabi_cdcmpeq               
00002155  __aeabi_cdcmple               
000021db  __aeabi_cdrcmple              
00002261  __aeabi_memclr                
00002261  __aeabi_memclr4               
00002261  __aeabi_memclr8               
00002263  __aeabi_memset                
00002263  __aeabi_memset4               
00002263  __aeabi_memset8               
00002269  memset                        
00002349  main                          
000023b5  __TI_decompress_lzss          
0000241d  frexp                         
0000241d  frexpl                        
000024d7  __TI_ltoa                     
0000257d  atoi                          
000025c9  __aeabi_d2iz                  
00002611  __TI_auto_init_nobinit_nopinit
00002655  vsnprintf                     
000026d5  IntRegister                   
00002709  _c_int00_noargs               
0000276d  __aeabi_i2d                   
0000279b  __TI_zero_init_nomemset       
000027b7  memccpy                       
000027d3  copysign                      
000027d3  copysignl                     
00002805  strcmp                        
0000281d  strchr                        
00002833  strcpy                        
00002847  strlen                        
0000285b  wcslen                        
0000286d  IntMasterEnable               
0000287d  lcd_clear                     
0000288d  __TI_decompress_none          
0000289b  CPUcpsie                      
000028a7  ResetISR                      
000028b5  __aeabi_errno_addr            
000028bd  _system_pre_init              
000028c1  C$$EXIT                       
000028c1  abort                         
000028c4  _ctypes_                      
000029d0  __TI_Handler_Table_Base       
000029dc  __TI_Handler_Table_Limit      
000029f8  __TI_CINIT_Base               
00002a10  __TI_CINIT_Limit              
20000000  __start___llvm_prf_cnts       
20000000  __stop___llvm_prf_cnts        
20000000  g_pfnRAMVectors               
20000270  __stack                       
20000470  __STACK_TOP                   
20001270  __STACK_END                   
200012c4  _timeout_ticks                
200012c8  command_byte                  
200012cc  command_flag                  
200012d0  errno                         
200012d4  _running                      
ffffffff  __TI_pprof_out_hndl           
ffffffff  __TI_prof_data_size           
ffffffff  __TI_prof_data_start          
ffffffff  __binit__                     
ffffffff  __c_args__                    
ffffffff  binit                         
UNDEFED   __mpu_init                    
UNDEFED   _system_post_cinit            

[104 symbols]
